Archive member included to satisfy reference by file (symbol)

/Applications/Eclipse.app/Contents/Eclipse/plugins/fr.ac6.mcu.externaltools.arm-none.macos64_1.16.0.201807130628/tools/compiler/bin/../lib/gcc/arm-none-eabi/7.2.1/thumb/v7e-m/fpv4-sp/hard/libgcc.a(_aeabi_uldivmod.o)
                              Drivers/STM32F4xx_HAL_Driver/Src/stm32f4xx_hal_rcc.o (__aeabi_uldivmod)
/Applications/Eclipse.app/Contents/Eclipse/plugins/fr.ac6.mcu.externaltools.arm-none.macos64_1.16.0.201807130628/tools/compiler/bin/../lib/gcc/arm-none-eabi/7.2.1/thumb/v7e-m/fpv4-sp/hard/libgcc.a(_udivmoddi4.o)
                              /Applications/Eclipse.app/Contents/Eclipse/plugins/fr.ac6.mcu.externaltools.arm-none.macos64_1.16.0.201807130628/tools/compiler/bin/../lib/gcc/arm-none-eabi/7.2.1/thumb/v7e-m/fpv4-sp/hard/libgcc.a(_aeabi_uldivmod.o) (__udivmoddi4)
/Applications/Eclipse.app/Contents/Eclipse/plugins/fr.ac6.mcu.externaltools.arm-none.macos64_1.16.0.201807130628/tools/compiler/bin/../lib/gcc/arm-none-eabi/7.2.1/thumb/v7e-m/fpv4-sp/hard/libgcc.a(_dvmd_tls.o)
                              /Applications/Eclipse.app/Contents/Eclipse/plugins/fr.ac6.mcu.externaltools.arm-none.macos64_1.16.0.201807130628/tools/compiler/bin/../lib/gcc/arm-none-eabi/7.2.1/thumb/v7e-m/fpv4-sp/hard/libgcc.a(_aeabi_uldivmod.o) (__aeabi_ldiv0)
/Applications/Eclipse.app/Contents/Eclipse/plugins/fr.ac6.mcu.externaltools.arm-none.macos64_1.16.0.201807130628/tools/compiler/bin/../lib/gcc/arm-none-eabi/7.2.1/../../../../arm-none-eabi/lib/thumb/v7e-m/fpv4-sp/hard/libc_nano.a(lib_a-exit.o)
                              /Applications/Eclipse.app/Contents/Eclipse/plugins/fr.ac6.mcu.externaltools.arm-none.macos64_1.16.0.201807130628/tools/compiler/bin/../lib/gcc/arm-none-eabi/7.2.1/../../../../arm-none-eabi/lib/thumb/v7e-m/fpv4-sp/hard/crt0.o (exit)
/Applications/Eclipse.app/Contents/Eclipse/plugins/fr.ac6.mcu.externaltools.arm-none.macos64_1.16.0.201807130628/tools/compiler/bin/../lib/gcc/arm-none-eabi/7.2.1/../../../../arm-none-eabi/lib/thumb/v7e-m/fpv4-sp/hard/libc_nano.a(lib_a-impure.o)
                              /Applications/Eclipse.app/Contents/Eclipse/plugins/fr.ac6.mcu.externaltools.arm-none.macos64_1.16.0.201807130628/tools/compiler/bin/../lib/gcc/arm-none-eabi/7.2.1/../../../../arm-none-eabi/lib/thumb/v7e-m/fpv4-sp/hard/libc_nano.a(lib_a-exit.o) (_global_impure_ptr)
/Applications/Eclipse.app/Contents/Eclipse/plugins/fr.ac6.mcu.externaltools.arm-none.macos64_1.16.0.201807130628/tools/compiler/bin/../lib/gcc/arm-none-eabi/7.2.1/../../../../arm-none-eabi/lib/thumb/v7e-m/fpv4-sp/hard/libc_nano.a(lib_a-init.o)
                              /Applications/Eclipse.app/Contents/Eclipse/plugins/fr.ac6.mcu.externaltools.arm-none.macos64_1.16.0.201807130628/tools/compiler/bin/../lib/gcc/arm-none-eabi/7.2.1/../../../../arm-none-eabi/lib/thumb/v7e-m/fpv4-sp/hard/crt0.o (__libc_init_array)
/Applications/Eclipse.app/Contents/Eclipse/plugins/fr.ac6.mcu.externaltools.arm-none.macos64_1.16.0.201807130628/tools/compiler/bin/../lib/gcc/arm-none-eabi/7.2.1/../../../../arm-none-eabi/lib/thumb/v7e-m/fpv4-sp/hard/libc_nano.a(lib_a-memset.o)
                              /Applications/Eclipse.app/Contents/Eclipse/plugins/fr.ac6.mcu.externaltools.arm-none.macos64_1.16.0.201807130628/tools/compiler/bin/../lib/gcc/arm-none-eabi/7.2.1/../../../../arm-none-eabi/lib/thumb/v7e-m/fpv4-sp/hard/crt0.o (memset)
/Applications/Eclipse.app/Contents/Eclipse/plugins/fr.ac6.mcu.externaltools.arm-none.macos64_1.16.0.201807130628/tools/compiler/bin/../lib/gcc/arm-none-eabi/7.2.1/../../../../arm-none-eabi/lib/thumb/v7e-m/fpv4-sp/hard/libnosys.a(_exit.o)
                              /Applications/Eclipse.app/Contents/Eclipse/plugins/fr.ac6.mcu.externaltools.arm-none.macos64_1.16.0.201807130628/tools/compiler/bin/../lib/gcc/arm-none-eabi/7.2.1/../../../../arm-none-eabi/lib/thumb/v7e-m/fpv4-sp/hard/libc_nano.a(lib_a-exit.o) (_exit)

Allocating common symbols
Common symbol       size              file

hdma_sdio_rx        0x60              Src/sdio.o
retSD               0x1               Src/fatfs.o
myFile              0x1030            Src/sdio.o
bytesWritten        0x4               Src/sdio.o
bytesRead           0x4               Src/sdio.o
myFATFS             0x1034            Src/sdio.o
uwTick              0x4               Drivers/STM32F4xx_HAL_Driver/Src/stm32f4xx_hal.o
pFlash              0x20              Drivers/STM32F4xx_HAL_Driver/Src/stm32f4xx_hal_flash.o
hdac                0x14              Src/dac.o
SDPath              0x4               Src/fatfs.o
hdma_sdio_tx        0x60              Src/sdio.o
htim6               0x3c              Src/stm32f4xx_hal_timebase_TIM.o
hsd                 0x84              Src/sdio.o
SDFile              0x1030            Src/fatfs.o
hsdram1             0x34              Src/fmc.o
htim7               0x3c              Src/tim.o
SDFatFS             0x1034            Src/fatfs.o

Discarded input sections

[...]
Memory Configuration

Name             Origin             Length             Attributes
RAM              0x0000000020000000 0x0000000000030000 xrw
CCMRAM           0x0000000010000000 0x0000000000010000 rw
FLASH            0x0000000008000000 0x0000000000200000 xr
*default*        0x0000000000000000 0xffffffffffffffff

Linker script and memory map

LOAD /Applications/Eclipse.app/Contents/Eclipse/plugins/fr.ac6.mcu.externaltools.arm-none.macos64_1.16.0.201807130628/tools/compiler/bin/../lib/gcc/arm-none-eabi/7.2.1/thumb/v7e-m/fpv4-sp/hard/crti.o
LOAD /Applications/Eclipse.app/Contents/Eclipse/plugins/fr.ac6.mcu.externaltools.arm-none.macos64_1.16.0.201807130628/tools/compiler/bin/../lib/gcc/arm-none-eabi/7.2.1/thumb/v7e-m/fpv4-sp/hard/crtbegin.o
LOAD /Applications/Eclipse.app/Contents/Eclipse/plugins/fr.ac6.mcu.externaltools.arm-none.macos64_1.16.0.201807130628/tools/compiler/bin/../lib/gcc/arm-none-eabi/7.2.1/../../../../arm-none-eabi/lib/thumb/v7e-m/fpv4-sp/hard/crt0.o
LOAD Drivers/STM32F4xx_HAL_Driver/Src/stm32f4xx_hal.o
LOAD Drivers/STM32F4xx_HAL_Driver/Src/stm32f4xx_hal_cortex.o
LOAD Drivers/STM32F4xx_HAL_Driver/Src/stm32f4xx_hal_dac.o
LOAD Drivers/STM32F4xx_HAL_Driver/Src/stm32f4xx_hal_dac_ex.o
LOAD Drivers/STM32F4xx_HAL_Driver/Src/stm32f4xx_hal_dma.o
LOAD Drivers/STM32F4xx_HAL_Driver/Src/stm32f4xx_hal_dma_ex.o
LOAD Drivers/STM32F4xx_HAL_Driver/Src/stm32f4xx_hal_flash.o
LOAD Drivers/STM32F4xx_HAL_Driver/Src/stm32f4xx_hal_flash_ex.o
LOAD Drivers/STM32F4xx_HAL_Driver/Src/stm32f4xx_hal_flash_ramfunc.o
LOAD Drivers/STM32F4xx_HAL_Driver/Src/stm32f4xx_hal_gpio.o
LOAD Drivers/STM32F4xx_HAL_Driver/Src/stm32f4xx_hal_pwr.o
LOAD Drivers/STM32F4xx_HAL_Driver/Src/stm32f4xx_hal_pwr_ex.o
LOAD Drivers/STM32F4xx_HAL_Driver/Src/stm32f4xx_hal_rcc.o
LOAD Drivers/STM32F4xx_HAL_Driver/Src/stm32f4xx_hal_rcc_ex.o
LOAD Drivers/STM32F4xx_HAL_Driver/Src/stm32f4xx_hal_sd.o
LOAD Drivers/STM32F4xx_HAL_Driver/Src/stm32f4xx_hal_sdram.o
LOAD Drivers/STM32F4xx_HAL_Driver/Src/stm32f4xx_hal_tim.o
LOAD Drivers/STM32F4xx_HAL_Driver/Src/stm32f4xx_hal_tim_ex.o
LOAD Drivers/STM32F4xx_HAL_Driver/Src/stm32f4xx_ll_crc.o
LOAD Drivers/STM32F4xx_HAL_Driver/Src/stm32f4xx_ll_dma.o
LOAD Drivers/STM32F4xx_HAL_Driver/Src/stm32f4xx_ll_exti.o
LOAD Drivers/STM32F4xx_HAL_Driver/Src/stm32f4xx_ll_fmc.o
LOAD Drivers/STM32F4xx_HAL_Driver/Src/stm32f4xx_ll_gpio.o
LOAD Drivers/STM32F4xx_HAL_Driver/Src/stm32f4xx_ll_rcc.o
LOAD Drivers/STM32F4xx_HAL_Driver/Src/stm32f4xx_ll_sdmmc.o
LOAD Drivers/STM32F4xx_HAL_Driver/Src/stm32f4xx_ll_tim.o
LOAD Drivers/STM32F4xx_HAL_Driver/Src/stm32f4xx_ll_utils.o
LOAD Middlewares/Third_Party/FatFs/src/diskio.o
LOAD Middlewares/Third_Party/FatFs/src/ff.o
LOAD Middlewares/Third_Party/FatFs/src/ff_gen_drv.o
LOAD Middlewares/Third_Party/FatFs/src/option/syscall.o
LOAD Src/bsp_driver_sd.o
LOAD Src/crc.o
LOAD Src/dac.o
LOAD Src/dma.o
LOAD Src/fatfs.o
LOAD Src/fmc.o
LOAD Src/gpio.o
LOAD Src/main.o
LOAD Src/sd_diskio.o
LOAD Src/sdio.o
LOAD Src/stm32f4xx_hal_msp.o
LOAD Src/stm32f4xx_hal_timebase_TIM.o
LOAD Src/stm32f4xx_it.o
LOAD Src/system_stm32f4xx.o
LOAD Src/tim.o
LOAD startup/startup_stm32f429xx.o
LOAD /Applications/Eclipse.app/Contents/Eclipse/plugins/fr.ac6.mcu.externaltools.arm-none.macos64_1.16.0.201807130628/tools/compiler/bin/../lib/gcc/arm-none-eabi/7.2.1/../../../../arm-none-eabi/lib/thumb/v7e-m/fpv4-sp/hard/libm.a
START GROUP
LOAD /Applications/Eclipse.app/Contents/Eclipse/plugins/fr.ac6.mcu.externaltools.arm-none.macos64_1.16.0.201807130628/tools/compiler/bin/../lib/gcc/arm-none-eabi/7.2.1/thumb/v7e-m/fpv4-sp/hard/libgcc.a
LOAD /Applications/Eclipse.app/Contents/Eclipse/plugins/fr.ac6.mcu.externaltools.arm-none.macos64_1.16.0.201807130628/tools/compiler/bin/../lib/gcc/arm-none-eabi/7.2.1/../../../../arm-none-eabi/lib/thumb/v7e-m/fpv4-sp/hard/libc_nano.a
END GROUP
START GROUP
LOAD /Applications/Eclipse.app/Contents/Eclipse/plugins/fr.ac6.mcu.externaltools.arm-none.macos64_1.16.0.201807130628/tools/compiler/bin/../lib/gcc/arm-none-eabi/7.2.1/thumb/v7e-m/fpv4-sp/hard/libgcc.a
LOAD /Applications/Eclipse.app/Contents/Eclipse/plugins/fr.ac6.mcu.externaltools.arm-none.macos64_1.16.0.201807130628/tools/compiler/bin/../lib/gcc/arm-none-eabi/7.2.1/../../../../arm-none-eabi/lib/thumb/v7e-m/fpv4-sp/hard/libc_nano.a
LOAD /Applications/Eclipse.app/Contents/Eclipse/plugins/fr.ac6.mcu.externaltools.arm-none.macos64_1.16.0.201807130628/tools/compiler/bin/../lib/gcc/arm-none-eabi/7.2.1/../../../../arm-none-eabi/lib/thumb/v7e-m/fpv4-sp/hard/libnosys.a
END GROUP
START GROUP
LOAD /Applications/Eclipse.app/Contents/Eclipse/plugins/fr.ac6.mcu.externaltools.arm-none.macos64_1.16.0.201807130628/tools/compiler/bin/../lib/gcc/arm-none-eabi/7.2.1/thumb/v7e-m/fpv4-sp/hard/libgcc.a
LOAD /Applications/Eclipse.app/Contents/Eclipse/plugins/fr.ac6.mcu.externaltools.arm-none.macos64_1.16.0.201807130628/tools/compiler/bin/../lib/gcc/arm-none-eabi/7.2.1/../../../../arm-none-eabi/lib/thumb/v7e-m/fpv4-sp/hard/libc_nano.a
LOAD /Applications/Eclipse.app/Contents/Eclipse/plugins/fr.ac6.mcu.externaltools.arm-none.macos64_1.16.0.201807130628/tools/compiler/bin/../lib/gcc/arm-none-eabi/7.2.1/../../../../arm-none-eabi/lib/thumb/v7e-m/fpv4-sp/hard/libnosys.a
END GROUP
LOAD /Applications/Eclipse.app/Contents/Eclipse/plugins/fr.ac6.mcu.externaltools.arm-none.macos64_1.16.0.201807130628/tools/compiler/bin/../lib/gcc/arm-none-eabi/7.2.1/thumb/v7e-m/fpv4-sp/hard/crtend.o
LOAD /Applications/Eclipse.app/Contents/Eclipse/plugins/fr.ac6.mcu.externaltools.arm-none.macos64_1.16.0.201807130628/tools/compiler/bin/../lib/gcc/arm-none-eabi/7.2.1/thumb/v7e-m/fpv4-sp/hard/crtn.o
                0x0000000020030000                _estack = 0x20030000
                0x0000000000002000                _Min_Heap_Size = 0x2000
                0x0000000000004000                _Min_Stack_Size = 0x4000

.isr_vector     0x0000000008000000      0x1ac
                0x0000000008000000                . = ALIGN (0x4)
 *(.isr_vector)
 .isr_vector    0x0000000008000000      0x1ac startup/startup_stm32f429xx.o
                0x0000000008000000                g_pfnVectors
                0x00000000080001ac                . = ALIGN (0x4)

.text           0x00000000080001ac     0x4f40
                0x00000000080001ac                . = ALIGN (0x4)
 *(.text)
 .text          0x00000000080001ac       0x40 /Applications/Eclipse.app/Contents/Eclipse/plugins/fr.ac6.mcu.externaltools.arm-none.macos64_1.16.0.201807130628/tools/compiler/bin/../lib/gcc/arm-none-eabi/7.2.1/thumb/v7e-m/fpv4-sp/hard/crtbegin.o
 *(.text*)
 .text.HAL_Init
                0x00000000080001ec       0x34 Drivers/STM32F4xx_HAL_Driver/Src/stm32f4xx_hal.o
                0x00000000080001ec                HAL_Init
 .text.HAL_IncTick
                0x0000000008000220       0x18 Drivers/STM32F4xx_HAL_Driver/Src/stm32f4xx_hal.o
                0x0000000008000220                HAL_IncTick
 .text.HAL_GetTick
                0x0000000008000238        0xc Drivers/STM32F4xx_HAL_Driver/Src/stm32f4xx_hal.o
                0x0000000008000238                HAL_GetTick
 .text.HAL_Delay
                0x0000000008000244       0x28 Drivers/STM32F4xx_HAL_Driver/Src/stm32f4xx_hal.o
                0x0000000008000244                HAL_Delay
 .text.HAL_NVIC_SetPriorityGrouping
                0x000000000800026c       0x24 Drivers/STM32F4xx_HAL_Driver/Src/stm32f4xx_hal_cortex.o
                0x000000000800026c                HAL_NVIC_SetPriorityGrouping
 .text.HAL_NVIC_SetPriority
                0x0000000008000290       0x68 Drivers/STM32F4xx_HAL_Driver/Src/stm32f4xx_hal_cortex.o
                0x0000000008000290                HAL_NVIC_SetPriority
 .text.HAL_NVIC_EnableIRQ
                0x00000000080002f8       0x18 Drivers/STM32F4xx_HAL_Driver/Src/stm32f4xx_hal_cortex.o
                0x00000000080002f8                HAL_NVIC_EnableIRQ
 .text.HAL_SYSTICK_Callback
                0x0000000008000310        0x2 Drivers/STM32F4xx_HAL_Driver/Src/stm32f4xx_hal_cortex.o
                0x0000000008000310                HAL_SYSTICK_Callback
 .text.HAL_SYSTICK_IRQHandler
                0x0000000008000312        0x8 Drivers/STM32F4xx_HAL_Driver/Src/stm32f4xx_hal_cortex.o
                0x0000000008000312                HAL_SYSTICK_IRQHandler
 .text.HAL_DAC_Init
                0x000000000800031a       0x24 Drivers/STM32F4xx_HAL_Driver/Src/stm32f4xx_hal_dac.o
                0x000000000800031a                HAL_DAC_Init
 .text.HAL_DAC_DMAUnderrunCallbackCh1
                0x000000000800033e        0x2 Drivers/STM32F4xx_HAL_Driver/Src/stm32f4xx_hal_dac.o
                0x000000000800033e                HAL_DAC_DMAUnderrunCallbackCh1
 .text.HAL_DAC_IRQHandler
                0x0000000008000340       0x60 Drivers/STM32F4xx_HAL_Driver/Src/stm32f4xx_hal_dac.o
                0x0000000008000340                HAL_DAC_IRQHandler
 .text.HAL_DAC_ConfigChannel
                0x00000000080003a0       0x4a Drivers/STM32F4xx_HAL_Driver/Src/stm32f4xx_hal_dac.o
                0x00000000080003a0                HAL_DAC_ConfigChannel
 .text.HAL_DACEx_DMAUnderrunCallbackCh2
                0x00000000080003ea        0x2 Drivers/STM32F4xx_HAL_Driver/Src/stm32f4xx_hal_dac_ex.o
                0x00000000080003ea                HAL_DACEx_DMAUnderrunCallbackCh2
 .text.DMA_SetConfig
                0x00000000080003ec       0x2c Drivers/STM32F4xx_HAL_Driver/Src/stm32f4xx_hal_dma.o
 .text.DMA_CalcBaseAndBitshift
                0x0000000008000418       0x3c Drivers/STM32F4xx_HAL_Driver/Src/stm32f4xx_hal_dma.o
 .text.DMA_CheckFifoParam
                0x0000000008000454       0x8e Drivers/STM32F4xx_HAL_Driver/Src/stm32f4xx_hal_dma.o
 *fill*         0x00000000080004e2        0x2 
 .text.HAL_DMA_Init
                0x00000000080004e4       0xcc Drivers/STM32F4xx_HAL_Driver/Src/stm32f4xx_hal_dma.o
                0x00000000080004e4                HAL_DMA_Init
 .text.HAL_DMA_Start_IT
                0x00000000080005b0       0x74 Drivers/STM32F4xx_HAL_Driver/Src/stm32f4xx_hal_dma.o
                0x00000000080005b0                HAL_DMA_Start_IT
 .text.HAL_DMA_Abort_IT
                0x0000000008000624       0x26 Drivers/STM32F4xx_HAL_Driver/Src/stm32f4xx_hal_dma.o
                0x0000000008000624                HAL_DMA_Abort_IT
 *fill*         0x000000000800064a        0x2 
 .text.HAL_DMA_IRQHandler
                0x000000000800064c      0x1dc Drivers/STM32F4xx_HAL_Driver/Src/stm32f4xx_hal_dma.o
                0x000000000800064c                HAL_DMA_IRQHandler
 .text.HAL_GPIO_Init
                0x0000000008000828      0x1e0 Drivers/STM32F4xx_HAL_Driver/Src/stm32f4xx_hal_gpio.o
                0x0000000008000828                HAL_GPIO_Init
 .text.HAL_RCC_GetHCLKFreq
                0x0000000008000a08        0xc Drivers/STM32F4xx_HAL_Driver/Src/stm32f4xx_hal_rcc.o
                0x0000000008000a08                HAL_RCC_GetHCLKFreq
 .text.HAL_RCC_GetPCLK1Freq
                0x0000000008000a14       0x20 Drivers/STM32F4xx_HAL_Driver/Src/stm32f4xx_hal_rcc.o
                0x0000000008000a14                HAL_RCC_GetPCLK1Freq
 .text.HAL_RCC_GetClockConfig
                0x0000000008000a34       0x3c Drivers/STM32F4xx_HAL_Driver/Src/stm32f4xx_hal_rcc.o
                0x0000000008000a34                HAL_RCC_GetClockConfig
 .text.SD_DMATransmitCplt
                0x0000000008000a70        0xe Drivers/STM32F4xx_HAL_Driver/Src/stm32f4xx_hal_sd.o
 .text.SD_PowerON
                0x0000000008000a7e       0xdc Drivers/STM32F4xx_HAL_Driver/Src/stm32f4xx_hal_sd.o
 .text.SD_Read_IT
                0x0000000008000b5a       0x24 Drivers/STM32F4xx_HAL_Driver/Src/stm32f4xx_hal_sd.o
 .text.SD_Write_IT
                0x0000000008000b7e       0x24 Drivers/STM32F4xx_HAL_Driver/Src/stm32f4xx_hal_sd.o
 .text.SD_SendStatus
                0x0000000008000ba2       0x2c Drivers/STM32F4xx_HAL_Driver/Src/stm32f4xx_hal_sd.o
 *fill*         0x0000000008000bce        0x2 
 .text.HAL_SD_ReadBlocks_DMA
                0x0000000008000bd0      0x110 Drivers/STM32F4xx_HAL_Driver/Src/stm32f4xx_hal_sd.o
                0x0000000008000bd0                HAL_SD_ReadBlocks_DMA
 .text.HAL_SD_WriteBlocks_DMA
                0x0000000008000ce0      0x118 Drivers/STM32F4xx_HAL_Driver/Src/stm32f4xx_hal_sd.o
                0x0000000008000ce0                HAL_SD_WriteBlocks_DMA
 .text.HAL_SD_ErrorCallback
                0x0000000008000df8        0x2 Drivers/STM32F4xx_HAL_Driver/Src/stm32f4xx_hal_sd.o
                0x0000000008000df8                HAL_SD_ErrorCallback
 .text.SD_DMAReceiveCplt
                0x0000000008000dfa       0x44 Drivers/STM32F4xx_HAL_Driver/Src/stm32f4xx_hal_sd.o
 .text.HAL_SD_GetCardCSD
                0x0000000008000e3e      0x1e2 Drivers/STM32F4xx_HAL_Driver/Src/stm32f4xx_hal_sd.o
                0x0000000008000e3e                HAL_SD_GetCardCSD
 .text.SD_InitCard
                0x0000000008001020       0xf6 Drivers/STM32F4xx_HAL_Driver/Src/stm32f4xx_hal_sd.o
 *fill*         0x0000000008001116        0x2 
 .text.HAL_SD_InitCard
                0x0000000008001118       0x78 Drivers/STM32F4xx_HAL_Driver/Src/stm32f4xx_hal_sd.o
                0x0000000008001118                HAL_SD_InitCard
 .text.HAL_SD_Init
                0x0000000008001190       0x32 Drivers/STM32F4xx_HAL_Driver/Src/stm32f4xx_hal_sd.o
                0x0000000008001190                HAL_SD_Init
 .text.HAL_SD_GetCardInfo
                0x00000000080011c2       0x24 Drivers/STM32F4xx_HAL_Driver/Src/stm32f4xx_hal_sd.o
                0x00000000080011c2                HAL_SD_GetCardInfo
 .text.HAL_SD_GetCardState
                0x00000000080011e6       0x26 Drivers/STM32F4xx_HAL_Driver/Src/stm32f4xx_hal_sd.o
                0x00000000080011e6                HAL_SD_GetCardState
 .text.SD_DMAError
                0x000000000800120c       0x58 Drivers/STM32F4xx_HAL_Driver/Src/stm32f4xx_hal_sd.o
 .text.SD_DMATxAbort
                0x0000000008001264       0x4a Drivers/STM32F4xx_HAL_Driver/Src/stm32f4xx_hal_sd.o
 .text.SD_DMARxAbort
                0x00000000080012ae       0x4a Drivers/STM32F4xx_HAL_Driver/Src/stm32f4xx_hal_sd.o
 .text.HAL_SD_IRQHandler
                0x00000000080012f8      0x1dc Drivers/STM32F4xx_HAL_Driver/Src/stm32f4xx_hal_sd.o
                0x00000000080012f8                HAL_SD_IRQHandler
 .text.HAL_SDRAM_Init
                0x00000000080014d4       0x3e Drivers/STM32F4xx_HAL_Driver/Src/stm32f4xx_hal_sdram.o
                0x00000000080014d4                HAL_SDRAM_Init
 .text.HAL_SDRAM_SendCommand
                0x0000000008001512       0x3a Drivers/STM32F4xx_HAL_Driver/Src/stm32f4xx_hal_sdram.o
                0x0000000008001512                HAL_SDRAM_SendCommand
 .text.HAL_SDRAM_ProgramRefreshRate
                0x000000000800154c       0x28 Drivers/STM32F4xx_HAL_Driver/Src/stm32f4xx_hal_sdram.o
                0x000000000800154c                HAL_SDRAM_ProgramRefreshRate
 .text.HAL_TIM_Base_Start_IT
                0x0000000008001574       0x18 Drivers/STM32F4xx_HAL_Driver/Src/stm32f4xx_hal_tim.o
                0x0000000008001574                HAL_TIM_Base_Start_IT
 .text.HAL_TIM_OC_DelayElapsedCallback
                0x000000000800158c        0x2 Drivers/STM32F4xx_HAL_Driver/Src/stm32f4xx_hal_tim.o
                0x000000000800158c                HAL_TIM_OC_DelayElapsedCallback
 .text.HAL_TIM_IC_CaptureCallback
                0x000000000800158e        0x2 Drivers/STM32F4xx_HAL_Driver/Src/stm32f4xx_hal_tim.o
                0x000000000800158e                HAL_TIM_IC_CaptureCallback
 .text.HAL_TIM_PWM_PulseFinishedCallback
                0x0000000008001590        0x2 Drivers/STM32F4xx_HAL_Driver/Src/stm32f4xx_hal_tim.o
                0x0000000008001590                HAL_TIM_PWM_PulseFinishedCallback
 .text.HAL_TIM_TriggerCallback
                0x0000000008001592        0x2 Drivers/STM32F4xx_HAL_Driver/Src/stm32f4xx_hal_tim.o
                0x0000000008001592                HAL_TIM_TriggerCallback
 .text.HAL_TIM_IRQHandler
                0x0000000008001594      0x17a Drivers/STM32F4xx_HAL_Driver/Src/stm32f4xx_hal_tim.o
                0x0000000008001594                HAL_TIM_IRQHandler
 *fill*         0x000000000800170e        0x2 
 .text.TIM_Base_SetConfig
                0x0000000008001710       0xc0 Drivers/STM32F4xx_HAL_Driver/Src/stm32f4xx_hal_tim.o
                0x0000000008001710                TIM_Base_SetConfig
 .text.HAL_TIM_Base_Init
                0x00000000080017d0       0x32 Drivers/STM32F4xx_HAL_Driver/Src/stm32f4xx_hal_tim.o
                0x00000000080017d0                HAL_TIM_Base_Init
 .text.HAL_TIMEx_MasterConfigSynchronization
                0x0000000008001802       0x52 Drivers/STM32F4xx_HAL_Driver/Src/stm32f4xx_hal_tim_ex.o
                0x0000000008001802                HAL_TIMEx_MasterConfigSynchronization
 .text.HAL_TIMEx_CommutationCallback
                0x0000000008001854        0x2 Drivers/STM32F4xx_HAL_Driver/Src/stm32f4xx_hal_tim_ex.o
                0x0000000008001854                HAL_TIMEx_CommutationCallback
 .text.HAL_TIMEx_BreakCallback
                0x0000000008001856        0x2 Drivers/STM32F4xx_HAL_Driver/Src/stm32f4xx_hal_tim_ex.o
                0x0000000008001856                HAL_TIMEx_BreakCallback
 .text.LL_EXTI_Init
                0x0000000008001858       0xdc Drivers/STM32F4xx_HAL_Driver/Src/stm32f4xx_ll_exti.o
                0x0000000008001858                LL_EXTI_Init
 .text.FMC_SDRAM_Init
                0x0000000008001934       0x78 Drivers/STM32F4xx_HAL_Driver/Src/stm32f4xx_ll_fmc.o
                0x0000000008001934                FMC_SDRAM_Init
 .text.FMC_SDRAM_Timing_Init
                0x00000000080019ac       0x96 Drivers/STM32F4xx_HAL_Driver/Src/stm32f4xx_ll_fmc.o
                0x00000000080019ac                FMC_SDRAM_Timing_Init
 .text.FMC_SDRAM_SendCommand
                0x0000000008001a42       0x54 Drivers/STM32F4xx_HAL_Driver/Src/stm32f4xx_ll_fmc.o
                0x0000000008001a42                FMC_SDRAM_SendCommand
 .text.FMC_SDRAM_ProgramRefreshRate
                0x0000000008001a96        0xc Drivers/STM32F4xx_HAL_Driver/Src/stm32f4xx_ll_fmc.o
                0x0000000008001a96                FMC_SDRAM_ProgramRefreshRate
 .text.LL_GPIO_Init
                0x0000000008001aa2      0x132 Drivers/STM32F4xx_HAL_Driver/Src/stm32f4xx_ll_gpio.o
                0x0000000008001aa2                LL_GPIO_Init
 .text.SDMMC_GetCmdError
                0x0000000008001bd4       0x3c Drivers/STM32F4xx_HAL_Driver/Src/stm32f4xx_ll_sdmmc.o
 .text.SDMMC_GetCmdResp2
                0x0000000008001c10       0x5c Drivers/STM32F4xx_HAL_Driver/Src/stm32f4xx_ll_sdmmc.o
 .text.SDMMC_GetCmdResp3
                0x0000000008001c6c       0x4c Drivers/STM32F4xx_HAL_Driver/Src/stm32f4xx_ll_sdmmc.o
 .text.SDMMC_GetCmdResp7
                0x0000000008001cb8       0x54 Drivers/STM32F4xx_HAL_Driver/Src/stm32f4xx_ll_sdmmc.o
 .text.SDIO_Init
                0x0000000008001d0c       0x38 Drivers/STM32F4xx_HAL_Driver/Src/stm32f4xx_ll_sdmmc.o
                0x0000000008001d0c                SDIO_Init
 .text.SDIO_ReadFIFO
                0x0000000008001d44        0x6 Drivers/STM32F4xx_HAL_Driver/Src/stm32f4xx_ll_sdmmc.o
                0x0000000008001d44                SDIO_ReadFIFO
 .text.SDIO_WriteFIFO
                0x0000000008001d4a        0xa Drivers/STM32F4xx_HAL_Driver/Src/stm32f4xx_ll_sdmmc.o
                0x0000000008001d4a                SDIO_WriteFIFO
 .text.SDIO_PowerState_ON
                0x0000000008001d54        0x8 Drivers/STM32F4xx_HAL_Driver/Src/stm32f4xx_ll_sdmmc.o
                0x0000000008001d54                SDIO_PowerState_ON
 .text.SDIO_GetPowerState
                0x0000000008001d5c        0x8 Drivers/STM32F4xx_HAL_Driver/Src/stm32f4xx_ll_sdmmc.o
                0x0000000008001d5c                SDIO_GetPowerState
 .text.SDIO_SendCommand
                0x0000000008001d64       0x24 Drivers/STM32F4xx_HAL_Driver/Src/stm32f4xx_ll_sdmmc.o
                0x0000000008001d64                SDIO_SendCommand
 .text.SDIO_GetCommandResponse
                0x0000000008001d88        0x6 Drivers/STM32F4xx_HAL_Driver/Src/stm32f4xx_ll_sdmmc.o
                0x0000000008001d88                SDIO_GetCommandResponse
 .text.SDIO_GetResponse
                0x0000000008001d8e       0x14 Drivers/STM32F4xx_HAL_Driver/Src/stm32f4xx_ll_sdmmc.o
                0x0000000008001d8e                SDIO_GetResponse
 *fill*         0x0000000008001da2        0x2 
 .text.SDMMC_GetCmdResp1
                0x0000000008001da4      0x154 Drivers/STM32F4xx_HAL_Driver/Src/stm32f4xx_ll_sdmmc.o
 .text.SDMMC_GetCmdResp6
                0x0000000008001ef8       0xa0 Drivers/STM32F4xx_HAL_Driver/Src/stm32f4xx_ll_sdmmc.o
 .text.SDIO_ConfigData
                0x0000000008001f98       0x24 Drivers/STM32F4xx_HAL_Driver/Src/stm32f4xx_ll_sdmmc.o
                0x0000000008001f98                SDIO_ConfigData
 .text.SDMMC_CmdBlockLength
                0x0000000008001fbc       0x30 Drivers/STM32F4xx_HAL_Driver/Src/stm32f4xx_ll_sdmmc.o
                0x0000000008001fbc                SDMMC_CmdBlockLength
 .text.SDMMC_CmdReadSingleBlock
                0x0000000008001fec       0x30 Drivers/STM32F4xx_HAL_Driver/Src/stm32f4xx_ll_sdmmc.o
                0x0000000008001fec                SDMMC_CmdReadSingleBlock
 .text.SDMMC_CmdReadMultiBlock
                0x000000000800201c       0x30 Drivers/STM32F4xx_HAL_Driver/Src/stm32f4xx_ll_sdmmc.o
                0x000000000800201c                SDMMC_CmdReadMultiBlock
 .text.SDMMC_CmdWriteSingleBlock
                0x000000000800204c       0x30 Drivers/STM32F4xx_HAL_Driver/Src/stm32f4xx_ll_sdmmc.o
                0x000000000800204c                SDMMC_CmdWriteSingleBlock
 .text.SDMMC_CmdWriteMultiBlock
                0x000000000800207c       0x30 Drivers/STM32F4xx_HAL_Driver/Src/stm32f4xx_ll_sdmmc.o
                0x000000000800207c                SDMMC_CmdWriteMultiBlock
 .text.SDMMC_CmdStopTransfer
                0x00000000080020ac       0x34 Drivers/STM32F4xx_HAL_Driver/Src/stm32f4xx_ll_sdmmc.o
                0x00000000080020ac                SDMMC_CmdStopTransfer
 .text.SDMMC_CmdSelDesel
                0x00000000080020e0       0x30 Drivers/STM32F4xx_HAL_Driver/Src/stm32f4xx_ll_sdmmc.o
                0x00000000080020e0                SDMMC_CmdSelDesel
 .text.SDMMC_CmdGoIdleState
                0x0000000008002110       0x26 Drivers/STM32F4xx_HAL_Driver/Src/stm32f4xx_ll_sdmmc.o
                0x0000000008002110                SDMMC_CmdGoIdleState
 .text.SDMMC_CmdOperCond
                0x0000000008002136       0x2e Drivers/STM32F4xx_HAL_Driver/Src/stm32f4xx_ll_sdmmc.o
                0x0000000008002136                SDMMC_CmdOperCond
 .text.SDMMC_CmdAppCommand
                0x0000000008002164       0x30 Drivers/STM32F4xx_HAL_Driver/Src/stm32f4xx_ll_sdmmc.o
                0x0000000008002164                SDMMC_CmdAppCommand
 .text.SDMMC_CmdAppOperCommand
                0x0000000008002194       0x32 Drivers/STM32F4xx_HAL_Driver/Src/stm32f4xx_ll_sdmmc.o
                0x0000000008002194                SDMMC_CmdAppOperCommand
 .text.SDMMC_CmdSendCID
                0x00000000080021c6       0x2a Drivers/STM32F4xx_HAL_Driver/Src/stm32f4xx_ll_sdmmc.o
                0x00000000080021c6                SDMMC_CmdSendCID
 .text.SDMMC_CmdSendCSD
                0x00000000080021f0       0x2a Drivers/STM32F4xx_HAL_Driver/Src/stm32f4xx_ll_sdmmc.o
                0x00000000080021f0                SDMMC_CmdSendCSD
 .text.SDMMC_CmdSetRelAdd
                0x000000000800221a       0x30 Drivers/STM32F4xx_HAL_Driver/Src/stm32f4xx_ll_sdmmc.o
                0x000000000800221a                SDMMC_CmdSetRelAdd
 .text.SDMMC_CmdSendStatus
                0x000000000800224a       0x30 Drivers/STM32F4xx_HAL_Driver/Src/stm32f4xx_ll_sdmmc.o
                0x000000000800224a                SDMMC_CmdSendStatus
 *fill*         0x000000000800227a        0x2 
 .text.LL_TIM_Init
                0x000000000800227c       0xc8 Drivers/STM32F4xx_HAL_Driver/Src/stm32f4xx_ll_tim.o
                0x000000000800227c                LL_TIM_Init
 .text.LL_Init1msTick
                0x0000000008002344       0x20 Drivers/STM32F4xx_HAL_Driver/Src/stm32f4xx_ll_utils.o
                0x0000000008002344                LL_Init1msTick
 .text.LL_SetSystemCoreClock
                0x0000000008002364        0xc Drivers/STM32F4xx_HAL_Driver/Src/stm32f4xx_ll_utils.o
                0x0000000008002364                LL_SetSystemCoreClock
 .text.disk_status
                0x0000000008002370       0x18 Middlewares/Third_Party/FatFs/src/diskio.o
                0x0000000008002370                disk_status
 .text.disk_initialize
                0x0000000008002388       0x28 Middlewares/Third_Party/FatFs/src/diskio.o
                0x0000000008002388                disk_initialize
 .text.disk_read
                0x00000000080023b0       0x18 Middlewares/Third_Party/FatFs/src/diskio.o
                0x00000000080023b0                disk_read
 .text.disk_write
                0x00000000080023c8       0x18 Middlewares/Third_Party/FatFs/src/diskio.o
                0x00000000080023c8                disk_write
 .text.disk_ioctl
                0x00000000080023e0       0x18 Middlewares/Third_Party/FatFs/src/diskio.o
                0x00000000080023e0                disk_ioctl
 .text.ld_word  0x00000000080023f8        0xa Middlewares/Third_Party/FatFs/src/ff.o
 .text.ld_dword
                0x0000000008002402       0x16 Middlewares/Third_Party/FatFs/src/ff.o
 .text.st_word  0x0000000008002418        0x8 Middlewares/Third_Party/FatFs/src/ff.o
 .text.st_dword
                0x0000000008002420       0x14 Middlewares/Third_Party/FatFs/src/ff.o
 .text.mem_cpy  0x0000000008002434       0x12 Middlewares/Third_Party/FatFs/src/ff.o
 .text.mem_set  0x0000000008002446        0xa Middlewares/Third_Party/FatFs/src/ff.o
 .text.mem_cmp  0x0000000008002450       0x1e Middlewares/Third_Party/FatFs/src/ff.o
 .text.chk_chr  0x000000000800246e       0x10 Middlewares/Third_Party/FatFs/src/ff.o
 *fill*         0x000000000800247e        0x2 
 .text.chk_lock
                0x0000000008002480       0x74 Middlewares/Third_Party/FatFs/src/ff.o
 .text.enq_lock
                0x00000000080024f4       0x20 Middlewares/Third_Party/FatFs/src/ff.o
 .text.inc_lock
                0x0000000008002514       0xa4 Middlewares/Third_Party/FatFs/src/ff.o
 .text.dec_lock
                0x00000000080025b8       0x40 Middlewares/Third_Party/FatFs/src/ff.o
 .text.clear_lock
                0x00000000080025f8       0x3c Middlewares/Third_Party/FatFs/src/ff.o
 .text.clust2sect
                0x0000000008002634       0x18 Middlewares/Third_Party/FatFs/src/ff.o
 .text.clmt_clust
                0x000000000800264c       0x2c Middlewares/Third_Party/FatFs/src/ff.o
 .text.ld_clust
                0x0000000008002678       0x26 Middlewares/Third_Party/FatFs/src/ff.o
 .text.st_clust
                0x000000000800269e       0x26 Middlewares/Third_Party/FatFs/src/ff.o
 .text.create_name
                0x00000000080026c4       0xcc Middlewares/Third_Party/FatFs/src/ff.o
 .text.get_ldnumber
                0x0000000008002790       0x54 Middlewares/Third_Party/FatFs/src/ff.o
 .text.validate
                0x00000000080027e4       0x34 Middlewares/Third_Party/FatFs/src/ff.o
 .text.sync_window
                0x0000000008002818       0x54 Middlewares/Third_Party/FatFs/src/ff.o
 .text.move_window
                0x000000000800286c       0x34 Middlewares/Third_Party/FatFs/src/ff.o
 .text.check_fs
                0x00000000080028a0       0x7c Middlewares/Third_Party/FatFs/src/ff.o
 .text.find_volume
                0x000000000800291c      0x350 Middlewares/Third_Party/FatFs/src/ff.o
 .text.put_fat  0x0000000008002c6c      0x13a Middlewares/Third_Party/FatFs/src/ff.o
 .text.get_fat  0x0000000008002da6       0xfe Middlewares/Third_Party/FatFs/src/ff.o
 .text.dir_sdi  0x0000000008002ea4       0xb2 Middlewares/Third_Party/FatFs/src/ff.o
 .text.create_chain
                0x0000000008002f56       0xc4 Middlewares/Third_Party/FatFs/src/ff.o
 .text.remove_chain
                0x000000000800301a       0x88 Middlewares/Third_Party/FatFs/src/ff.o
 .text.dir_next
                0x00000000080030a2      0x114 Middlewares/Third_Party/FatFs/src/ff.o
 .text.dir_find
                0x00000000080031b6       0x5a Middlewares/Third_Party/FatFs/src/ff.o
 .text.follow_path
                0x0000000008003210       0x92 Middlewares/Third_Party/FatFs/src/ff.o
 .text.dir_alloc
                0x00000000080032a2       0x50 Middlewares/Third_Party/FatFs/src/ff.o
 .text.dir_register
                0x00000000080032f2       0x3e Middlewares/Third_Party/FatFs/src/ff.o
 .text.sync_fs  0x0000000008003330       0x88 Middlewares/Third_Party/FatFs/src/ff.o
 .text.f_mount  0x00000000080033b8       0x64 Middlewares/Third_Party/FatFs/src/ff.o
                0x00000000080033b8                f_mount
 .text.f_open   0x000000000800341c      0x236 Middlewares/Third_Party/FatFs/src/ff.o
                0x000000000800341c                f_open
 .text.f_read   0x0000000008003652      0x1b2 Middlewares/Third_Party/FatFs/src/ff.o
                0x0000000008003652                f_read
 .text.f_write  0x0000000008003804      0x1ea Middlewares/Third_Party/FatFs/src/ff.o
                0x0000000008003804                f_write
 .text.f_sync   0x00000000080039ee       0xa0 Middlewares/Third_Party/FatFs/src/ff.o
                0x00000000080039ee                f_sync
 .text.f_close  0x0000000008003a8e       0x34 Middlewares/Third_Party/FatFs/src/ff.o
                0x0000000008003a8e                f_close
 *fill*         0x0000000008003ac2        0x2 
 .text.FATFS_LinkDriverEx
                0x0000000008003ac4       0x48 Middlewares/Third_Party/FatFs/src/ff_gen_drv.o
                0x0000000008003ac4                FATFS_LinkDriverEx
 .text.FATFS_LinkDriver
                0x0000000008003b0c        0xa Middlewares/Third_Party/FatFs/src/ff_gen_drv.o
                0x0000000008003b0c                FATFS_LinkDriver
 *fill*         0x0000000008003b16        0x2 
 .text.BSP_SD_ReadBlocks_DMA
                0x0000000008003b18       0x18 Src/bsp_driver_sd.o
                0x0000000008003b18                BSP_SD_ReadBlocks_DMA
 .text.BSP_SD_WriteBlocks_DMA
                0x0000000008003b30       0x18 Src/bsp_driver_sd.o
                0x0000000008003b30                BSP_SD_WriteBlocks_DMA
 .text.BSP_SD_GetCardState
                0x0000000008003b48       0x14 Src/bsp_driver_sd.o
                0x0000000008003b48                BSP_SD_GetCardState
 .text.BSP_SD_GetCardInfo
                0x0000000008003b5c       0x10 Src/bsp_driver_sd.o
                0x0000000008003b5c                BSP_SD_GetCardInfo
 .text.BSP_SD_AbortCallback
                0x0000000008003b6c        0x2 Src/bsp_driver_sd.o
                0x0000000008003b6c                BSP_SD_AbortCallback
 .text.HAL_SD_AbortCallback
                0x0000000008003b6e        0x8 Src/bsp_driver_sd.o
                0x0000000008003b6e                HAL_SD_AbortCallback
 .text.HAL_SD_TxCpltCallback
                0x0000000008003b76        0x8 Src/bsp_driver_sd.o
                0x0000000008003b76                HAL_SD_TxCpltCallback
 .text.HAL_SD_RxCpltCallback
                0x0000000008003b7e        0x8 Src/bsp_driver_sd.o
                0x0000000008003b7e                HAL_SD_RxCpltCallback
 .text.BSP_SD_IsDetected
                0x0000000008003b86       0x10 Src/bsp_driver_sd.o
                0x0000000008003b86                BSP_SD_IsDetected
 *fill*         0x0000000008003b96        0x2 
 .text.BSP_SD_Init
                0x0000000008003b98       0x1c Src/bsp_driver_sd.o
                0x0000000008003b98                BSP_SD_Init
 .text.MX_CRC_Init
                0x0000000008003bb4       0x20 Src/crc.o
                0x0000000008003bb4                MX_CRC_Init
 .text.MX_DAC_Init
                0x0000000008003bd4       0x48 Src/dac.o
                0x0000000008003bd4                MX_DAC_Init
 .text.HAL_DAC_MspInit
                0x0000000008003c1c       0x58 Src/dac.o
                0x0000000008003c1c                HAL_DAC_MspInit
 .text.MX_DMA_Init
                0x0000000008003c74       0x44 Src/dma.o
                0x0000000008003c74                MX_DMA_Init
 .text.MX_FATFS_Init
                0x0000000008003cb8       0x1c Src/fatfs.o
                0x0000000008003cb8                MX_FATFS_Init
 .text.get_fattime
                0x0000000008003cd4        0x4 Src/fatfs.o
                0x0000000008003cd4                get_fattime
 .text.HAL_FMC_MspInit
                0x0000000008003cd8       0xdc Src/fmc.o
 .text.SDRAM_Initialization_Sequence
                0x0000000008003db4       0x98 Src/fmc.o
                0x0000000008003db4                SDRAM_Initialization_Sequence
 .text.write_8b_buffer_SDRAM
                0x0000000008003e4c       0x1e Src/fmc.o
                0x0000000008003e4c                write_8b_buffer_SDRAM
 .text.write_16b_buffer_SDRAM
                0x0000000008003e6a       0x1e Src/fmc.o
                0x0000000008003e6a                write_16b_buffer_SDRAM
 .text.write_32b_buffer_SDRAM
                0x0000000008003e88       0x1c Src/fmc.o
                0x0000000008003e88                write_32b_buffer_SDRAM
 .text.read_8b_buffer_SDRAM
                0x0000000008003ea4       0x1e Src/fmc.o
                0x0000000008003ea4                read_8b_buffer_SDRAM
 .text.read_16b_buffer_SDRAM
                0x0000000008003ec2       0x1e Src/fmc.o
                0x0000000008003ec2                read_16b_buffer_SDRAM
 .text.read_32b_buffer_SDRAM
                0x0000000008003ee0       0x1e Src/fmc.o
                0x0000000008003ee0                read_32b_buffer_SDRAM
 .text.SDRAM_read_write_test
                0x0000000008003efe      0x13e Src/fmc.o
                0x0000000008003efe                SDRAM_read_write_test
 .text.MX_FMC_Init
                0x000000000800403c       0x70 Src/fmc.o
                0x000000000800403c                MX_FMC_Init
 .text.HAL_SDRAM_MspInit
                0x00000000080040ac        0x8 Src/fmc.o
                0x00000000080040ac                HAL_SDRAM_MspInit
 .text.MX_GPIO_Init
                0x00000000080040b4      0x4ac Src/gpio.o
                0x00000000080040b4                MX_GPIO_Init
 .text.HAL_TIM_PeriodElapsedCallback
                0x0000000008004560       0x18 Src/main.o
                0x0000000008004560                HAL_TIM_PeriodElapsedCallback
 .text._Error_Handler
                0x0000000008004578        0x2 Src/main.o
                0x0000000008004578                _Error_Handler
 *fill*         0x000000000800457a        0x2 
 .text.SystemClock_Config
                0x000000000800457c      0x114 Src/main.o
                0x000000000800457c                SystemClock_Config
 .text.main     0x0000000008004690       0xac Src/main.o
                0x0000000008004690                main
 .text.SD_CheckStatus
                0x000000000800473c       0x24 Src/sd_diskio.o
 .text.SD_initialize
                0x0000000008004760       0x28 Src/sd_diskio.o
                0x0000000008004760                SD_initialize
 .text.SD_status
                0x0000000008004788        0x8 Src/sd_diskio.o
                0x0000000008004788                SD_status
 .text.SD_read  0x0000000008004790       0x6c Src/sd_diskio.o
                0x0000000008004790                SD_read
 .text.SD_write
                0x00000000080047fc       0x6c Src/sd_diskio.o
                0x00000000080047fc                SD_write
 .text.SD_ioctl
                0x0000000008004868       0x5c Src/sd_diskio.o
                0x0000000008004868                SD_ioctl
 .text.BSP_SD_WriteCpltCallback
                0x00000000080048c4        0xc Src/sd_diskio.o
                0x00000000080048c4                BSP_SD_WriteCpltCallback
 .text.BSP_SD_ReadCpltCallback
                0x00000000080048d0        0xc Src/sd_diskio.o
                0x00000000080048d0                BSP_SD_ReadCpltCallback
 .text.MX_SDIO_SD_Init
                0x00000000080048dc       0x20 Src/sdio.o
                0x00000000080048dc                MX_SDIO_SD_Init
 .text.HAL_SD_MspInit
                0x00000000080048fc      0x148 Src/sdio.o
                0x00000000080048fc                HAL_SD_MspInit
 .text.sd_read_write_test
                0x0000000008004a44       0xcc Src/sdio.o
                0x0000000008004a44                sd_read_write_test
 .text.sd_read_wav
                0x0000000008004b10      0x26c Src/sdio.o
                0x0000000008004b10                sd_read_wav
 .text.HAL_MspInit
                0x0000000008004d7c       0x94 Src/stm32f4xx_hal_msp.o
                0x0000000008004d7c                HAL_MspInit
 .text.HAL_InitTick
                0x0000000008004e10       0x7c Src/stm32f4xx_hal_timebase_TIM.o
                0x0000000008004e10                HAL_InitTick
 .text.SVC_Handler
                0x0000000008004e8c        0x2 Src/stm32f4xx_it.o
                0x0000000008004e8c                SVC_Handler
 .text.PendSV_Handler
                0x0000000008004e8e        0x2 Src/stm32f4xx_it.o
                0x0000000008004e8e                PendSV_Handler
 .text.SysTick_Handler
                0x0000000008004e90        0x8 Src/stm32f4xx_it.o
                0x0000000008004e90                SysTick_Handler
 .text.SDIO_IRQHandler
                0x0000000008004e98       0x10 Src/stm32f4xx_it.o
                0x0000000008004e98                SDIO_IRQHandler
 .text.TIM6_DAC_IRQHandler
                0x0000000008004ea8       0x18 Src/stm32f4xx_it.o
                0x0000000008004ea8                TIM6_DAC_IRQHandler
 .text.TIM7_IRQHandler
                0x0000000008004ec0       0x1c Src/stm32f4xx_it.o
                0x0000000008004ec0                TIM7_IRQHandler
 .text.DMA2_Stream3_IRQHandler
                0x0000000008004edc       0x10 Src/stm32f4xx_it.o
                0x0000000008004edc                DMA2_Stream3_IRQHandler
 .text.DMA2_Stream6_IRQHandler
                0x0000000008004eec       0x10 Src/stm32f4xx_it.o
                0x0000000008004eec                DMA2_Stream6_IRQHandler
 .text.SystemInit
                0x0000000008004efc       0x4c Src/system_stm32f4xx.o
                0x0000000008004efc                SystemInit
 .text.MX_TIM1_Init
                0x0000000008004f48       0x5c Src/tim.o
                0x0000000008004f48                MX_TIM1_Init
 .text.MX_TIM7_Init
                0x0000000008004fa4       0x54 Src/tim.o
                0x0000000008004fa4                MX_TIM7_Init
 .text.HAL_TIM_Base_MspInit
                0x0000000008004ff8       0x40 Src/tim.o
                0x0000000008004ff8                HAL_TIM_Base_MspInit
 .text.Reset_Handler
                0x0000000008005038       0x50 startup/startup_stm32f429xx.o
                0x0000000008005038                Reset_Handler
 .text.Default_Handler
                0x0000000008005088        0x2 startup/startup_stm32f429xx.o
                0x0000000008005088                DMA1_Stream3_IRQHandler
                0x0000000008005088                HASH_RNG_IRQHandler
                0x0000000008005088                EXTI2_IRQHandler
                0x0000000008005088                TIM8_CC_IRQHandler
                0x0000000008005088                DebugMon_Handler
                0x0000000008005088                UART8_IRQHandler
                0x0000000008005088                SPI4_IRQHandler
                0x0000000008005088                TIM1_CC_IRQHandler
                0x0000000008005088                DMA2_Stream5_IRQHandler
                0x0000000008005088                HardFault_Handler
                0x0000000008005088                DMA1_Stream5_IRQHandler
                0x0000000008005088                PVD_IRQHandler
                0x0000000008005088                TAMP_STAMP_IRQHandler
                0x0000000008005088                NMI_Handler
                0x0000000008005088                CAN2_RX1_IRQHandler
                0x0000000008005088                EXTI3_IRQHandler
                0x0000000008005088                TIM8_TRG_COM_TIM14_IRQHandler
                0x0000000008005088                TIM1_UP_TIM10_IRQHandler
                0x0000000008005088                TIM8_UP_TIM13_IRQHandler
                0x0000000008005088                I2C3_ER_IRQHandler
                0x0000000008005088                EXTI0_IRQHandler
                0x0000000008005088                I2C2_EV_IRQHandler
                0x0000000008005088                DMA1_Stream2_IRQHandler
                0x0000000008005088                CAN1_RX0_IRQHandler
                0x0000000008005088                FPU_IRQHandler
                0x0000000008005088                OTG_HS_WKUP_IRQHandler
                0x0000000008005088                UsageFault_Handler
                0x0000000008005088                LTDC_ER_IRQHandler
                0x0000000008005088                CAN2_SCE_IRQHandler
                0x0000000008005088                DMA2_Stream2_IRQHandler
                0x0000000008005088                SPI1_IRQHandler
                0x0000000008005088                TIM1_BRK_TIM9_IRQHandler
                0x0000000008005088                DCMI_IRQHandler
                0x0000000008005088                CAN2_RX0_IRQHandler
                0x0000000008005088                USART6_IRQHandler
                0x0000000008005088                USART3_IRQHandler
                0x0000000008005088                CAN1_RX1_IRQHandler
                0x0000000008005088                UART5_IRQHandler
                0x0000000008005088                DMA2_Stream0_IRQHandler
                0x0000000008005088                TIM4_IRQHandler
                0x0000000008005088                I2C1_EV_IRQHandler
                0x0000000008005088                DMA1_Stream6_IRQHandler
                0x0000000008005088                DMA1_Stream1_IRQHandler
                0x0000000008005088                UART4_IRQHandler
                0x0000000008005088                TIM3_IRQHandler
                0x0000000008005088                RCC_IRQHandler
                0x0000000008005088                TIM8_BRK_TIM12_IRQHandler
                0x0000000008005088                Default_Handler
                0x0000000008005088                EXTI15_10_IRQHandler
                0x0000000008005088                ADC_IRQHandler
                0x0000000008005088                DMA1_Stream7_IRQHandler
                0x0000000008005088                SPI5_IRQHandler
                0x0000000008005088                CAN2_TX_IRQHandler
                0x0000000008005088                TIM5_IRQHandler
                0x0000000008005088                DMA2_Stream7_IRQHandler
                0x0000000008005088                I2C3_EV_IRQHandler
                0x0000000008005088                EXTI9_5_IRQHandler
                0x0000000008005088                RTC_WKUP_IRQHandler
                0x0000000008005088                LTDC_IRQHandler
                0x0000000008005088                ETH_WKUP_IRQHandler
                0x0000000008005088                SPI2_IRQHandler
                0x0000000008005088                OTG_HS_EP1_IN_IRQHandler
                0x0000000008005088                MemManage_Handler
                0x0000000008005088                DMA1_Stream0_IRQHandler
                0x0000000008005088                CAN1_TX_IRQHandler
                0x0000000008005088                EXTI4_IRQHandler
                0x0000000008005088                ETH_IRQHandler
                0x0000000008005088                OTG_HS_EP1_OUT_IRQHandler
                0x0000000008005088                WWDG_IRQHandler
                0x0000000008005088                SPI6_IRQHandler
                0x0000000008005088                TIM2_IRQHandler
                0x0000000008005088                OTG_FS_WKUP_IRQHandler
                0x0000000008005088                TIM1_TRG_COM_TIM11_IRQHandler
                0x0000000008005088                OTG_HS_IRQHandler
                0x0000000008005088                DMA2D_IRQHandler
                0x0000000008005088                EXTI1_IRQHandler
                0x0000000008005088                UART7_IRQHandler
                0x0000000008005088                USART2_IRQHandler
                0x0000000008005088                I2C2_ER_IRQHandler
                0x0000000008005088                DMA2_Stream1_IRQHandler
                0x0000000008005088                CAN1_SCE_IRQHandler
                0x0000000008005088                FLASH_IRQHandler
                0x0000000008005088                DMA2_Stream4_IRQHandler
                0x0000000008005088                BusFault_Handler
                0x0000000008005088                USART1_IRQHandler
                0x0000000008005088                OTG_FS_IRQHandler
                0x0000000008005088                SPI3_IRQHandler
                0x0000000008005088                DMA1_Stream4_IRQHandler
                0x0000000008005088                I2C1_ER_IRQHandler
                0x0000000008005088                FMC_IRQHandler
                0x0000000008005088                SAI1_IRQHandler
                0x0000000008005088                RTC_Alarm_IRQHandler
 *fill*         0x000000000800508a        0x2 
 .text.__libc_init_array
                0x000000000800508c       0x48 /Applications/Eclipse.app/Contents/Eclipse/plugins/fr.ac6.mcu.externaltools.arm-none.macos64_1.16.0.201807130628/tools/compiler/bin/../lib/gcc/arm-none-eabi/7.2.1/../../../../arm-none-eabi/lib/thumb/v7e-m/fpv4-sp/hard/libc_nano.a(lib_a-init.o)
                0x000000000800508c                __libc_init_array
 *(.glue_7)
 .glue_7        0x00000000080050d4        0x0 linker stubs
 *(.glue_7t)
 .glue_7t       0x00000000080050d4        0x0 linker stubs
 *(.eh_frame)
 .eh_frame      0x00000000080050d4        0x0 /Applications/Eclipse.app/Contents/Eclipse/plugins/fr.ac6.mcu.externaltools.arm-none.macos64_1.16.0.201807130628/tools/compiler/bin/../lib/gcc/arm-none-eabi/7.2.1/thumb/v7e-m/fpv4-sp/hard/crtbegin.o
 *(.init)
 .init          0x00000000080050d4        0x4 /Applications/Eclipse.app/Contents/Eclipse/plugins/fr.ac6.mcu.externaltools.arm-none.macos64_1.16.0.201807130628/tools/compiler/bin/../lib/gcc/arm-none-eabi/7.2.1/thumb/v7e-m/fpv4-sp/hard/crti.o
                0x00000000080050d4                _init
 .init          0x00000000080050d8        0x8 /Applications/Eclipse.app/Contents/Eclipse/plugins/fr.ac6.mcu.externaltools.arm-none.macos64_1.16.0.201807130628/tools/compiler/bin/../lib/gcc/arm-none-eabi/7.2.1/thumb/v7e-m/fpv4-sp/hard/crtn.o
 *(.fini)
 .fini          0x00000000080050e0        0x4 /Applications/Eclipse.app/Contents/Eclipse/plugins/fr.ac6.mcu.externaltools.arm-none.macos64_1.16.0.201807130628/tools/compiler/bin/../lib/gcc/arm-none-eabi/7.2.1/thumb/v7e-m/fpv4-sp/hard/crti.o
                0x00000000080050e0                _fini
 .fini          0x00000000080050e4        0x8 /Applications/Eclipse.app/Contents/Eclipse/plugins/fr.ac6.mcu.externaltools.arm-none.macos64_1.16.0.201807130628/tools/compiler/bin/../lib/gcc/arm-none-eabi/7.2.1/thumb/v7e-m/fpv4-sp/hard/crtn.o
                0x00000000080050ec                . = ALIGN (0x4)
                0x00000000080050ec                _etext = .

.vfp11_veneer   0x00000000080050ec        0x0
 .vfp11_veneer  0x00000000080050ec        0x0 linker stubs

.v4_bx          0x00000000080050ec        0x0
 .v4_bx         0x00000000080050ec        0x0 linker stubs

.iplt           0x00000000080050ec        0x0
 .iplt          0x00000000080050ec        0x0 /Applications/Eclipse.app/Contents/Eclipse/plugins/fr.ac6.mcu.externaltools.arm-none.macos64_1.16.0.201807130628/tools/compiler/bin/../lib/gcc/arm-none-eabi/7.2.1/thumb/v7e-m/fpv4-sp/hard/crtbegin.o

.rodata         0x00000000080050ec      0x190
                0x00000000080050ec                . = ALIGN (0x4)
 *(.rodata)
 .rodata        0x00000000080050ec        0x8 Drivers/STM32F4xx_HAL_Driver/Src/stm32f4xx_hal_dma.o
 .rodata        0x00000000080050f4       0x9e Middlewares/Third_Party/FatFs/src/ff.o
 *fill*         0x0000000008005192        0x2 
 .rodata        0x0000000008005194        0xc Src/main.o
 .rodata        0x00000000080051a0       0x14 Src/sd_diskio.o
                0x00000000080051a0                SD_Driver
 .rodata        0x00000000080051b4        0xc Src/sdio.o
 .rodata        0x00000000080051c0       0x18 Src/system_stm32f4xx.o
                0x00000000080051c0                AHBPrescTable
                0x00000000080051d0                APBPrescTable
 *(.rodata*)
 .rodata.str1.4
                0x00000000080051d8       0x44 Middlewares/Third_Party/FatFs/src/ff.o
 .rodata.str1.4
                0x000000000800521c        0xd Src/dac.o
 *fill*         0x0000000008005229        0x3 
 .rodata.str1.4
                0x000000000800522c        0xd Src/fmc.o
 *fill*         0x0000000008005239        0x3 
 .rodata.str1.4
                0x000000000800523c        0xe Src/main.o
 *fill*         0x000000000800524a        0x2 
 .rodata.str1.4
                0x000000000800524c       0x20 Src/sdio.o
 .rodata.str1.4
                0x000000000800526c       0x10 Src/tim.o
                                          0xd (size before relaxing)
                0x000000000800527c                . = ALIGN (0x4)

.rel.dyn        0x000000000800527c        0x0
 .rel.iplt      0x000000000800527c        0x0 /Applications/Eclipse.app/Contents/Eclipse/plugins/fr.ac6.mcu.externaltools.arm-none.macos64_1.16.0.201807130628/tools/compiler/bin/../lib/gcc/arm-none-eabi/7.2.1/thumb/v7e-m/fpv4-sp/hard/crtbegin.o

.ARM.extab
 *(.ARM.extab* .gnu.linkonce.armextab.*)

.ARM            0x000000000800527c        0x0
                0x000000000800527c                __exidx_start = .
 *(.ARM.exidx*)
                0x000000000800527c                __exidx_end = .

.preinit_array  0x000000000800527c        0x0
                0x000000000800527c                PROVIDE (__preinit_array_start, .)
 *(.preinit_array*)
                0x000000000800527c                PROVIDE (__preinit_array_end, .)

.init_array     0x000000000800527c        0x4
                0x000000000800527c                PROVIDE (__init_array_start, .)
 *(SORT_BY_NAME(.init_array.*))
 *(.init_array*)
 .init_array    0x000000000800527c        0x4 /Applications/Eclipse.app/Contents/Eclipse/plugins/fr.ac6.mcu.externaltools.arm-none.macos64_1.16.0.201807130628/tools/compiler/bin/../lib/gcc/arm-none-eabi/7.2.1/thumb/v7e-m/fpv4-sp/hard/crtbegin.o
                0x0000000008005280                PROVIDE (__init_array_end, .)

.fini_array     0x0000000008005280        0x4
                [!provide]                        PROVIDE (__fini_array_start, .)
 *(SORT_BY_NAME(.fini_array.*))
 *(.fini_array*)
 .fini_array    0x0000000008005280        0x4 /Applications/Eclipse.app/Contents/Eclipse/plugins/fr.ac6.mcu.externaltools.arm-none.macos64_1.16.0.201807130628/tools/compiler/bin/../lib/gcc/arm-none-eabi/7.2.1/thumb/v7e-m/fpv4-sp/hard/crtbegin.o
                [!provide]                        PROVIDE (__fini_array_end, .)
                0x0000000008005284                _sidata = LOADADDR (.data)

.data           0x0000000020000000       0x10 load address 0x0000000008005284
                0x0000000020000000                . = ALIGN (0x4)
                0x0000000020000000                _sdata = .
 *(.data)
 .data          0x0000000020000000        0x8 Drivers/STM32F4xx_HAL_Driver/Src/stm32f4xx_hal.o
                0x0000000020000000                uwTickFreq
                0x0000000020000004                uwTickPrio
 .data          0x0000000020000008        0x1 Src/sd_diskio.o
 *fill*         0x0000000020000009        0x3 
 .data          0x000000002000000c        0x4 Src/system_stm32f4xx.o
                0x000000002000000c                SystemCoreClock
 *(.data*)
                0x0000000020000010                . = ALIGN (0x4)
                0x0000000020000010                _edata = .
                0x0000000008005294                _siccmram = LOADADDR (.ccmram)

.igot.plt       0x0000000020000010        0x0 load address 0x0000000008005294
 .igot.plt      0x0000000020000010        0x0 /Applications/Eclipse.app/Contents/Eclipse/plugins/fr.ac6.mcu.externaltools.arm-none.macos64_1.16.0.201807130628/tools/compiler/bin/../lib/gcc/arm-none-eabi/7.2.1/thumb/v7e-m/fpv4-sp/hard/crtbegin.o

.ccmram         0x0000000010000000        0x0 load address 0x0000000008005294
                0x0000000010000000                . = ALIGN (0x4)
                0x0000000010000000                _sccmram = .
 *(.ccmram)
 *(.ccmram*)
                0x0000000010000000                . = ALIGN (0x4)
                0x0000000010000000                _eccmram = .
                0x0000000010000000                . = ALIGN (0x4)

.bss            0x0000000020000010     0x4340
                0x0000000020000010                _sbss = .
                0x0000000020000010                __bss_start__ = _sbss
 *(.bss)
 .bss           0x0000000020000010       0x1c /Applications/Eclipse.app/Contents/Eclipse/plugins/fr.ac6.mcu.externaltools.arm-none.macos64_1.16.0.201807130628/tools/compiler/bin/../lib/gcc/arm-none-eabi/7.2.1/thumb/v7e-m/fpv4-sp/hard/crtbegin.o
 .bss           0x000000002000002c       0x26 Middlewares/Third_Party/FatFs/src/ff.o
 *fill*         0x0000000020000052        0x2 
 .bss           0x0000000020000054        0xc Middlewares/Third_Party/FatFs/src/ff_gen_drv.o
                0x0000000020000054                disk
 .bss           0x0000000020000060        0x8 Src/fmc.o
 .bss           0x0000000020000068        0x8 Src/sd_diskio.o
 *(.bss*)
 *(COMMON)
 COMMON         0x0000000020000070        0x4 Drivers/STM32F4xx_HAL_Driver/Src/stm32f4xx_hal.o
                0x0000000020000070                uwTick
 COMMON         0x0000000020000074       0x14 Src/dac.o
                0x0000000020000074                hdac
 COMMON         0x0000000020000088     0x206c Src/fatfs.o
                0x0000000020000088                retSD
                0x000000002000008c                SDPath
                0x0000000020000090                SDFile
                0x00000000200010c0                SDFatFS
 COMMON         0x00000000200020f4       0x34 Src/fmc.o
                0x00000000200020f4                hsdram1
 COMMON         0x0000000020002128     0x21b0 Src/sdio.o
                0x0000000020002128                hdma_sdio_rx
                0x0000000020002188                myFile
                0x00000000200031b8                bytesWritten
                0x00000000200031bc                bytesRead
                0x00000000200031c0                myFATFS
                0x00000000200041f4                hdma_sdio_tx
                0x0000000020004254                hsd
 COMMON         0x00000000200042d8       0x3c Src/stm32f4xx_hal_timebase_TIM.o
                0x00000000200042d8                htim6
 COMMON         0x0000000020004314       0x3c Src/tim.o
                0x0000000020004314                htim7
                0x0000000020004350                . = ALIGN (0x4)
                0x0000000020004350                _ebss = .
                0x0000000020004350                __bss_end__ = _ebss

._user_heap_stack
                0x0000000020004350     0x6000
                0x0000000020004350                . = ALIGN (0x8)
                [!provide]                        PROVIDE (end, .)
                [!provide]                        PROVIDE (_end, .)
                0x0000000020006350                . = (. + _Min_Heap_Size)
 *fill*         0x0000000020004350     0x2000 
                0x000000002000a350                . = (. + _Min_Stack_Size)
 *fill*         0x0000000020006350     0x4000 
                0x000000002000a350                . = ALIGN (0x8)

/DISCARD/
 libc.a(*)
 libm.a(*)
 libgcc.a(*)

.ARM.attributes
                0x0000000000000000       0x30
 *(.ARM.attributes)
 .ARM.attributes
                0x0000000000000000       0x22 /Applications/Eclipse.app/Contents/Eclipse/plugins/fr.ac6.mcu.externaltools.arm-none.macos64_1.16.0.201807130628/tools/compiler/bin/../lib/gcc/arm-none-eabi/7.2.1/thumb/v7e-m/fpv4-sp/hard/crti.o
 .ARM.attributes
                0x0000000000000022       0x34 /Applications/Eclipse.app/Contents/Eclipse/plugins/fr.ac6.mcu.externaltools.arm-none.macos64_1.16.0.201807130628/tools/compiler/bin/../lib/gcc/arm-none-eabi/7.2.1/thumb/v7e-m/fpv4-sp/hard/crtbegin.o
 .ARM.attributes
                0x0000000000000056       0x39 Drivers/STM32F4xx_HAL_Driver/Src/stm32f4xx_hal.o
 .ARM.attributes
                0x000000000000008f       0x39 Drivers/STM32F4xx_HAL_Driver/Src/stm32f4xx_hal_cortex.o
 .ARM.attributes
                0x00000000000000c8       0x39 Drivers/STM32F4xx_HAL_Driver/Src/stm32f4xx_hal_dac.o
 .ARM.attributes
                0x0000000000000101       0x39 Drivers/STM32F4xx_HAL_Driver/Src/stm32f4xx_hal_dac_ex.o
 .ARM.attributes
                0x000000000000013a       0x39 Drivers/STM32F4xx_HAL_Driver/Src/stm32f4xx_hal_dma.o
 .ARM.attributes
                0x0000000000000173       0x39 Drivers/STM32F4xx_HAL_Driver/Src/stm32f4xx_hal_gpio.o
 .ARM.attributes
                0x00000000000001ac       0x39 Drivers/STM32F4xx_HAL_Driver/Src/stm32f4xx_hal_rcc.o
 .ARM.attributes
                0x00000000000001e5       0x39 Drivers/STM32F4xx_HAL_Driver/Src/stm32f4xx_hal_sd.o
 .ARM.attributes
                0x000000000000021e       0x39 Drivers/STM32F4xx_HAL_Driver/Src/stm32f4xx_hal_sdram.o
 .ARM.attributes
                0x0000000000000257       0x39 Drivers/STM32F4xx_HAL_Driver/Src/stm32f4xx_hal_tim.o
 .ARM.attributes
                0x0000000000000290       0x39 Drivers/STM32F4xx_HAL_Driver/Src/stm32f4xx_hal_tim_ex.o
 .ARM.attributes
                0x00000000000002c9       0x39 Drivers/STM32F4xx_HAL_Driver/Src/stm32f4xx_ll_exti.o
 .ARM.attributes
                0x0000000000000302       0x39 Drivers/STM32F4xx_HAL_Driver/Src/stm32f4xx_ll_fmc.o
 .ARM.attributes
                0x000000000000033b       0x39 Drivers/STM32F4xx_HAL_Driver/Src/stm32f4xx_ll_gpio.o
 .ARM.attributes
                0x0000000000000374       0x39 Drivers/STM32F4xx_HAL_Driver/Src/stm32f4xx_ll_sdmmc.o
 .ARM.attributes
                0x00000000000003ad       0x39 Drivers/STM32F4xx_HAL_Driver/Src/stm32f4xx_ll_tim.o
 .ARM.attributes
                0x00000000000003e6       0x39 Drivers/STM32F4xx_HAL_Driver/Src/stm32f4xx_ll_utils.o
 .ARM.attributes
                0x000000000000041f       0x39 Middlewares/Third_Party/FatFs/src/diskio.o
 .ARM.attributes
                0x0000000000000458       0x39 Middlewares/Third_Party/FatFs/src/ff.o
 .ARM.attributes
                0x0000000000000491       0x39 Middlewares/Third_Party/FatFs/src/ff_gen_drv.o
 .ARM.attributes
                0x00000000000004ca       0x39 Src/bsp_driver_sd.o
 .ARM.attributes
                0x0000000000000503       0x39 Src/crc.o
 .ARM.attributes
                0x000000000000053c       0x39 Src/dac.o
 .ARM.attributes
                0x0000000000000575       0x39 Src/dma.o
 .ARM.attributes
                0x00000000000005ae       0x39 Src/fatfs.o
 .ARM.attributes
                0x00000000000005e7       0x39 Src/fmc.o
 .ARM.attributes
                0x0000000000000620       0x39 Src/gpio.o
 .ARM.attributes
                0x0000000000000659       0x39 Src/main.o
 .ARM.attributes
                0x0000000000000692       0x39 Src/sd_diskio.o
 .ARM.attributes
                0x00000000000006cb       0x39 Src/sdio.o
 .ARM.attributes
                0x0000000000000704       0x39 Src/stm32f4xx_hal_msp.o
 .ARM.attributes
                0x000000000000073d       0x39 Src/stm32f4xx_hal_timebase_TIM.o
 .ARM.attributes
                0x0000000000000776       0x39 Src/stm32f4xx_it.o
 .ARM.attributes
                0x00000000000007af       0x39 Src/system_stm32f4xx.o
 .ARM.attributes
                0x00000000000007e8       0x39 Src/tim.o
 .ARM.attributes
                0x0000000000000821       0x21 startup/startup_stm32f429xx.o
 .ARM.attributes
                0x0000000000000842       0x34 /Applications/Eclipse.app/Contents/Eclipse/plugins/fr.ac6.mcu.externaltools.arm-none.macos64_1.16.0.201807130628/tools/compiler/bin/../lib/gcc/arm-none-eabi/7.2.1/../../../../arm-none-eabi/lib/thumb/v7e-m/fpv4-sp/hard/libc_nano.a(lib_a-init.o)
 .ARM.attributes
                0x0000000000000876       0x22 /Applications/Eclipse.app/Contents/Eclipse/plugins/fr.ac6.mcu.externaltools.arm-none.macos64_1.16.0.201807130628/tools/compiler/bin/../lib/gcc/arm-none-eabi/7.2.1/thumb/v7e-m/fpv4-sp/hard/crtn.o
OUTPUT(gatorsynth_ground_up.elf elf32-littlearm)

.debug_info     0x0000000000000000    0x340e8
 .debug_info    0x0000000000000000     0x12fa Drivers/STM32F4xx_HAL_Driver/Src/stm32f4xx_hal.o
 .debug_info    0x00000000000012fa     0x1838 Drivers/STM32F4xx_HAL_Driver/Src/stm32f4xx_hal_cortex.o
 .debug_info    0x0000000000002b32     0x13a0 Drivers/STM32F4xx_HAL_Driver/Src/stm32f4xx_hal_dac.o
 .debug_info    0x0000000000003ed2     0x1072 Drivers/STM32F4xx_HAL_Driver/Src/stm32f4xx_hal_dac_ex.o
 .debug_info    0x0000000000004f44     0x1328 Drivers/STM32F4xx_HAL_Driver/Src/stm32f4xx_hal_dma.o
 .debug_info    0x000000000000626c     0x105a Drivers/STM32F4xx_HAL_Driver/Src/stm32f4xx_hal_gpio.o
 .debug_info    0x00000000000072c6     0x1322 Drivers/STM32F4xx_HAL_Driver/Src/stm32f4xx_hal_rcc.o
 .debug_info    0x00000000000085e8     0x2b16 Drivers/STM32F4xx_HAL_Driver/Src/stm32f4xx_hal_sd.o
 .debug_info    0x000000000000b0fe     0x16b1 Drivers/STM32F4xx_HAL_Driver/Src/stm32f4xx_hal_sdram.o
 .debug_info    0x000000000000c7af     0x373c Drivers/STM32F4xx_HAL_Driver/Src/stm32f4xx_hal_tim.o
 .debug_info    0x000000000000feeb     0x1bd2 Drivers/STM32F4xx_HAL_Driver/Src/stm32f4xx_hal_tim_ex.o
 .debug_info    0x0000000000011abd      0xdb3 Drivers/STM32F4xx_HAL_Driver/Src/stm32f4xx_ll_exti.o
 .debug_info    0x0000000000012870     0x17ec Drivers/STM32F4xx_HAL_Driver/Src/stm32f4xx_ll_fmc.o
 .debug_info    0x000000000001405c     0x14ad Drivers/STM32F4xx_HAL_Driver/Src/stm32f4xx_ll_gpio.o
 .debug_info    0x0000000000015509     0x1f09 Drivers/STM32F4xx_HAL_Driver/Src/stm32f4xx_ll_sdmmc.o
 .debug_info    0x0000000000017412     0x1c3d Drivers/STM32F4xx_HAL_Driver/Src/stm32f4xx_ll_tim.o
 .debug_info    0x000000000001904f     0x141a Drivers/STM32F4xx_HAL_Driver/Src/stm32f4xx_ll_utils.o
 .debug_info    0x000000000001a469      0xd98 Middlewares/Third_Party/FatFs/src/diskio.o
 .debug_info    0x000000000001b201     0x4761 Middlewares/Third_Party/FatFs/src/ff.o
 .debug_info    0x000000000001f962      0xd17 Middlewares/Third_Party/FatFs/src/ff_gen_drv.o
 .debug_info    0x0000000000020679     0x14fa Src/bsp_driver_sd.o
 .debug_info    0x0000000000021b73      0xc16 Src/crc.o
 .debug_info    0x0000000000022789     0x151a Src/dac.o
 .debug_info    0x0000000000023ca3      0xebb Src/dma.o
 .debug_info    0x0000000000024b5e      0xe1b Src/fatfs.o
 .debug_info    0x0000000000025979     0x194f Src/fmc.o
 .debug_info    0x00000000000272c8     0x1a51 Src/gpio.o
 .debug_info    0x0000000000028d19     0x2769 Src/main.o
 .debug_info    0x000000000002b482      0xf3f Src/sd_diskio.o
 .debug_info    0x000000000002c3c1     0x1fb5 Src/sdio.o
 .debug_info    0x000000000002e376      0xf62 Src/stm32f4xx_hal_msp.o
 .debug_info    0x000000000002f2d8     0x14d1 Src/stm32f4xx_hal_timebase_TIM.o
 .debug_info    0x00000000000307a9     0x14b1 Src/stm32f4xx_it.o
 .debug_info    0x0000000000031c5a      0xdf0 Src/system_stm32f4xx.o
 .debug_info    0x0000000000032a4a     0x167c Src/tim.o
 .debug_info    0x00000000000340c6       0x22 startup/startup_stm32f429xx.o

.debug_abbrev   0x0000000000000000     0x62f5
 .debug_abbrev  0x0000000000000000      0x2f4 Drivers/STM32F4xx_HAL_Driver/Src/stm32f4xx_hal.o
 .debug_abbrev  0x00000000000002f4      0x3e5 Drivers/STM32F4xx_HAL_Driver/Src/stm32f4xx_hal_cortex.o
 .debug_abbrev  0x00000000000006d9      0x2e6 Drivers/STM32F4xx_HAL_Driver/Src/stm32f4xx_hal_dac.o
 .debug_abbrev  0x00000000000009bf      0x2ac Drivers/STM32F4xx_HAL_Driver/Src/stm32f4xx_hal_dac_ex.o
 .debug_abbrev  0x0000000000000c6b      0x339 Drivers/STM32F4xx_HAL_Driver/Src/stm32f4xx_hal_dma.o
 .debug_abbrev  0x0000000000000fa4      0x2b6 Drivers/STM32F4xx_HAL_Driver/Src/stm32f4xx_hal_gpio.o
 .debug_abbrev  0x000000000000125a      0x342 Drivers/STM32F4xx_HAL_Driver/Src/stm32f4xx_hal_rcc.o
 .debug_abbrev  0x000000000000159c      0x30b Drivers/STM32F4xx_HAL_Driver/Src/stm32f4xx_hal_sd.o
 .debug_abbrev  0x00000000000018a7      0x2e6 Drivers/STM32F4xx_HAL_Driver/Src/stm32f4xx_hal_sdram.o
 .debug_abbrev  0x0000000000001b8d      0x2ef Drivers/STM32F4xx_HAL_Driver/Src/stm32f4xx_hal_tim.o
 .debug_abbrev  0x0000000000001e7c      0x2ef Drivers/STM32F4xx_HAL_Driver/Src/stm32f4xx_hal_tim_ex.o
 .debug_abbrev  0x000000000000216b      0x2a4 Drivers/STM32F4xx_HAL_Driver/Src/stm32f4xx_ll_exti.o
 .debug_abbrev  0x000000000000240f      0x297 Drivers/STM32F4xx_HAL_Driver/Src/stm32f4xx_ll_fmc.o
 .debug_abbrev  0x00000000000026a6      0x2e8 Drivers/STM32F4xx_HAL_Driver/Src/stm32f4xx_ll_gpio.o
 .debug_abbrev  0x000000000000298e      0x2c6 Drivers/STM32F4xx_HAL_Driver/Src/stm32f4xx_ll_sdmmc.o
 .debug_abbrev  0x0000000000002c54      0x31c Drivers/STM32F4xx_HAL_Driver/Src/stm32f4xx_ll_tim.o
 .debug_abbrev  0x0000000000002f70      0x302 Drivers/STM32F4xx_HAL_Driver/Src/stm32f4xx_ll_utils.o
 .debug_abbrev  0x0000000000003272      0x291 Middlewares/Third_Party/FatFs/src/diskio.o
 .debug_abbrev  0x0000000000003503      0x32d Middlewares/Third_Party/FatFs/src/ff.o
 .debug_abbrev  0x0000000000003830      0x285 Middlewares/Third_Party/FatFs/src/ff_gen_drv.o
 .debug_abbrev  0x0000000000003ab5      0x316 Src/bsp_driver_sd.o
 .debug_abbrev  0x0000000000003dcb      0x224 Src/crc.o
 .debug_abbrev  0x0000000000003fef      0x270 Src/dac.o
 .debug_abbrev  0x000000000000425f      0x243 Src/dma.o
 .debug_abbrev  0x00000000000044a2      0x24e Src/fatfs.o
 .debug_abbrev  0x00000000000046f0      0x308 Src/fmc.o
 .debug_abbrev  0x00000000000049f8      0x2cd Src/gpio.o
 .debug_abbrev  0x0000000000004cc5      0x397 Src/main.o
 .debug_abbrev  0x000000000000505c      0x2f1 Src/sd_diskio.o
 .debug_abbrev  0x000000000000534d      0x37e Src/sdio.o
 .debug_abbrev  0x00000000000056cb      0x243 Src/stm32f4xx_hal_msp.o
 .debug_abbrev  0x000000000000590e      0x2a8 Src/stm32f4xx_hal_timebase_TIM.o
 .debug_abbrev  0x0000000000005bb6      0x241 Src/stm32f4xx_it.o
 .debug_abbrev  0x0000000000005df7      0x214 Src/system_stm32f4xx.o
 .debug_abbrev  0x000000000000600b      0x2d8 Src/tim.o
 .debug_abbrev  0x00000000000062e3       0x12 startup/startup_stm32f429xx.o

.debug_loc      0x0000000000000000    0x13423
 .debug_loc     0x0000000000000000       0xfd Drivers/STM32F4xx_HAL_Driver/Src/stm32f4xx_hal.o
 .debug_loc     0x00000000000000fd      0x5ce Drivers/STM32F4xx_HAL_Driver/Src/stm32f4xx_hal_cortex.o
 .debug_loc     0x00000000000006cb      0x756 Drivers/STM32F4xx_HAL_Driver/Src/stm32f4xx_hal_dac.o
 .debug_loc     0x0000000000000e21      0x32f Drivers/STM32F4xx_HAL_Driver/Src/stm32f4xx_hal_dac_ex.o
 .debug_loc     0x0000000000001150      0xb4e Drivers/STM32F4xx_HAL_Driver/Src/stm32f4xx_hal_dma.o
 .debug_loc     0x0000000000001c9e      0x469 Drivers/STM32F4xx_HAL_Driver/Src/stm32f4xx_hal_gpio.o
 .debug_loc     0x0000000000002107      0x3f1 Drivers/STM32F4xx_HAL_Driver/Src/stm32f4xx_hal_rcc.o
 .debug_loc     0x00000000000024f8     0x1ea7 Drivers/STM32F4xx_HAL_Driver/Src/stm32f4xx_hal_sd.o
 .debug_loc     0x000000000000439f      0xbf7 Drivers/STM32F4xx_HAL_Driver/Src/stm32f4xx_hal_sdram.o
 .debug_loc     0x0000000000004f96     0x3612 Drivers/STM32F4xx_HAL_Driver/Src/stm32f4xx_hal_tim.o
 .debug_loc     0x00000000000085a8      0xefe Drivers/STM32F4xx_HAL_Driver/Src/stm32f4xx_hal_tim_ex.o
 .debug_loc     0x00000000000094a6      0x2ba Drivers/STM32F4xx_HAL_Driver/Src/stm32f4xx_ll_exti.o
 .debug_loc     0x0000000000009760      0xadb Drivers/STM32F4xx_HAL_Driver/Src/stm32f4xx_ll_fmc.o
 .debug_loc     0x000000000000a23b      0x5fe Drivers/STM32F4xx_HAL_Driver/Src/stm32f4xx_ll_gpio.o
 .debug_loc     0x000000000000a839     0x10ed Drivers/STM32F4xx_HAL_Driver/Src/stm32f4xx_ll_sdmmc.o
 .debug_loc     0x000000000000b926     0x1124 Drivers/STM32F4xx_HAL_Driver/Src/stm32f4xx_ll_tim.o
 .debug_loc     0x000000000000ca4a      0x652 Drivers/STM32F4xx_HAL_Driver/Src/stm32f4xx_ll_utils.o
 .debug_loc     0x000000000000d09c      0x1f1 Middlewares/Third_Party/FatFs/src/diskio.o
 .debug_loc     0x000000000000d28d     0x4639 Middlewares/Third_Party/FatFs/src/ff.o
 .debug_loc     0x00000000000118c6      0x24a Middlewares/Third_Party/FatFs/src/ff_gen_drv.o
 .debug_loc     0x0000000000011b10      0x417 Src/bsp_driver_sd.o
 .debug_loc     0x0000000000011f27       0x16 Src/crc.o
 .debug_loc     0x0000000000011f3d       0x5b Src/dac.o
 .debug_loc     0x0000000000011f98      0x2bb Src/fmc.o
 .debug_loc     0x0000000000012253      0x6ba Src/gpio.o
 .debug_loc     0x000000000001290d      0x19d Src/main.o
 .debug_loc     0x0000000000012aaa      0x3d5 Src/sd_diskio.o
 .debug_loc     0x0000000000012e7f      0x31d Src/sdio.o
 .debug_loc     0x000000000001319c       0x6a Src/stm32f4xx_hal_timebase_TIM.o
 .debug_loc     0x0000000000013206      0x13e Src/system_stm32f4xx.o
 .debug_loc     0x0000000000013344       0xdf Src/tim.o

.debug_aranges  0x0000000000000000     0x1590
 .debug_aranges
                0x0000000000000000       0xf0 Drivers/STM32F4xx_HAL_Driver/Src/stm32f4xx_hal.o
 .debug_aranges
                0x00000000000000f0       0xa8 Drivers/STM32F4xx_HAL_Driver/Src/stm32f4xx_hal_cortex.o
 .debug_aranges
                0x0000000000000198       0xc0 Drivers/STM32F4xx_HAL_Driver/Src/stm32f4xx_hal_dac.o
 .debug_aranges
                0x0000000000000258       0x70 Drivers/STM32F4xx_HAL_Driver/Src/stm32f4xx_hal_dac_ex.o
 .debug_aranges
                0x00000000000002c8       0x90 Drivers/STM32F4xx_HAL_Driver/Src/stm32f4xx_hal_dma.o
 .debug_aranges
                0x0000000000000358       0x58 Drivers/STM32F4xx_HAL_Driver/Src/stm32f4xx_hal_gpio.o
 .debug_aranges
                0x00000000000003b0       0x88 Drivers/STM32F4xx_HAL_Driver/Src/stm32f4xx_hal_rcc.o
 .debug_aranges
                0x0000000000000438      0x168 Drivers/STM32F4xx_HAL_Driver/Src/stm32f4xx_hal_sd.o
 .debug_aranges
                0x00000000000005a0       0xd0 Drivers/STM32F4xx_HAL_Driver/Src/stm32f4xx_hal_sdram.o
 .debug_aranges
                0x0000000000000670      0x368 Drivers/STM32F4xx_HAL_Driver/Src/stm32f4xx_hal_tim.o
 .debug_aranges
                0x00000000000009d8      0x140 Drivers/STM32F4xx_HAL_Driver/Src/stm32f4xx_hal_tim_ex.o
 .debug_aranges
                0x0000000000000b18       0x30 Drivers/STM32F4xx_HAL_Driver/Src/stm32f4xx_ll_exti.o
 .debug_aranges
                0x0000000000000b48       0xf0 Drivers/STM32F4xx_HAL_Driver/Src/stm32f4xx_ll_fmc.o
 .debug_aranges
                0x0000000000000c38       0x30 Drivers/STM32F4xx_HAL_Driver/Src/stm32f4xx_ll_gpio.o
 .debug_aranges
                0x0000000000000c68      0x178 Drivers/STM32F4xx_HAL_Driver/Src/stm32f4xx_ll_sdmmc.o
 .debug_aranges
                0x0000000000000de0       0xc0 Drivers/STM32F4xx_HAL_Driver/Src/stm32f4xx_ll_tim.o
 .debug_aranges
                0x0000000000000ea0       0x60 Drivers/STM32F4xx_HAL_Driver/Src/stm32f4xx_ll_utils.o
 .debug_aranges
                0x0000000000000f00       0x48 Middlewares/Third_Party/FatFs/src/diskio.o
 .debug_aranges
                0x0000000000000f48      0x208 Middlewares/Third_Party/FatFs/src/ff.o
 .debug_aranges
                0x0000000000001150       0x40 Middlewares/Third_Party/FatFs/src/ff_gen_drv.o
 .debug_aranges
                0x0000000000001190       0xc0 Src/bsp_driver_sd.o
 .debug_aranges
                0x0000000000001250       0x20 Src/crc.o
 .debug_aranges
                0x0000000000001270       0x30 Src/dac.o
 .debug_aranges
                0x00000000000012a0       0x20 Src/dma.o
 .debug_aranges
                0x00000000000012c0       0x28 Src/fatfs.o
 .debug_aranges
                0x00000000000012e8       0x80 Src/fmc.o
 .debug_aranges
                0x0000000000001368       0x20 Src/gpio.o
 .debug_aranges
                0x0000000000001388       0x38 Src/main.o
 .debug_aranges
                0x00000000000013c0       0x58 Src/sd_diskio.o
 .debug_aranges
                0x0000000000001418       0x48 Src/sdio.o
 .debug_aranges
                0x0000000000001460       0x20 Src/stm32f4xx_hal_msp.o
 .debug_aranges
                0x0000000000001480       0x30 Src/stm32f4xx_hal_timebase_TIM.o
 .debug_aranges
                0x00000000000014b0       0x58 Src/stm32f4xx_it.o
 .debug_aranges
                0x0000000000001508       0x28 Src/system_stm32f4xx.o
 .debug_aranges
                0x0000000000001530       0x38 Src/tim.o
 .debug_aranges
                0x0000000000001568       0x28 startup/startup_stm32f429xx.o

.debug_ranges   0x0000000000000000     0x14b0
 .debug_ranges  0x0000000000000000       0xe0 Drivers/STM32F4xx_HAL_Driver/Src/stm32f4xx_hal.o
 .debug_ranges  0x00000000000000e0       0xf8 Drivers/STM32F4xx_HAL_Driver/Src/stm32f4xx_hal_cortex.o
 .debug_ranges  0x00000000000001d8       0xb0 Drivers/STM32F4xx_HAL_Driver/Src/stm32f4xx_hal_dac.o
 .debug_ranges  0x0000000000000288       0x60 Drivers/STM32F4xx_HAL_Driver/Src/stm32f4xx_hal_dac_ex.o
 .debug_ranges  0x00000000000002e8       0x80 Drivers/STM32F4xx_HAL_Driver/Src/stm32f4xx_hal_dma.o
 .debug_ranges  0x0000000000000368       0x48 Drivers/STM32F4xx_HAL_Driver/Src/stm32f4xx_hal_gpio.o
 .debug_ranges  0x00000000000003b0       0x90 Drivers/STM32F4xx_HAL_Driver/Src/stm32f4xx_hal_rcc.o
 .debug_ranges  0x0000000000000440      0x158 Drivers/STM32F4xx_HAL_Driver/Src/stm32f4xx_hal_sd.o
 .debug_ranges  0x0000000000000598       0xc0 Drivers/STM32F4xx_HAL_Driver/Src/stm32f4xx_hal_sdram.o
 .debug_ranges  0x0000000000000658      0x358 Drivers/STM32F4xx_HAL_Driver/Src/stm32f4xx_hal_tim.o
 .debug_ranges  0x00000000000009b0      0x130 Drivers/STM32F4xx_HAL_Driver/Src/stm32f4xx_hal_tim_ex.o
 .debug_ranges  0x0000000000000ae0       0x20 Drivers/STM32F4xx_HAL_Driver/Src/stm32f4xx_ll_exti.o
 .debug_ranges  0x0000000000000b00       0xe0 Drivers/STM32F4xx_HAL_Driver/Src/stm32f4xx_ll_fmc.o
 .debug_ranges  0x0000000000000be0       0x20 Drivers/STM32F4xx_HAL_Driver/Src/stm32f4xx_ll_gpio.o
 .debug_ranges  0x0000000000000c00      0x168 Drivers/STM32F4xx_HAL_Driver/Src/stm32f4xx_ll_sdmmc.o
 .debug_ranges  0x0000000000000d68       0xb0 Drivers/STM32F4xx_HAL_Driver/Src/stm32f4xx_ll_tim.o
 .debug_ranges  0x0000000000000e18       0x50 Drivers/STM32F4xx_HAL_Driver/Src/stm32f4xx_ll_utils.o
 .debug_ranges  0x0000000000000e68       0x38 Middlewares/Third_Party/FatFs/src/diskio.o
 .debug_ranges  0x0000000000000ea0      0x1f8 Middlewares/Third_Party/FatFs/src/ff.o
 .debug_ranges  0x0000000000001098       0x30 Middlewares/Third_Party/FatFs/src/ff_gen_drv.o
 .debug_ranges  0x00000000000010c8       0xb0 Src/bsp_driver_sd.o
 .debug_ranges  0x0000000000001178       0x10 Src/crc.o
 .debug_ranges  0x0000000000001188       0x20 Src/dac.o
 .debug_ranges  0x00000000000011a8       0x10 Src/dma.o
 .debug_ranges  0x00000000000011b8       0x18 Src/fatfs.o
 .debug_ranges  0x00000000000011d0      0x100 Src/fmc.o
 .debug_ranges  0x00000000000012d0       0x10 Src/gpio.o
 .debug_ranges  0x00000000000012e0       0x28 Src/main.o
 .debug_ranges  0x0000000000001308       0x48 Src/sd_diskio.o
 .debug_ranges  0x0000000000001350       0x88 Src/sdio.o
 .debug_ranges  0x00000000000013d8       0x10 Src/stm32f4xx_hal_msp.o
 .debug_ranges  0x00000000000013e8       0x20 Src/stm32f4xx_hal_timebase_TIM.o
 .debug_ranges  0x0000000000001408       0x48 Src/stm32f4xx_it.o
 .debug_ranges  0x0000000000001450       0x18 Src/system_stm32f4xx.o
 .debug_ranges  0x0000000000001468       0x28 Src/tim.o
 .debug_ranges  0x0000000000001490       0x20 startup/startup_stm32f429xx.o

.debug_macro    0x0000000000000000    0x2efe0
 .debug_macro   0x0000000000000000      0x437 Drivers/STM32F4xx_HAL_Driver/Src/stm32f4xx_hal.o
 .debug_macro   0x0000000000000437      0xa66 Drivers/STM32F4xx_HAL_Driver/Src/stm32f4xx_hal.o
 .debug_macro   0x0000000000000e9d       0x32 Drivers/STM32F4xx_HAL_Driver/Src/stm32f4xx_hal.o
 .debug_macro   0x0000000000000ecf       0x28 Drivers/STM32F4xx_HAL_Driver/Src/stm32f4xx_hal.o
 .debug_macro   0x0000000000000ef7       0x22 Drivers/STM32F4xx_HAL_Driver/Src/stm32f4xx_hal.o
 .debug_macro   0x0000000000000f19       0x87 Drivers/STM32F4xx_HAL_Driver/Src/stm32f4xx_hal.o
 .debug_macro   0x0000000000000fa0       0x51 Drivers/STM32F4xx_HAL_Driver/Src/stm32f4xx_hal.o
 .debug_macro   0x0000000000000ff1       0xef Drivers/STM32F4xx_HAL_Driver/Src/stm32f4xx_hal.o
 .debug_macro   0x00000000000010e0       0x6a Drivers/STM32F4xx_HAL_Driver/Src/stm32f4xx_hal.o
 .debug_macro   0x000000000000114a      0x1df Drivers/STM32F4xx_HAL_Driver/Src/stm32f4xx_hal.o
 .debug_macro   0x0000000000001329       0x35 Drivers/STM32F4xx_HAL_Driver/Src/stm32f4xx_hal.o
 .debug_macro   0x000000000000135e       0x50 Drivers/STM32F4xx_HAL_Driver/Src/stm32f4xx_hal.o
 .debug_macro   0x00000000000013ae      0xe66 Drivers/STM32F4xx_HAL_Driver/Src/stm32f4xx_hal.o
 .debug_macro   0x0000000000002214    0x17e1c Drivers/STM32F4xx_HAL_Driver/Src/stm32f4xx_hal.o
 .debug_macro   0x000000000001a030       0x43 Drivers/STM32F4xx_HAL_Driver/Src/stm32f4xx_hal.o
 .debug_macro   0x000000000001a073       0x10 Drivers/STM32F4xx_HAL_Driver/Src/stm32f4xx_hal.o
 .debug_macro   0x000000000001a083      0xc95 Drivers/STM32F4xx_HAL_Driver/Src/stm32f4xx_hal.o
 .debug_macro   0x000000000001ad18      0x229 Drivers/STM32F4xx_HAL_Driver/Src/stm32f4xx_hal.o
 .debug_macro   0x000000000001af41      0x22a Drivers/STM32F4xx_HAL_Driver/Src/stm32f4xx_hal.o
 .debug_macro   0x000000000001b16b       0xeb Drivers/STM32F4xx_HAL_Driver/Src/stm32f4xx_hal.o
 .debug_macro   0x000000000001b256      0x1b2 Drivers/STM32F4xx_HAL_Driver/Src/stm32f4xx_hal.o
 .debug_macro   0x000000000001b408       0x61 Drivers/STM32F4xx_HAL_Driver/Src/stm32f4xx_hal.o
 .debug_macro   0x000000000001b469       0xcc Drivers/STM32F4xx_HAL_Driver/Src/stm32f4xx_hal.o
 .debug_macro   0x000000000001b535      0x1e6 Drivers/STM32F4xx_HAL_Driver/Src/stm32f4xx_hal.o
 .debug_macro   0x000000000001b71b      0x600 Drivers/STM32F4xx_HAL_Driver/Src/stm32f4xx_hal.o
 .debug_macro   0x000000000001bd1b      0x156 Drivers/STM32F4xx_HAL_Driver/Src/stm32f4xx_hal.o
 .debug_macro   0x000000000001be71      0x4de Drivers/STM32F4xx_HAL_Driver/Src/stm32f4xx_hal.o
 .debug_macro   0x000000000001c34f      0x16b Drivers/STM32F4xx_HAL_Driver/Src/stm32f4xx_hal.o
 .debug_macro   0x000000000001c4ba     0x35a5 Drivers/STM32F4xx_HAL_Driver/Src/stm32f4xx_hal.o
 .debug_macro   0x000000000001fa5f       0x58 Drivers/STM32F4xx_HAL_Driver/Src/stm32f4xx_hal.o
 .debug_macro   0x000000000001fab7       0x17 Drivers/STM32F4xx_HAL_Driver/Src/stm32f4xx_hal.o
 .debug_macro   0x000000000001face       0x35 Drivers/STM32F4xx_HAL_Driver/Src/stm32f4xx_hal.o
 .debug_macro   0x000000000001fb03       0x9c Drivers/STM32F4xx_HAL_Driver/Src/stm32f4xx_hal.o
 .debug_macro   0x000000000001fb9f       0x16 Drivers/STM32F4xx_HAL_Driver/Src/stm32f4xx_hal.o
 .debug_macro   0x000000000001fbb5       0x97 Drivers/STM32F4xx_HAL_Driver/Src/stm32f4xx_hal.o
 .debug_macro   0x000000000001fc4c      0x330 Drivers/STM32F4xx_HAL_Driver/Src/stm32f4xx_hal.o
 .debug_macro   0x000000000001ff7c       0xfd Drivers/STM32F4xx_HAL_Driver/Src/stm32f4xx_hal.o
 .debug_macro   0x0000000000020079       0x10 Drivers/STM32F4xx_HAL_Driver/Src/stm32f4xx_hal.o
 .debug_macro   0x0000000000020089       0x58 Drivers/STM32F4xx_HAL_Driver/Src/stm32f4xx_hal.o
 .debug_macro   0x00000000000200e1       0x1f Drivers/STM32F4xx_HAL_Driver/Src/stm32f4xx_hal.o
 .debug_macro   0x0000000000020100       0x43 Drivers/STM32F4xx_HAL_Driver/Src/stm32f4xx_hal.o
 .debug_macro   0x0000000000020143       0x20 Drivers/STM32F4xx_HAL_Driver/Src/stm32f4xx_hal.o
 .debug_macro   0x0000000000020163      0x18e Drivers/STM32F4xx_HAL_Driver/Src/stm32f4xx_hal.o
 .debug_macro   0x00000000000202f1       0x10 Drivers/STM32F4xx_HAL_Driver/Src/stm32f4xx_hal.o
 .debug_macro   0x0000000000020301       0x1c Drivers/STM32F4xx_HAL_Driver/Src/stm32f4xx_hal.o
 .debug_macro   0x000000000002031d       0x52 Drivers/STM32F4xx_HAL_Driver/Src/stm32f4xx_hal.o
 .debug_macro   0x000000000002036f       0x40 Drivers/STM32F4xx_HAL_Driver/Src/stm32f4xx_hal.o
 .debug_macro   0x00000000000203af       0x10 Drivers/STM32F4xx_HAL_Driver/Src/stm32f4xx_hal.o
 .debug_macro   0x00000000000203bf       0x40 Drivers/STM32F4xx_HAL_Driver/Src/stm32f4xx_hal.o
 .debug_macro   0x00000000000203ff       0xd7 Drivers/STM32F4xx_HAL_Driver/Src/stm32f4xx_hal.o
 .debug_macro   0x00000000000204d6       0x1c Drivers/STM32F4xx_HAL_Driver/Src/stm32f4xx_hal.o
 .debug_macro   0x00000000000204f2       0x3d Drivers/STM32F4xx_HAL_Driver/Src/stm32f4xx_hal.o
 .debug_macro   0x000000000002052f       0x16 Drivers/STM32F4xx_HAL_Driver/Src/stm32f4xx_hal.o
 .debug_macro   0x0000000000020545      0x16f Drivers/STM32F4xx_HAL_Driver/Src/stm32f4xx_hal.o
 .debug_macro   0x00000000000206b4       0x50 Drivers/STM32F4xx_HAL_Driver/Src/stm32f4xx_hal.o
 .debug_macro   0x0000000000020704      0xca5 Drivers/STM32F4xx_HAL_Driver/Src/stm32f4xx_hal.o
 .debug_macro   0x00000000000213a9      0xa02 Drivers/STM32F4xx_HAL_Driver/Src/stm32f4xx_hal.o
 .debug_macro   0x0000000000021dab      0x11e Drivers/STM32F4xx_HAL_Driver/Src/stm32f4xx_hal.o
 .debug_macro   0x0000000000021ec9      0x15f Drivers/STM32F4xx_HAL_Driver/Src/stm32f4xx_hal.o
 .debug_macro   0x0000000000022028       0x27 Drivers/STM32F4xx_HAL_Driver/Src/stm32f4xx_hal.o
 .debug_macro   0x000000000002204f      0x287 Drivers/STM32F4xx_HAL_Driver/Src/stm32f4xx_hal.o
 .debug_macro   0x00000000000222d6       0x5f Drivers/STM32F4xx_HAL_Driver/Src/stm32f4xx_hal.o
 .debug_macro   0x0000000000022335      0x23a Drivers/STM32F4xx_HAL_Driver/Src/stm32f4xx_hal.o
 .debug_macro   0x000000000002256f       0xe6 Drivers/STM32F4xx_HAL_Driver/Src/stm32f4xx_hal.o
 .debug_macro   0x0000000000022655       0xa1 Drivers/STM32F4xx_HAL_Driver/Src/stm32f4xx_hal.o
 .debug_macro   0x00000000000226f6       0x3c Drivers/STM32F4xx_HAL_Driver/Src/stm32f4xx_hal.o
 .debug_macro   0x0000000000022732      0x13a Drivers/STM32F4xx_HAL_Driver/Src/stm32f4xx_hal.o
 .debug_macro   0x000000000002286c      0x41d Drivers/STM32F4xx_HAL_Driver/Src/stm32f4xx_hal.o
 .debug_macro   0x0000000000022c89       0x2e Drivers/STM32F4xx_HAL_Driver/Src/stm32f4xx_hal.o
 .debug_macro   0x0000000000022cb7      0x582 Drivers/STM32F4xx_HAL_Driver/Src/stm32f4xx_hal.o
 .debug_macro   0x0000000000023239      0x11e Drivers/STM32F4xx_HAL_Driver/Src/stm32f4xx_hal.o
 .debug_macro   0x0000000000023357       0xe2 Drivers/STM32F4xx_HAL_Driver/Src/stm32f4xx_hal.o
 .debug_macro   0x0000000000023439       0x89 Drivers/STM32F4xx_HAL_Driver/Src/stm32f4xx_hal.o
 .debug_macro   0x00000000000234c2      0x845 Drivers/STM32F4xx_HAL_Driver/Src/stm32f4xx_hal.o
 .debug_macro   0x0000000000023d07      0x198 Drivers/STM32F4xx_HAL_Driver/Src/stm32f4xx_hal.o
 .debug_macro   0x0000000000023e9f      0x6e0 Drivers/STM32F4xx_HAL_Driver/Src/stm32f4xx_hal.o
 .debug_macro   0x000000000002457f       0x59 Drivers/STM32F4xx_HAL_Driver/Src/stm32f4xx_hal.o
 .debug_macro   0x00000000000245d8      0x14d Drivers/STM32F4xx_HAL_Driver/Src/stm32f4xx_hal.o
 .debug_macro   0x0000000000024725      0x13b Drivers/STM32F4xx_HAL_Driver/Src/stm32f4xx_hal.o
 .debug_macro   0x0000000000024860      0x3d7 Drivers/STM32F4xx_HAL_Driver/Src/stm32f4xx_hal_cortex.o
 .debug_macro   0x0000000000024c37      0x3d8 Drivers/STM32F4xx_HAL_Driver/Src/stm32f4xx_hal_dac.o
 .debug_macro   0x000000000002500f      0x3d7 Drivers/STM32F4xx_HAL_Driver/Src/stm32f4xx_hal_dac_ex.o
 .debug_macro   0x00000000000253e6      0x3de Drivers/STM32F4xx_HAL_Driver/Src/stm32f4xx_hal_dma.o
 .debug_macro   0x00000000000257c4      0x40f Drivers/STM32F4xx_HAL_Driver/Src/stm32f4xx_hal_gpio.o
 .debug_macro   0x0000000000025bd3      0x3fb Drivers/STM32F4xx_HAL_Driver/Src/stm32f4xx_hal_rcc.o
 .debug_macro   0x0000000000025fce      0x3d8 Drivers/STM32F4xx_HAL_Driver/Src/stm32f4xx_hal_sd.o
 .debug_macro   0x00000000000263a6      0x3d7 Drivers/STM32F4xx_HAL_Driver/Src/stm32f4xx_hal_sdram.o
 .debug_macro   0x000000000002677d      0x3d7 Drivers/STM32F4xx_HAL_Driver/Src/stm32f4xx_hal_tim.o
 .debug_macro   0x0000000000026b54      0x3d7 Drivers/STM32F4xx_HAL_Driver/Src/stm32f4xx_hal_tim_ex.o
 .debug_macro   0x0000000000026f2b      0x3fd Drivers/STM32F4xx_HAL_Driver/Src/stm32f4xx_ll_exti.o
 .debug_macro   0x0000000000027328       0xe5 Drivers/STM32F4xx_HAL_Driver/Src/stm32f4xx_ll_exti.o
 .debug_macro   0x000000000002740d      0x3d7 Drivers/STM32F4xx_HAL_Driver/Src/stm32f4xx_ll_fmc.o
 .debug_macro   0x00000000000277e4      0x40f Drivers/STM32F4xx_HAL_Driver/Src/stm32f4xx_ll_gpio.o
 .debug_macro   0x0000000000027bf3      0x150 Drivers/STM32F4xx_HAL_Driver/Src/stm32f4xx_ll_gpio.o
 .debug_macro   0x0000000000027d43      0x3d8 Drivers/STM32F4xx_HAL_Driver/Src/stm32f4xx_ll_sdmmc.o
 .debug_macro   0x000000000002811b      0x45d Drivers/STM32F4xx_HAL_Driver/Src/stm32f4xx_ll_tim.o
 .debug_macro   0x0000000000028578      0x5fa Drivers/STM32F4xx_HAL_Driver/Src/stm32f4xx_ll_tim.o
 .debug_macro   0x0000000000028b72      0x4bc Drivers/STM32F4xx_HAL_Driver/Src/stm32f4xx_ll_utils.o
 .debug_macro   0x000000000002902e       0x5b Drivers/STM32F4xx_HAL_Driver/Src/stm32f4xx_ll_utils.o
 .debug_macro   0x0000000000029089      0x45a Middlewares/Third_Party/FatFs/src/diskio.o
 .debug_macro   0x00000000000294e3       0x16 Middlewares/Third_Party/FatFs/src/diskio.o
 .debug_macro   0x00000000000294f9       0x7c Middlewares/Third_Party/FatFs/src/diskio.o
 .debug_macro   0x0000000000029575       0x3a Middlewares/Third_Party/FatFs/src/diskio.o
 .debug_macro   0x00000000000295af       0xe7 Middlewares/Third_Party/FatFs/src/diskio.o
 .debug_macro   0x0000000000029696       0x16 Middlewares/Third_Party/FatFs/src/diskio.o
 .debug_macro   0x00000000000296ac       0x35 Middlewares/Third_Party/FatFs/src/diskio.o
 .debug_macro   0x00000000000296e1       0x16 Middlewares/Third_Party/FatFs/src/diskio.o
 .debug_macro   0x00000000000296f7       0x29 Middlewares/Third_Party/FatFs/src/diskio.o
 .debug_macro   0x0000000000029720       0x12 Middlewares/Third_Party/FatFs/src/diskio.o
 .debug_macro   0x0000000000029732       0xdb Middlewares/Third_Party/FatFs/src/diskio.o
 .debug_macro   0x000000000002980d      0x861 Middlewares/Third_Party/FatFs/src/ff.o
 .debug_macro   0x000000000002a06e       0x8e Middlewares/Third_Party/FatFs/src/ff.o
 .debug_macro   0x000000000002a0fc       0x4c Middlewares/Third_Party/FatFs/src/ff.o
 .debug_macro   0x000000000002a148      0x45a Middlewares/Third_Party/FatFs/src/ff_gen_drv.o
 .debug_macro   0x000000000002a5a2      0x3e6 Src/bsp_driver_sd.o
 .debug_macro   0x000000000002a988       0x34 Src/bsp_driver_sd.o
 .debug_macro   0x000000000002a9bc      0x3ef Src/crc.o
 .debug_macro   0x000000000002adab      0x3eb Src/dac.o
 .debug_macro   0x000000000002b196      0x3e1 Src/dma.o
 .debug_macro   0x000000000002b577      0x46d Src/fatfs.o
 .debug_macro   0x000000000002b9e4      0x451 Src/fmc.o
 .debug_macro   0x000000000002be35      0x3e5 Src/gpio.o
 .debug_macro   0x000000000002c21a      0x4b7 Src/main.o
 .debug_macro   0x000000000002c6d1      0xc74 Src/main.o
 .debug_macro   0x000000000002d345      0x470 Src/sd_diskio.o
 .debug_macro   0x000000000002d7b5      0x4b6 Src/sdio.o
 .debug_macro   0x000000000002dc6b       0x16 Src/sdio.o
 .debug_macro   0x000000000002dc81      0x3d7 Src/stm32f4xx_hal_msp.o
 .debug_macro   0x000000000002e058      0x3d7 Src/stm32f4xx_hal_timebase_TIM.o
 .debug_macro   0x000000000002e42f      0x3e1 Src/stm32f4xx_it.o
 .debug_macro   0x000000000002e810      0x3e1 Src/system_stm32f4xx.o
 .debug_macro   0x000000000002ebf1      0x3ef Src/tim.o

.debug_line     0x0000000000000000    0x1c01a
 .debug_line    0x0000000000000000      0xbfa Drivers/STM32F4xx_HAL_Driver/Src/stm32f4xx_hal.o
 .debug_line    0x0000000000000bfa      0xc31 Drivers/STM32F4xx_HAL_Driver/Src/stm32f4xx_hal_cortex.o
 .debug_line    0x000000000000182b      0xc86 Drivers/STM32F4xx_HAL_Driver/Src/stm32f4xx_hal_dac.o
 .debug_line    0x00000000000024b1      0xb28 Drivers/STM32F4xx_HAL_Driver/Src/stm32f4xx_hal_dac_ex.o
 .debug_line    0x0000000000002fd9      0xd1c Drivers/STM32F4xx_HAL_Driver/Src/stm32f4xx_hal_dma.o
 .debug_line    0x0000000000003cf5      0xb8f Drivers/STM32F4xx_HAL_Driver/Src/stm32f4xx_hal_gpio.o
 .debug_line    0x0000000000004884      0xc6b Drivers/STM32F4xx_HAL_Driver/Src/stm32f4xx_hal_rcc.o
 .debug_line    0x00000000000054ef     0x122e Drivers/STM32F4xx_HAL_Driver/Src/stm32f4xx_hal_sd.o
 .debug_line    0x000000000000671d      0xd05 Drivers/STM32F4xx_HAL_Driver/Src/stm32f4xx_hal_sdram.o
 .debug_line    0x0000000000007422     0x1a6b Drivers/STM32F4xx_HAL_Driver/Src/stm32f4xx_hal_tim.o
 .debug_line    0x0000000000008e8d      0xfb1 Drivers/STM32F4xx_HAL_Driver/Src/stm32f4xx_hal_tim_ex.o
 .debug_line    0x0000000000009e3e      0xaf6 Drivers/STM32F4xx_HAL_Driver/Src/stm32f4xx_ll_exti.o
 .debug_line    0x000000000000a934      0xd7a Drivers/STM32F4xx_HAL_Driver/Src/stm32f4xx_ll_fmc.o
 .debug_line    0x000000000000b6ae      0xbb7 Drivers/STM32F4xx_HAL_Driver/Src/stm32f4xx_ll_gpio.o
 .debug_line    0x000000000000c265      0xe73 Drivers/STM32F4xx_HAL_Driver/Src/stm32f4xx_ll_sdmmc.o
 .debug_line    0x000000000000d0d8      0xe08 Drivers/STM32F4xx_HAL_Driver/Src/stm32f4xx_ll_tim.o
 .debug_line    0x000000000000dee0      0xc59 Drivers/STM32F4xx_HAL_Driver/Src/stm32f4xx_ll_utils.o
 .debug_line    0x000000000000eb39      0xad0 Middlewares/Third_Party/FatFs/src/diskio.o
 .debug_line    0x000000000000f609     0x1b28 Middlewares/Third_Party/FatFs/src/ff.o
 .debug_line    0x0000000000011131      0xad8 Middlewares/Third_Party/FatFs/src/ff_gen_drv.o
 .debug_line    0x0000000000011c09      0xb65 Src/bsp_driver_sd.o
 .debug_line    0x000000000001276e      0x9f1 Src/crc.o
 .debug_line    0x000000000001315f      0xa30 Src/dac.o
 .debug_line    0x0000000000013b8f      0x9ea Src/dma.o
 .debug_line    0x0000000000014579      0xadf Src/fatfs.o
 .debug_line    0x0000000000015058      0xc20 Src/fmc.o
 .debug_line    0x0000000000015c78      0xbdb Src/gpio.o
 .debug_line    0x0000000000016853      0xbf0 Src/main.o
 .debug_line    0x0000000000017443      0xba6 Src/sd_diskio.o
 .debug_line    0x0000000000017fe9      0xcb2 Src/sdio.o
 .debug_line    0x0000000000018c9b      0x9f3 Src/stm32f4xx_hal_msp.o
 .debug_line    0x000000000001968e      0xa25 Src/stm32f4xx_hal_timebase_TIM.o
 .debug_line    0x000000000001a0b3      0xa75 Src/stm32f4xx_it.o
 .debug_line    0x000000000001ab28      0xa1d Src/system_stm32f4xx.o
 .debug_line    0x000000000001b545      0xa56 Src/tim.o
 .debug_line    0x000000000001bf9b       0x7f startup/startup_stm32f429xx.o

.debug_str      0x0000000000000000    0xf0e30
 .debug_str     0x0000000000000000    0xe71e4 Drivers/STM32F4xx_HAL_Driver/Src/stm32f4xx_hal.o
                                      0xe7b16 (size before relaxing)
 .debug_str     0x00000000000e71e4      0x3a7 Drivers/STM32F4xx_HAL_Driver/Src/stm32f4xx_hal_cortex.o
                                      0xe780a (size before relaxing)
 .debug_str     0x00000000000e758b      0x574 Drivers/STM32F4xx_HAL_Driver/Src/stm32f4xx_hal_dac.o
                                      0xe735e (size before relaxing)
 .debug_str     0x00000000000e7aff      0x143 Drivers/STM32F4xx_HAL_Driver/Src/stm32f4xx_hal_dac_ex.o
                                      0xe724e (size before relaxing)
 .debug_str     0x00000000000e7c42      0x2fe Drivers/STM32F4xx_HAL_Driver/Src/stm32f4xx_hal_dma.o
                                      0xe731b (size before relaxing)
 .debug_str     0x00000000000e7f40      0x26f Drivers/STM32F4xx_HAL_Driver/Src/stm32f4xx_hal_gpio.o
                                      0xe714c (size before relaxing)
 .debug_str     0x00000000000e81af      0x384 Drivers/STM32F4xx_HAL_Driver/Src/stm32f4xx_hal_rcc.o
                                      0xe7316 (size before relaxing)
 .debug_str     0x00000000000e8533      0xb9c Drivers/STM32F4xx_HAL_Driver/Src/stm32f4xx_hal_sd.o
                                      0xe7cf1 (size before relaxing)
 .debug_str     0x00000000000e90cf      0x5b1 Drivers/STM32F4xx_HAL_Driver/Src/stm32f4xx_hal_sdram.o
                                      0xe75e2 (size before relaxing)
 .debug_str     0x00000000000e9680      0xe2f Drivers/STM32F4xx_HAL_Driver/Src/stm32f4xx_hal_tim.o
                                      0xe7f41 (size before relaxing)
 .debug_str     0x00000000000ea4af      0x4e4 Drivers/STM32F4xx_HAL_Driver/Src/stm32f4xx_hal_tim_ex.o
                                      0xe7801 (size before relaxing)
 .debug_str     0x00000000000ea993      0x359 Drivers/STM32F4xx_HAL_Driver/Src/stm32f4xx_ll_exti.o
                                      0xe70e1 (size before relaxing)
 .debug_str     0x00000000000eacec      0x473 Drivers/STM32F4xx_HAL_Driver/Src/stm32f4xx_ll_fmc.o
                                      0xe755b (size before relaxing)
 .debug_str     0x00000000000eb15f      0x688 Drivers/STM32F4xx_HAL_Driver/Src/stm32f4xx_ll_gpio.o
                                      0xe756c (size before relaxing)
 .debug_str     0x00000000000eb7e7      0x1fc Drivers/STM32F4xx_HAL_Driver/Src/stm32f4xx_ll_sdmmc.o
                                      0xe7363 (size before relaxing)
 .debug_str     0x00000000000eb9e3     0x1241 Drivers/STM32F4xx_HAL_Driver/Src/stm32f4xx_ll_tim.o
                                      0xe8277 (size before relaxing)
 .debug_str     0x00000000000ecc24     0x18ff Drivers/STM32F4xx_HAL_Driver/Src/stm32f4xx_ll_utils.o
                                      0xe8814 (size before relaxing)
 .debug_str     0x00000000000ee523      0x8f6 Middlewares/Third_Party/FatFs/src/diskio.o
                                      0xe7645 (size before relaxing)
 .debug_str     0x00000000000eee19     0x1219 Middlewares/Third_Party/FatFs/src/ff.o
                                      0xe8883 (size before relaxing)
 .debug_str     0x00000000000f0032       0xa2 Middlewares/Third_Party/FatFs/src/ff_gen_drv.o
                                      0xe7696 (size before relaxing)
 .debug_str     0x00000000000f00d4      0x1b5 Src/bsp_driver_sd.o
                                      0xe7691 (size before relaxing)
 .debug_str     0x00000000000f0289       0x3b Src/crc.o
                                      0xe6e93 (size before relaxing)
 .debug_str     0x00000000000f02c4       0x45 Src/dac.o
                                      0xe78bc (size before relaxing)