Archive member included to satisfy reference by file (symbol)

/Applications/Eclipse.app/Contents/Eclipse/plugins/fr.ac6.mcu.externaltools.arm-none.macos64_1.16.0.201807130628/tools/compiler/bin/../lib/gcc/arm-none-eabi/7.2.1/thumb/v7e-m/fpv4-sp/hard/libgcc.a(_aeabi_uldivmod.o)
                              Drivers/STM32F4xx_HAL_Driver/Src/stm32f4xx_hal_rcc.o (__aeabi_uldivmod)
/Applications/Eclipse.app/Contents/Eclipse/plugins/fr.ac6.mcu.externaltools.arm-none.macos64_1.16.0.201807130628/tools/compiler/bin/../lib/gcc/arm-none-eabi/7.2.1/thumb/v7e-m/fpv4-sp/hard/libgcc.a(_udivmoddi4.o)
                              /Applications/Eclipse.app/Contents/Eclipse/plugins/fr.ac6.mcu.externaltools.arm-none.macos64_1.16.0.201807130628/tools/compiler/bin/../lib/gcc/arm-none-eabi/7.2.1/thumb/v7e-m/fpv4-sp/hard/libgcc.a(_aeabi_uldivmod.o) (__udivmoddi4)
/Applications/Eclipse.app/Contents/Eclipse/plugins/fr.ac6.mcu.externaltools.arm-none.macos64_1.16.0.201807130628/tools/compiler/bin/../lib/gcc/arm-none-eabi/7.2.1/thumb/v7e-m/fpv4-sp/hard/libgcc.a(_dvmd_tls.o)
                              /Applications/Eclipse.app/Contents/Eclipse/plugins/fr.ac6.mcu.externaltools.arm-none.macos64_1.16.0.201807130628/tools/compiler/bin/../lib/gcc/arm-none-eabi/7.2.1/thumb/v7e-m/fpv4-sp/hard/libgcc.a(_aeabi_uldivmod.o) (__aeabi_ldiv0)
/Applications/Eclipse.app/Contents/Eclipse/plugins/fr.ac6.mcu.externaltools.arm-none.macos64_1.16.0.201807130628/tools/compiler/bin/../lib/gcc/arm-none-eabi/7.2.1/../../../../arm-none-eabi/lib/thumb/v7e-m/fpv4-sp/hard/libc_nano.a(lib_a-exit.o)
                              /Applications/Eclipse.app/Contents/Eclipse/plugins/fr.ac6.mcu.externaltools.arm-none.macos64_1.16.0.201807130628/tools/compiler/bin/../lib/gcc/arm-none-eabi/7.2.1/../../../../arm-none-eabi/lib/thumb/v7e-m/fpv4-sp/hard/crt0.o (exit)
/Applications/Eclipse.app/Contents/Eclipse/plugins/fr.ac6.mcu.externaltools.arm-none.macos64_1.16.0.201807130628/tools/compiler/bin/../lib/gcc/arm-none-eabi/7.2.1/../../../../arm-none-eabi/lib/thumb/v7e-m/fpv4-sp/hard/libc_nano.a(lib_a-impure.o)
                              /Applications/Eclipse.app/Contents/Eclipse/plugins/fr.ac6.mcu.externaltools.arm-none.macos64_1.16.0.201807130628/tools/compiler/bin/../lib/gcc/arm-none-eabi/7.2.1/../../../../arm-none-eabi/lib/thumb/v7e-m/fpv4-sp/hard/libc_nano.a(lib_a-exit.o) (_global_impure_ptr)
/Applications/Eclipse.app/Contents/Eclipse/plugins/fr.ac6.mcu.externaltools.arm-none.macos64_1.16.0.201807130628/tools/compiler/bin/../lib/gcc/arm-none-eabi/7.2.1/../../../../arm-none-eabi/lib/thumb/v7e-m/fpv4-sp/hard/libc_nano.a(lib_a-init.o)
                              /Applications/Eclipse.app/Contents/Eclipse/plugins/fr.ac6.mcu.externaltools.arm-none.macos64_1.16.0.201807130628/tools/compiler/bin/../lib/gcc/arm-none-eabi/7.2.1/../../../../arm-none-eabi/lib/thumb/v7e-m/fpv4-sp/hard/crt0.o (__libc_init_array)
/Applications/Eclipse.app/Contents/Eclipse/plugins/fr.ac6.mcu.externaltools.arm-none.macos64_1.16.0.201807130628/tools/compiler/bin/../lib/gcc/arm-none-eabi/7.2.1/../../../../arm-none-eabi/lib/thumb/v7e-m/fpv4-sp/hard/libc_nano.a(lib_a-memset.o)
                              /Applications/Eclipse.app/Contents/Eclipse/plugins/fr.ac6.mcu.externaltools.arm-none.macos64_1.16.0.201807130628/tools/compiler/bin/../lib/gcc/arm-none-eabi/7.2.1/../../../../arm-none-eabi/lib/thumb/v7e-m/fpv4-sp/hard/crt0.o (memset)
/Applications/Eclipse.app/Contents/Eclipse/plugins/fr.ac6.mcu.externaltools.arm-none.macos64_1.16.0.201807130628/tools/compiler/bin/../lib/gcc/arm-none-eabi/7.2.1/../../../../arm-none-eabi/lib/thumb/v7e-m/fpv4-sp/hard/libnosys.a(_exit.o)
                              /Applications/Eclipse.app/Contents/Eclipse/plugins/fr.ac6.mcu.externaltools.arm-none.macos64_1.16.0.201807130628/tools/compiler/bin/../lib/gcc/arm-none-eabi/7.2.1/../../../../arm-none-eabi/lib/thumb/v7e-m/fpv4-sp/hard/libc_nano.a(lib_a-exit.o) (_exit)

Allocating common symbols
Common symbol       size              file

retSD               0x1               Src/fatfs.o
uwTick              0x4               Drivers/STM32F4xx_HAL_Driver/Src/stm32f4xx_hal.o
pFlash              0x20              Drivers/STM32F4xx_HAL_Driver/Src/stm32f4xx_hal_flash.o
SDPath              0x4               Src/fatfs.o
htim6               0x3c              Src/stm32f4xx_hal_timebase_TIM.o
hsd                 0x84              Src/sdio.o
SDFile              0x1030            Src/fatfs.o
hsdram1             0x34              Src/fmc.o
SDFatFS             0x1034            Src/fatfs.o

Discarded input sections

 .text          0x0000000000000000        0x0 /Applications/Eclipse.app/Contents/Eclipse/plugins/fr.ac6.mcu.externaltools.arm-none.macos64_1.16.0.201807130628/tools/compiler/bin/../lib/gcc/arm-none-eabi/7.2.1/thumb/v7e-m/fpv4-sp/hard/crti.o
[...]
Memory Configuration

Name             Origin             Length             Attributes
RAM              0x0000000020000000 0x0000000000030000 xrw
CCMRAM           0x0000000010000000 0x0000000000010000 rw
FLASH            0x0000000008000000 0x0000000000200000 xr
*default*        0x0000000000000000 0xffffffffffffffff

Linker script and memory map

LOAD /Applications/Eclipse.app/Contents/Eclipse/plugins/fr.ac6.mcu.externaltools.arm-none.macos64_1.16.0.201807130628/tools/compiler/bin/../lib/gcc/arm-none-eabi/7.2.1/thumb/v7e-m/fpv4-sp/hard/crti.o
LOAD /Applications/Eclipse.app/Contents/Eclipse/plugins/fr.ac6.mcu.externaltools.arm-none.macos64_1.16.0.201807130628/tools/compiler/bin/../lib/gcc/arm-none-eabi/7.2.1/thumb/v7e-m/fpv4-sp/hard/crtbegin.o
LOAD /Applications/Eclipse.app/Contents/Eclipse/plugins/fr.ac6.mcu.externaltools.arm-none.macos64_1.16.0.201807130628/tools/compiler/bin/../lib/gcc/arm-none-eabi/7.2.1/../../../../arm-none-eabi/lib/thumb/v7e-m/fpv4-sp/hard/crt0.o
LOAD Drivers/STM32F4xx_HAL_Driver/Src/stm32f4xx_hal.o
LOAD Drivers/STM32F4xx_HAL_Driver/Src/stm32f4xx_hal_cortex.o
LOAD Drivers/STM32F4xx_HAL_Driver/Src/stm32f4xx_hal_dma.o
LOAD Drivers/STM32F4xx_HAL_Driver/Src/stm32f4xx_hal_dma_ex.o
LOAD Drivers/STM32F4xx_HAL_Driver/Src/stm32f4xx_hal_flash.o
LOAD Drivers/STM32F4xx_HAL_Driver/Src/stm32f4xx_hal_flash_ex.o
LOAD Drivers/STM32F4xx_HAL_Driver/Src/stm32f4xx_hal_flash_ramfunc.o
LOAD Drivers/STM32F4xx_HAL_Driver/Src/stm32f4xx_hal_gpio.o
LOAD Drivers/STM32F4xx_HAL_Driver/Src/stm32f4xx_hal_pwr.o
LOAD Drivers/STM32F4xx_HAL_Driver/Src/stm32f4xx_hal_pwr_ex.o
LOAD Drivers/STM32F4xx_HAL_Driver/Src/stm32f4xx_hal_rcc.o
LOAD Drivers/STM32F4xx_HAL_Driver/Src/stm32f4xx_hal_rcc_ex.o
LOAD Drivers/STM32F4xx_HAL_Driver/Src/stm32f4xx_hal_sd.o
LOAD Drivers/STM32F4xx_HAL_Driver/Src/stm32f4xx_hal_sdram.o
LOAD Drivers/STM32F4xx_HAL_Driver/Src/stm32f4xx_hal_tim.o
LOAD Drivers/STM32F4xx_HAL_Driver/Src/stm32f4xx_hal_tim_ex.o
LOAD Drivers/STM32F4xx_HAL_Driver/Src/stm32f4xx_ll_crc.o
LOAD Drivers/STM32F4xx_HAL_Driver/Src/stm32f4xx_ll_dma.o
LOAD Drivers/STM32F4xx_HAL_Driver/Src/stm32f4xx_ll_exti.o
LOAD Drivers/STM32F4xx_HAL_Driver/Src/stm32f4xx_ll_fmc.o
LOAD Drivers/STM32F4xx_HAL_Driver/Src/stm32f4xx_ll_gpio.o
LOAD Drivers/STM32F4xx_HAL_Driver/Src/stm32f4xx_ll_rcc.o
LOAD Drivers/STM32F4xx_HAL_Driver/Src/stm32f4xx_ll_sdmmc.o
LOAD Drivers/STM32F4xx_HAL_Driver/Src/stm32f4xx_ll_tim.o
LOAD Drivers/STM32F4xx_HAL_Driver/Src/stm32f4xx_ll_utils.o
LOAD Middlewares/Third_Party/FatFs/src/diskio.o
LOAD Middlewares/Third_Party/FatFs/src/ff.o
LOAD Middlewares/Third_Party/FatFs/src/ff_gen_drv.o
LOAD Middlewares/Third_Party/FatFs/src/option/syscall.o
LOAD Src/bsp_driver_sd.o
LOAD Src/crc.o
LOAD Src/fatfs.o
LOAD Src/fmc.o
LOAD Src/gpio.o
LOAD Src/main.o
LOAD Src/sd_diskio.o
LOAD Src/sdio.o
LOAD Src/stm32f4xx_hal_msp.o
LOAD Src/stm32f4xx_hal_timebase_TIM.o
LOAD Src/stm32f4xx_it.o
LOAD Src/system_stm32f4xx.o
LOAD Src/tim.o
LOAD startup/startup_stm32f429xx.o
LOAD /Applications/Eclipse.app/Contents/Eclipse/plugins/fr.ac6.mcu.externaltools.arm-none.macos64_1.16.0.201807130628/tools/compiler/bin/../lib/gcc/arm-none-eabi/7.2.1/../../../../arm-none-eabi/lib/thumb/v7e-m/fpv4-sp/hard/libm.a
START GROUP
LOAD /Applications/Eclipse.app/Contents/Eclipse/plugins/fr.ac6.mcu.externaltools.arm-none.macos64_1.16.0.201807130628/tools/compiler/bin/../lib/gcc/arm-none-eabi/7.2.1/thumb/v7e-m/fpv4-sp/hard/libgcc.a
LOAD /Applications/Eclipse.app/Contents/Eclipse/plugins/fr.ac6.mcu.externaltools.arm-none.macos64_1.16.0.201807130628/tools/compiler/bin/../lib/gcc/arm-none-eabi/7.2.1/../../../../arm-none-eabi/lib/thumb/v7e-m/fpv4-sp/hard/libc_nano.a
END GROUP
START GROUP
LOAD /Applications/Eclipse.app/Contents/Eclipse/plugins/fr.ac6.mcu.externaltools.arm-none.macos64_1.16.0.201807130628/tools/compiler/bin/../lib/gcc/arm-none-eabi/7.2.1/thumb/v7e-m/fpv4-sp/hard/libgcc.a
LOAD /Applications/Eclipse.app/Contents/Eclipse/plugins/fr.ac6.mcu.externaltools.arm-none.macos64_1.16.0.201807130628/tools/compiler/bin/../lib/gcc/arm-none-eabi/7.2.1/../../../../arm-none-eabi/lib/thumb/v7e-m/fpv4-sp/hard/libc_nano.a
LOAD /Applications/Eclipse.app/Contents/Eclipse/plugins/fr.ac6.mcu.externaltools.arm-none.macos64_1.16.0.201807130628/tools/compiler/bin/../lib/gcc/arm-none-eabi/7.2.1/../../../../arm-none-eabi/lib/thumb/v7e-m/fpv4-sp/hard/libnosys.a
END GROUP
START GROUP
LOAD /Applications/Eclipse.app/Contents/Eclipse/plugins/fr.ac6.mcu.externaltools.arm-none.macos64_1.16.0.201807130628/tools/compiler/bin/../lib/gcc/arm-none-eabi/7.2.1/thumb/v7e-m/fpv4-sp/hard/libgcc.a
LOAD /Applications/Eclipse.app/Contents/Eclipse/plugins/fr.ac6.mcu.externaltools.arm-none.macos64_1.16.0.201807130628/tools/compiler/bin/../lib/gcc/arm-none-eabi/7.2.1/../../../../arm-none-eabi/lib/thumb/v7e-m/fpv4-sp/hard/libc_nano.a
LOAD /Applications/Eclipse.app/Contents/Eclipse/plugins/fr.ac6.mcu.externaltools.arm-none.macos64_1.16.0.201807130628/tools/compiler/bin/../lib/gcc/arm-none-eabi/7.2.1/../../../../arm-none-eabi/lib/thumb/v7e-m/fpv4-sp/hard/libnosys.a
END GROUP
LOAD /Applications/Eclipse.app/Contents/Eclipse/plugins/fr.ac6.mcu.externaltools.arm-none.macos64_1.16.0.201807130628/tools/compiler/bin/../lib/gcc/arm-none-eabi/7.2.1/thumb/v7e-m/fpv4-sp/hard/crtend.o
LOAD /Applications/Eclipse.app/Contents/Eclipse/plugins/fr.ac6.mcu.externaltools.arm-none.macos64_1.16.0.201807130628/tools/compiler/bin/../lib/gcc/arm-none-eabi/7.2.1/thumb/v7e-m/fpv4-sp/hard/crtn.o
                0x0000000020030000                _estack = 0x20030000
                0x0000000000002000                _Min_Heap_Size = 0x2000
                0x0000000000004000                _Min_Stack_Size = 0x4000

.isr_vector     0x0000000008000000      0x1ac
                0x0000000008000000                . = ALIGN (0x4)
 *(.isr_vector)
 .isr_vector    0x0000000008000000      0x1ac startup/startup_stm32f429xx.o
                0x0000000008000000                g_pfnVectors
                0x00000000080001ac                . = ALIGN (0x4)

.text           0x00000000080001ac     0x4518
                0x00000000080001ac                . = ALIGN (0x4)
 *(.text)
 .text          0x00000000080001ac       0x40 /Applications/Eclipse.app/Contents/Eclipse/plugins/fr.ac6.mcu.externaltools.arm-none.macos64_1.16.0.201807130628/tools/compiler/bin/../lib/gcc/arm-none-eabi/7.2.1/thumb/v7e-m/fpv4-sp/hard/crtbegin.o
 *(.text*)
 .text.HAL_Init
                0x00000000080001ec       0x34 Drivers/STM32F4xx_HAL_Driver/Src/stm32f4xx_hal.o
                0x00000000080001ec                HAL_Init
 .text.HAL_IncTick
                0x0000000008000220       0x18 Drivers/STM32F4xx_HAL_Driver/Src/stm32f4xx_hal.o
                0x0000000008000220                HAL_IncTick
 .text.HAL_GetTick
                0x0000000008000238        0xc Drivers/STM32F4xx_HAL_Driver/Src/stm32f4xx_hal.o
                0x0000000008000238                HAL_GetTick
 .text.HAL_Delay
                0x0000000008000244       0x28 Drivers/STM32F4xx_HAL_Driver/Src/stm32f4xx_hal.o
                0x0000000008000244                HAL_Delay
 .text.HAL_NVIC_SetPriorityGrouping
                0x000000000800026c       0x24 Drivers/STM32F4xx_HAL_Driver/Src/stm32f4xx_hal_cortex.o
                0x000000000800026c                HAL_NVIC_SetPriorityGrouping
 .text.HAL_NVIC_SetPriority
                0x0000000008000290       0x68 Drivers/STM32F4xx_HAL_Driver/Src/stm32f4xx_hal_cortex.o
                0x0000000008000290                HAL_NVIC_SetPriority
 .text.HAL_NVIC_EnableIRQ
                0x00000000080002f8       0x18 Drivers/STM32F4xx_HAL_Driver/Src/stm32f4xx_hal_cortex.o
                0x00000000080002f8                HAL_NVIC_EnableIRQ
 .text.HAL_SYSTICK_Callback
                0x0000000008000310        0x2 Drivers/STM32F4xx_HAL_Driver/Src/stm32f4xx_hal_cortex.o
                0x0000000008000310                HAL_SYSTICK_Callback
 .text.HAL_SYSTICK_IRQHandler
                0x0000000008000312        0x8 Drivers/STM32F4xx_HAL_Driver/Src/stm32f4xx_hal_cortex.o
                0x0000000008000312                HAL_SYSTICK_IRQHandler
 .text.HAL_DMA_Abort_IT
                0x000000000800031a       0x26 Drivers/STM32F4xx_HAL_Driver/Src/stm32f4xx_hal_dma.o
                0x000000000800031a                HAL_DMA_Abort_IT
 .text.HAL_GPIO_Init
                0x0000000008000340      0x1e0 Drivers/STM32F4xx_HAL_Driver/Src/stm32f4xx_hal_gpio.o
                0x0000000008000340                HAL_GPIO_Init
 .text.HAL_RCC_GetHCLKFreq
                0x0000000008000520        0xc Drivers/STM32F4xx_HAL_Driver/Src/stm32f4xx_hal_rcc.o
                0x0000000008000520                HAL_RCC_GetHCLKFreq
 .text.HAL_RCC_GetPCLK1Freq
                0x000000000800052c       0x20 Drivers/STM32F4xx_HAL_Driver/Src/stm32f4xx_hal_rcc.o
                0x000000000800052c                HAL_RCC_GetPCLK1Freq
 .text.HAL_RCC_GetClockConfig
                0x000000000800054c       0x3c Drivers/STM32F4xx_HAL_Driver/Src/stm32f4xx_hal_rcc.o
                0x000000000800054c                HAL_RCC_GetClockConfig
 .text.SD_PowerON
                0x0000000008000588       0xdc Drivers/STM32F4xx_HAL_Driver/Src/stm32f4xx_hal_sd.o
 .text.SD_Read_IT
                0x0000000008000664       0x24 Drivers/STM32F4xx_HAL_Driver/Src/stm32f4xx_hal_sd.o
 .text.SD_Write_IT
                0x0000000008000688       0x24 Drivers/STM32F4xx_HAL_Driver/Src/stm32f4xx_hal_sd.o
 .text.SD_SendStatus
                0x00000000080006ac       0x2c Drivers/STM32F4xx_HAL_Driver/Src/stm32f4xx_hal_sd.o
 .text.HAL_SD_ReadBlocks
                0x00000000080006d8      0x21a Drivers/STM32F4xx_HAL_Driver/Src/stm32f4xx_hal_sd.o
                0x00000000080006d8                HAL_SD_ReadBlocks
 .text.HAL_SD_WriteBlocks
                0x00000000080008f2      0x1de Drivers/STM32F4xx_HAL_Driver/Src/stm32f4xx_hal_sd.o
                0x00000000080008f2                HAL_SD_WriteBlocks
 .text.HAL_SD_ErrorCallback
                0x0000000008000ad0        0x2 Drivers/STM32F4xx_HAL_Driver/Src/stm32f4xx_hal_sd.o
                0x0000000008000ad0                HAL_SD_ErrorCallback
 .text.HAL_SD_GetCardCSD
                0x0000000008000ad2      0x1e2 Drivers/STM32F4xx_HAL_Driver/Src/stm32f4xx_hal_sd.o
                0x0000000008000ad2                HAL_SD_GetCardCSD
 .text.SD_InitCard
                0x0000000008000cb4       0xf6 Drivers/STM32F4xx_HAL_Driver/Src/stm32f4xx_hal_sd.o
 *fill*         0x0000000008000daa        0x2 
 .text.HAL_SD_InitCard
                0x0000000008000dac       0x78 Drivers/STM32F4xx_HAL_Driver/Src/stm32f4xx_hal_sd.o
                0x0000000008000dac                HAL_SD_InitCard
 .text.HAL_SD_Init
                0x0000000008000e24       0x32 Drivers/STM32F4xx_HAL_Driver/Src/stm32f4xx_hal_sd.o
                0x0000000008000e24                HAL_SD_Init
 .text.HAL_SD_GetCardInfo
                0x0000000008000e56       0x24 Drivers/STM32F4xx_HAL_Driver/Src/stm32f4xx_hal_sd.o
                0x0000000008000e56                HAL_SD_GetCardInfo
 .text.HAL_SD_GetCardState
                0x0000000008000e7a       0x26 Drivers/STM32F4xx_HAL_Driver/Src/stm32f4xx_hal_sd.o
                0x0000000008000e7a                HAL_SD_GetCardState
 .text.SD_DMATxAbort
                0x0000000008000ea0       0x4a Drivers/STM32F4xx_HAL_Driver/Src/stm32f4xx_hal_sd.o
 .text.SD_DMARxAbort
                0x0000000008000eea       0x4a Drivers/STM32F4xx_HAL_Driver/Src/stm32f4xx_hal_sd.o
 .text.HAL_SD_IRQHandler
                0x0000000008000f34      0x1dc Drivers/STM32F4xx_HAL_Driver/Src/stm32f4xx_hal_sd.o
                0x0000000008000f34                HAL_SD_IRQHandler
 .text.HAL_SDRAM_Init
                0x0000000008001110       0x3e Drivers/STM32F4xx_HAL_Driver/Src/stm32f4xx_hal_sdram.o
                0x0000000008001110                HAL_SDRAM_Init
 .text.HAL_SDRAM_SendCommand
                0x000000000800114e       0x3a Drivers/STM32F4xx_HAL_Driver/Src/stm32f4xx_hal_sdram.o
                0x000000000800114e                HAL_SDRAM_SendCommand
 .text.HAL_SDRAM_ProgramRefreshRate
                0x0000000008001188       0x28 Drivers/STM32F4xx_HAL_Driver/Src/stm32f4xx_hal_sdram.o
                0x0000000008001188                HAL_SDRAM_ProgramRefreshRate
 .text.HAL_TIM_Base_MspInit
                0x00000000080011b0        0x2 Drivers/STM32F4xx_HAL_Driver/Src/stm32f4xx_hal_tim.o
                0x00000000080011b0                HAL_TIM_Base_MspInit
 .text.HAL_TIM_Base_Start_IT
                0x00000000080011b2       0x18 Drivers/STM32F4xx_HAL_Driver/Src/stm32f4xx_hal_tim.o
                0x00000000080011b2                HAL_TIM_Base_Start_IT
 .text.HAL_TIM_OC_DelayElapsedCallback
                0x00000000080011ca        0x2 Drivers/STM32F4xx_HAL_Driver/Src/stm32f4xx_hal_tim.o
                0x00000000080011ca                HAL_TIM_OC_DelayElapsedCallback
 .text.HAL_TIM_IC_CaptureCallback
                0x00000000080011cc        0x2 Drivers/STM32F4xx_HAL_Driver/Src/stm32f4xx_hal_tim.o
                0x00000000080011cc                HAL_TIM_IC_CaptureCallback
 .text.HAL_TIM_PWM_PulseFinishedCallback
                0x00000000080011ce        0x2 Drivers/STM32F4xx_HAL_Driver/Src/stm32f4xx_hal_tim.o
                0x00000000080011ce                HAL_TIM_PWM_PulseFinishedCallback
 .text.HAL_TIM_TriggerCallback
                0x00000000080011d0        0x2 Drivers/STM32F4xx_HAL_Driver/Src/stm32f4xx_hal_tim.o
                0x00000000080011d0                HAL_TIM_TriggerCallback
 .text.HAL_TIM_IRQHandler
                0x00000000080011d2      0x17a Drivers/STM32F4xx_HAL_Driver/Src/stm32f4xx_hal_tim.o
                0x00000000080011d2                HAL_TIM_IRQHandler
 .text.TIM_Base_SetConfig
                0x000000000800134c       0xc0 Drivers/STM32F4xx_HAL_Driver/Src/stm32f4xx_hal_tim.o
                0x000000000800134c                TIM_Base_SetConfig
 .text.HAL_TIM_Base_Init
                0x000000000800140c       0x32 Drivers/STM32F4xx_HAL_Driver/Src/stm32f4xx_hal_tim.o
                0x000000000800140c                HAL_TIM_Base_Init
 .text.HAL_TIMEx_CommutationCallback
                0x000000000800143e        0x2 Drivers/STM32F4xx_HAL_Driver/Src/stm32f4xx_hal_tim_ex.o
                0x000000000800143e                HAL_TIMEx_CommutationCallback
 .text.HAL_TIMEx_BreakCallback
                0x0000000008001440        0x2 Drivers/STM32F4xx_HAL_Driver/Src/stm32f4xx_hal_tim_ex.o
                0x0000000008001440                HAL_TIMEx_BreakCallback
 *fill*         0x0000000008001442        0x2 
 .text.LL_EXTI_Init
                0x0000000008001444       0xdc Drivers/STM32F4xx_HAL_Driver/Src/stm32f4xx_ll_exti.o
                0x0000000008001444                LL_EXTI_Init
 .text.FMC_SDRAM_Init
                0x0000000008001520       0x78 Drivers/STM32F4xx_HAL_Driver/Src/stm32f4xx_ll_fmc.o
                0x0000000008001520                FMC_SDRAM_Init
 .text.FMC_SDRAM_Timing_Init
                0x0000000008001598       0x96 Drivers/STM32F4xx_HAL_Driver/Src/stm32f4xx_ll_fmc.o
                0x0000000008001598                FMC_SDRAM_Timing_Init
 .text.FMC_SDRAM_SendCommand
                0x000000000800162e       0x54 Drivers/STM32F4xx_HAL_Driver/Src/stm32f4xx_ll_fmc.o
                0x000000000800162e                FMC_SDRAM_SendCommand
 .text.FMC_SDRAM_ProgramRefreshRate
                0x0000000008001682        0xc Drivers/STM32F4xx_HAL_Driver/Src/stm32f4xx_ll_fmc.o
                0x0000000008001682                FMC_SDRAM_ProgramRefreshRate
 .text.LL_GPIO_Init
                0x000000000800168e      0x132 Drivers/STM32F4xx_HAL_Driver/Src/stm32f4xx_ll_gpio.o
                0x000000000800168e                LL_GPIO_Init
 .text.SDMMC_GetCmdError
                0x00000000080017c0       0x3c Drivers/STM32F4xx_HAL_Driver/Src/stm32f4xx_ll_sdmmc.o
 .text.SDMMC_GetCmdResp2
                0x00000000080017fc       0x5c Drivers/STM32F4xx_HAL_Driver/Src/stm32f4xx_ll_sdmmc.o
 .text.SDMMC_GetCmdResp3
                0x0000000008001858       0x4c Drivers/STM32F4xx_HAL_Driver/Src/stm32f4xx_ll_sdmmc.o
 .text.SDMMC_GetCmdResp7
                0x00000000080018a4       0x54 Drivers/STM32F4xx_HAL_Driver/Src/stm32f4xx_ll_sdmmc.o
 .text.SDIO_Init
                0x00000000080018f8       0x38 Drivers/STM32F4xx_HAL_Driver/Src/stm32f4xx_ll_sdmmc.o
                0x00000000080018f8                SDIO_Init
 .text.SDIO_ReadFIFO
                0x0000000008001930        0x6 Drivers/STM32F4xx_HAL_Driver/Src/stm32f4xx_ll_sdmmc.o
                0x0000000008001930                SDIO_ReadFIFO
 .text.SDIO_WriteFIFO
                0x0000000008001936        0xa Drivers/STM32F4xx_HAL_Driver/Src/stm32f4xx_ll_sdmmc.o
                0x0000000008001936                SDIO_WriteFIFO
 .text.SDIO_PowerState_ON
                0x0000000008001940        0x8 Drivers/STM32F4xx_HAL_Driver/Src/stm32f4xx_ll_sdmmc.o
                0x0000000008001940                SDIO_PowerState_ON
 .text.SDIO_GetPowerState
                0x0000000008001948        0x8 Drivers/STM32F4xx_HAL_Driver/Src/stm32f4xx_ll_sdmmc.o
                0x0000000008001948                SDIO_GetPowerState
 .text.SDIO_SendCommand
                0x0000000008001950       0x24 Drivers/STM32F4xx_HAL_Driver/Src/stm32f4xx_ll_sdmmc.o
                0x0000000008001950                SDIO_SendCommand
 .text.SDIO_GetCommandResponse
                0x0000000008001974        0x6 Drivers/STM32F4xx_HAL_Driver/Src/stm32f4xx_ll_sdmmc.o
                0x0000000008001974                SDIO_GetCommandResponse
 .text.SDIO_GetResponse
                0x000000000800197a       0x14 Drivers/STM32F4xx_HAL_Driver/Src/stm32f4xx_ll_sdmmc.o
                0x000000000800197a                SDIO_GetResponse
 *fill*         0x000000000800198e        0x2 
 .text.SDMMC_GetCmdResp1
                0x0000000008001990      0x154 Drivers/STM32F4xx_HAL_Driver/Src/stm32f4xx_ll_sdmmc.o
 .text.SDMMC_GetCmdResp6
                0x0000000008001ae4       0xa0 Drivers/STM32F4xx_HAL_Driver/Src/stm32f4xx_ll_sdmmc.o
 .text.SDIO_ConfigData
                0x0000000008001b84       0x24 Drivers/STM32F4xx_HAL_Driver/Src/stm32f4xx_ll_sdmmc.o
                0x0000000008001b84                SDIO_ConfigData
 .text.SDMMC_CmdBlockLength
                0x0000000008001ba8       0x30 Drivers/STM32F4xx_HAL_Driver/Src/stm32f4xx_ll_sdmmc.o
                0x0000000008001ba8                SDMMC_CmdBlockLength
 .text.SDMMC_CmdReadSingleBlock
                0x0000000008001bd8       0x30 Drivers/STM32F4xx_HAL_Driver/Src/stm32f4xx_ll_sdmmc.o
                0x0000000008001bd8                SDMMC_CmdReadSingleBlock
 .text.SDMMC_CmdReadMultiBlock
                0x0000000008001c08       0x30 Drivers/STM32F4xx_HAL_Driver/Src/stm32f4xx_ll_sdmmc.o
                0x0000000008001c08                SDMMC_CmdReadMultiBlock
 .text.SDMMC_CmdWriteSingleBlock
                0x0000000008001c38       0x30 Drivers/STM32F4xx_HAL_Driver/Src/stm32f4xx_ll_sdmmc.o
                0x0000000008001c38                SDMMC_CmdWriteSingleBlock
 .text.SDMMC_CmdWriteMultiBlock
                0x0000000008001c68       0x30 Drivers/STM32F4xx_HAL_Driver/Src/stm32f4xx_ll_sdmmc.o
                0x0000000008001c68                SDMMC_CmdWriteMultiBlock
 .text.SDMMC_CmdStopTransfer
                0x0000000008001c98       0x34 Drivers/STM32F4xx_HAL_Driver/Src/stm32f4xx_ll_sdmmc.o
                0x0000000008001c98                SDMMC_CmdStopTransfer
 .text.SDMMC_CmdSelDesel
                0x0000000008001ccc       0x30 Drivers/STM32F4xx_HAL_Driver/Src/stm32f4xx_ll_sdmmc.o
                0x0000000008001ccc                SDMMC_CmdSelDesel
 .text.SDMMC_CmdGoIdleState
                0x0000000008001cfc       0x26 Drivers/STM32F4xx_HAL_Driver/Src/stm32f4xx_ll_sdmmc.o
                0x0000000008001cfc                SDMMC_CmdGoIdleState
 .text.SDMMC_CmdOperCond
                0x0000000008001d22       0x2e Drivers/STM32F4xx_HAL_Driver/Src/stm32f4xx_ll_sdmmc.o
                0x0000000008001d22                SDMMC_CmdOperCond
 .text.SDMMC_CmdAppCommand
                0x0000000008001d50       0x30 Drivers/STM32F4xx_HAL_Driver/Src/stm32f4xx_ll_sdmmc.o
                0x0000000008001d50                SDMMC_CmdAppCommand
 .text.SDMMC_CmdAppOperCommand
                0x0000000008001d80       0x32 Drivers/STM32F4xx_HAL_Driver/Src/stm32f4xx_ll_sdmmc.o
                0x0000000008001d80                SDMMC_CmdAppOperCommand
 .text.SDMMC_CmdSendCID
                0x0000000008001db2       0x2a Drivers/STM32F4xx_HAL_Driver/Src/stm32f4xx_ll_sdmmc.o
                0x0000000008001db2                SDMMC_CmdSendCID
 .text.SDMMC_CmdSendCSD
                0x0000000008001ddc       0x2a Drivers/STM32F4xx_HAL_Driver/Src/stm32f4xx_ll_sdmmc.o
                0x0000000008001ddc                SDMMC_CmdSendCSD
 .text.SDMMC_CmdSetRelAdd
                0x0000000008001e06       0x30 Drivers/STM32F4xx_HAL_Driver/Src/stm32f4xx_ll_sdmmc.o
                0x0000000008001e06                SDMMC_CmdSetRelAdd
 .text.SDMMC_CmdSendStatus
                0x0000000008001e36       0x30 Drivers/STM32F4xx_HAL_Driver/Src/stm32f4xx_ll_sdmmc.o
                0x0000000008001e36                SDMMC_CmdSendStatus
 *fill*         0x0000000008001e66        0x2 
 .text.LL_TIM_Init
                0x0000000008001e68       0xc8 Drivers/STM32F4xx_HAL_Driver/Src/stm32f4xx_ll_tim.o
                0x0000000008001e68                LL_TIM_Init
 .text.LL_Init1msTick
                0x0000000008001f30       0x20 Drivers/STM32F4xx_HAL_Driver/Src/stm32f4xx_ll_utils.o
                0x0000000008001f30                LL_Init1msTick
 .text.LL_SetSystemCoreClock
                0x0000000008001f50        0xc Drivers/STM32F4xx_HAL_Driver/Src/stm32f4xx_ll_utils.o
                0x0000000008001f50                LL_SetSystemCoreClock
 .text.disk_status
                0x0000000008001f5c       0x18 Middlewares/Third_Party/FatFs/src/diskio.o
                0x0000000008001f5c                disk_status
 .text.disk_initialize
                0x0000000008001f74       0x28 Middlewares/Third_Party/FatFs/src/diskio.o
                0x0000000008001f74                disk_initialize
 .text.disk_read
                0x0000000008001f9c       0x18 Middlewares/Third_Party/FatFs/src/diskio.o
                0x0000000008001f9c                disk_read
 .text.disk_write
                0x0000000008001fb4       0x18 Middlewares/Third_Party/FatFs/src/diskio.o
                0x0000000008001fb4                disk_write
 .text.disk_ioctl
                0x0000000008001fcc       0x18 Middlewares/Third_Party/FatFs/src/diskio.o
                0x0000000008001fcc                disk_ioctl
 .text.ld_word  0x0000000008001fe4        0xa Middlewares/Third_Party/FatFs/src/ff.o
 .text.ld_dword
                0x0000000008001fee       0x16 Middlewares/Third_Party/FatFs/src/ff.o
 .text.st_word  0x0000000008002004        0x8 Middlewares/Third_Party/FatFs/src/ff.o
 .text.st_dword
                0x000000000800200c       0x14 Middlewares/Third_Party/FatFs/src/ff.o
 .text.mem_cpy  0x0000000008002020       0x12 Middlewares/Third_Party/FatFs/src/ff.o
 .text.mem_set  0x0000000008002032        0xa Middlewares/Third_Party/FatFs/src/ff.o
 .text.mem_cmp  0x000000000800203c       0x1e Middlewares/Third_Party/FatFs/src/ff.o
 .text.chk_chr  0x000000000800205a       0x10 Middlewares/Third_Party/FatFs/src/ff.o
 *fill*         0x000000000800206a        0x2 
 .text.chk_lock
                0x000000000800206c       0x74 Middlewares/Third_Party/FatFs/src/ff.o
 .text.enq_lock
                0x00000000080020e0       0x20 Middlewares/Third_Party/FatFs/src/ff.o
 .text.inc_lock
                0x0000000008002100       0xa4 Middlewares/Third_Party/FatFs/src/ff.o
 .text.dec_lock
                0x00000000080021a4       0x40 Middlewares/Third_Party/FatFs/src/ff.o
 .text.clear_lock
                0x00000000080021e4       0x3c Middlewares/Third_Party/FatFs/src/ff.o
 .text.clust2sect
                0x0000000008002220       0x18 Middlewares/Third_Party/FatFs/src/ff.o
 .text.clmt_clust
                0x0000000008002238       0x2c Middlewares/Third_Party/FatFs/src/ff.o
 .text.ld_clust
                0x0000000008002264       0x26 Middlewares/Third_Party/FatFs/src/ff.o
 .text.st_clust
                0x000000000800228a       0x26 Middlewares/Third_Party/FatFs/src/ff.o
 .text.create_name
                0x00000000080022b0       0xcc Middlewares/Third_Party/FatFs/src/ff.o
 .text.get_ldnumber
                0x000000000800237c       0x54 Middlewares/Third_Party/FatFs/src/ff.o
 .text.validate
                0x00000000080023d0       0x34 Middlewares/Third_Party/FatFs/src/ff.o
 .text.sync_window
                0x0000000008002404       0x54 Middlewares/Third_Party/FatFs/src/ff.o
 .text.move_window
                0x0000000008002458       0x34 Middlewares/Third_Party/FatFs/src/ff.o
 .text.check_fs
                0x000000000800248c       0x7c Middlewares/Third_Party/FatFs/src/ff.o
 .text.find_volume
                0x0000000008002508      0x350 Middlewares/Third_Party/FatFs/src/ff.o
 .text.put_fat  0x0000000008002858      0x13a Middlewares/Third_Party/FatFs/src/ff.o
 .text.get_fat  0x0000000008002992       0xfe Middlewares/Third_Party/FatFs/src/ff.o
 .text.dir_sdi  0x0000000008002a90       0xb2 Middlewares/Third_Party/FatFs/src/ff.o
 .text.create_chain
                0x0000000008002b42       0xc4 Middlewares/Third_Party/FatFs/src/ff.o
 .text.remove_chain
                0x0000000008002c06       0x88 Middlewares/Third_Party/FatFs/src/ff.o
 .text.dir_next
                0x0000000008002c8e      0x114 Middlewares/Third_Party/FatFs/src/ff.o
 .text.dir_find
                0x0000000008002da2       0x5a Middlewares/Third_Party/FatFs/src/ff.o
 .text.follow_path
                0x0000000008002dfc       0x92 Middlewares/Third_Party/FatFs/src/ff.o
 .text.dir_alloc
                0x0000000008002e8e       0x50 Middlewares/Third_Party/FatFs/src/ff.o
 .text.dir_register
                0x0000000008002ede       0x3e Middlewares/Third_Party/FatFs/src/ff.o
 .text.sync_fs  0x0000000008002f1c       0x88 Middlewares/Third_Party/FatFs/src/ff.o
 .text.f_mount  0x0000000008002fa4       0x64 Middlewares/Third_Party/FatFs/src/ff.o
                0x0000000008002fa4                f_mount
 .text.f_open   0x0000000008003008      0x236 Middlewares/Third_Party/FatFs/src/ff.o
                0x0000000008003008                f_open
 .text.f_read   0x000000000800323e      0x1b2 Middlewares/Third_Party/FatFs/src/ff.o
                0x000000000800323e                f_read
 .text.f_write  0x00000000080033f0      0x1ea Middlewares/Third_Party/FatFs/src/ff.o
                0x00000000080033f0                f_write
 .text.f_sync   0x00000000080035da       0xa0 Middlewares/Third_Party/FatFs/src/ff.o
                0x00000000080035da                f_sync
 .text.f_close  0x000000000800367a       0x34 Middlewares/Third_Party/FatFs/src/ff.o
                0x000000000800367a                f_close
 *fill*         0x00000000080036ae        0x2 
 .text.FATFS_LinkDriverEx
                0x00000000080036b0       0x48 Middlewares/Third_Party/FatFs/src/ff_gen_drv.o
                0x00000000080036b0                FATFS_LinkDriverEx
 .text.FATFS_LinkDriver
                0x00000000080036f8        0xa Middlewares/Third_Party/FatFs/src/ff_gen_drv.o
                0x00000000080036f8                FATFS_LinkDriver
 *fill*         0x0000000008003702        0x2 
 .text.BSP_SD_ReadBlocks
                0x0000000008003704       0x20 Src/bsp_driver_sd.o
                0x0000000008003704                BSP_SD_ReadBlocks
 .text.BSP_SD_WriteBlocks
                0x0000000008003724       0x20 Src/bsp_driver_sd.o
                0x0000000008003724                BSP_SD_WriteBlocks
 .text.BSP_SD_GetCardState
                0x0000000008003744       0x14 Src/bsp_driver_sd.o
                0x0000000008003744                BSP_SD_GetCardState
 .text.BSP_SD_GetCardInfo
                0x0000000008003758       0x10 Src/bsp_driver_sd.o
                0x0000000008003758                BSP_SD_GetCardInfo
 .text.BSP_SD_AbortCallback
                0x0000000008003768        0x2 Src/bsp_driver_sd.o
                0x0000000008003768                BSP_SD_AbortCallback
 .text.HAL_SD_AbortCallback
                0x000000000800376a        0x8 Src/bsp_driver_sd.o
                0x000000000800376a                HAL_SD_AbortCallback
 .text.BSP_SD_WriteCpltCallback
                0x0000000008003772        0x2 Src/bsp_driver_sd.o
                0x0000000008003772                BSP_SD_WriteCpltCallback
 .text.HAL_SD_TxCpltCallback
                0x0000000008003774        0x8 Src/bsp_driver_sd.o
                0x0000000008003774                HAL_SD_TxCpltCallback
 .text.BSP_SD_ReadCpltCallback
                0x000000000800377c        0x2 Src/bsp_driver_sd.o
                0x000000000800377c                BSP_SD_ReadCpltCallback
 .text.HAL_SD_RxCpltCallback
                0x000000000800377e        0x8 Src/bsp_driver_sd.o
                0x000000000800377e                HAL_SD_RxCpltCallback
 .text.BSP_SD_IsDetected
                0x0000000008003786       0x10 Src/bsp_driver_sd.o
                0x0000000008003786                BSP_SD_IsDetected
 *fill*         0x0000000008003796        0x2 
 .text.BSP_SD_Init
                0x0000000008003798       0x1c Src/bsp_driver_sd.o
                0x0000000008003798                BSP_SD_Init
 .text.MX_CRC_Init
                0x00000000080037b4       0x20 Src/crc.o
                0x00000000080037b4                MX_CRC_Init
 .text.MX_FATFS_Init
                0x00000000080037d4       0x1c Src/fatfs.o
                0x00000000080037d4                MX_FATFS_Init
 .text.get_fattime
                0x00000000080037f0        0x4 Src/fatfs.o
                0x00000000080037f0                get_fattime
 .text.HAL_FMC_MspInit
                0x00000000080037f4       0xdc Src/fmc.o
 .text.SDRAM_Initialization_Sequence
                0x00000000080038d0       0x98 Src/fmc.o
                0x00000000080038d0                SDRAM_Initialization_Sequence
 .text.write_8b_buffer_SDRAM
                0x0000000008003968       0x1e Src/fmc.o
                0x0000000008003968                write_8b_buffer_SDRAM
 .text.write_16b_buffer_SDRAM
                0x0000000008003986       0x1e Src/fmc.o
                0x0000000008003986                write_16b_buffer_SDRAM
 .text.write_32b_buffer_SDRAM
                0x00000000080039a4       0x1c Src/fmc.o
                0x00000000080039a4                write_32b_buffer_SDRAM
 .text.read_8b_buffer_SDRAM
                0x00000000080039c0       0x1e Src/fmc.o
                0x00000000080039c0                read_8b_buffer_SDRAM
 .text.read_16b_buffer_SDRAM
                0x00000000080039de       0x1e Src/fmc.o
                0x00000000080039de                read_16b_buffer_SDRAM
 .text.read_32b_buffer_SDRAM
                0x00000000080039fc       0x1e Src/fmc.o
                0x00000000080039fc                read_32b_buffer_SDRAM
 .text.SDRAM_read_write_test
                0x0000000008003a1a      0x13e Src/fmc.o
                0x0000000008003a1a                SDRAM_read_write_test
 .text.MX_FMC_Init
                0x0000000008003b58       0x70 Src/fmc.o
                0x0000000008003b58                MX_FMC_Init
 .text.HAL_SDRAM_MspInit
                0x0000000008003bc8        0x8 Src/fmc.o
                0x0000000008003bc8                HAL_SDRAM_MspInit
 .text.MX_GPIO_Init
                0x0000000008003bd0      0x4ac Src/gpio.o
                0x0000000008003bd0                MX_GPIO_Init
 .text.HAL_TIM_PeriodElapsedCallback
                0x000000000800407c       0x18 Src/main.o
                0x000000000800407c                HAL_TIM_PeriodElapsedCallback
 .text._Error_Handler
                0x0000000008004094        0x2 Src/main.o
                0x0000000008004094                _Error_Handler
 *fill*         0x0000000008004096        0x2 
 .text.SystemClock_Config
                0x0000000008004098      0x114 Src/main.o
                0x0000000008004098                SystemClock_Config
 .text.main     0x00000000080041ac       0x56 Src/main.o
                0x00000000080041ac                main
 *fill*         0x0000000008004202        0x2 
 .text.SD_CheckStatus
                0x0000000008004204       0x24 Src/sd_diskio.o
 .text.SD_initialize
                0x0000000008004228       0x28 Src/sd_diskio.o
                0x0000000008004228                SD_initialize
 .text.SD_status
                0x0000000008004250        0x8 Src/sd_diskio.o
                0x0000000008004250                SD_status
 .text.SD_read  0x0000000008004258       0x20 Src/sd_diskio.o
                0x0000000008004258                SD_read
 .text.SD_write
                0x0000000008004278       0x20 Src/sd_diskio.o
                0x0000000008004278                SD_write
 .text.SD_ioctl
                0x0000000008004298       0x5c Src/sd_diskio.o
                0x0000000008004298                SD_ioctl
 .text.MX_SDIO_SD_Init
                0x00000000080042f4       0x28 Src/sdio.o
                0x00000000080042f4                MX_SDIO_SD_Init
 .text.HAL_SD_MspInit
                0x000000000800431c       0x7c Src/sdio.o
                0x000000000800431c                HAL_SD_MspInit
 .text.sd_read_write_test
                0x0000000008004398       0x94 Src/sdio.o
                0x0000000008004398                sd_read_write_test
 .text.HAL_MspInit
                0x000000000800442c       0x94 Src/stm32f4xx_hal_msp.o
                0x000000000800442c                HAL_MspInit
 .text.HAL_InitTick
                0x00000000080044c0       0x7c Src/stm32f4xx_hal_timebase_TIM.o
                0x00000000080044c0                HAL_InitTick
 .text.SVC_Handler
                0x000000000800453c        0x2 Src/stm32f4xx_it.o
                0x000000000800453c                SVC_Handler
 .text.PendSV_Handler
                0x000000000800453e        0x2 Src/stm32f4xx_it.o
                0x000000000800453e                PendSV_Handler
 .text.SysTick_Handler
                0x0000000008004540        0x8 Src/stm32f4xx_it.o
                0x0000000008004540                SysTick_Handler
 .text.SDIO_IRQHandler
                0x0000000008004548       0x10 Src/stm32f4xx_it.o
                0x0000000008004548                SDIO_IRQHandler
 .text.TIM6_DAC_IRQHandler
                0x0000000008004558       0x10 Src/stm32f4xx_it.o
                0x0000000008004558                TIM6_DAC_IRQHandler
 .text.SystemInit
                0x0000000008004568       0x4c Src/system_stm32f4xx.o
                0x0000000008004568                SystemInit
 .text.MX_TIM1_Init
                0x00000000080045b4       0x5c Src/tim.o
                0x00000000080045b4                MX_TIM1_Init
 .text.Reset_Handler
                0x0000000008004610       0x50 startup/startup_stm32f429xx.o
                0x0000000008004610                Reset_Handler
 .text.Default_Handler
                0x0000000008004660        0x2 startup/startup_stm32f429xx.o
                0x0000000008004660                DMA1_Stream3_IRQHandler
                0x0000000008004660                HASH_RNG_IRQHandler
                0x0000000008004660                EXTI2_IRQHandler
                0x0000000008004660                TIM8_CC_IRQHandler
                0x0000000008004660                DebugMon_Handler
                0x0000000008004660                UART8_IRQHandler
                0x0000000008004660                SPI4_IRQHandler
                0x0000000008004660                TIM1_CC_IRQHandler
                0x0000000008004660                DMA2_Stream5_IRQHandler
                0x0000000008004660                HardFault_Handler
                0x0000000008004660                DMA1_Stream5_IRQHandler
                0x0000000008004660                PVD_IRQHandler
                0x0000000008004660                TAMP_STAMP_IRQHandler
                0x0000000008004660                NMI_Handler
                0x0000000008004660                CAN2_RX1_IRQHandler
                0x0000000008004660                EXTI3_IRQHandler
                0x0000000008004660                TIM8_TRG_COM_TIM14_IRQHandler
                0x0000000008004660                TIM1_UP_TIM10_IRQHandler
                0x0000000008004660                TIM8_UP_TIM13_IRQHandler
                0x0000000008004660                I2C3_ER_IRQHandler
                0x0000000008004660                EXTI0_IRQHandler
                0x0000000008004660                I2C2_EV_IRQHandler
                0x0000000008004660                DMA1_Stream2_IRQHandler
                0x0000000008004660                CAN1_RX0_IRQHandler
                0x0000000008004660                FPU_IRQHandler
                0x0000000008004660                OTG_HS_WKUP_IRQHandler
                0x0000000008004660                UsageFault_Handler
                0x0000000008004660                LTDC_ER_IRQHandler
                0x0000000008004660                CAN2_SCE_IRQHandler
                0x0000000008004660                DMA2_Stream2_IRQHandler
                0x0000000008004660                SPI1_IRQHandler
                0x0000000008004660                TIM1_BRK_TIM9_IRQHandler
                0x0000000008004660                DCMI_IRQHandler
                0x0000000008004660                CAN2_RX0_IRQHandler
                0x0000000008004660                DMA2_Stream3_IRQHandler
                0x0000000008004660                USART6_IRQHandler
                0x0000000008004660                USART3_IRQHandler
                0x0000000008004660                CAN1_RX1_IRQHandler
                0x0000000008004660                UART5_IRQHandler
                0x0000000008004660                DMA2_Stream0_IRQHandler
                0x0000000008004660                TIM4_IRQHandler
                0x0000000008004660                I2C1_EV_IRQHandler
                0x0000000008004660                DMA1_Stream6_IRQHandler
                0x0000000008004660                DMA1_Stream1_IRQHandler
                0x0000000008004660                UART4_IRQHandler
                0x0000000008004660                TIM3_IRQHandler
                0x0000000008004660                RCC_IRQHandler
                0x0000000008004660                TIM8_BRK_TIM12_IRQHandler
                0x0000000008004660                Default_Handler
                0x0000000008004660                EXTI15_10_IRQHandler
                0x0000000008004660                ADC_IRQHandler
                0x0000000008004660                DMA1_Stream7_IRQHandler
                0x0000000008004660                SPI5_IRQHandler
                0x0000000008004660                TIM7_IRQHandler
                0x0000000008004660                CAN2_TX_IRQHandler
                0x0000000008004660                TIM5_IRQHandler
                0x0000000008004660                DMA2_Stream7_IRQHandler
                0x0000000008004660                I2C3_EV_IRQHandler
                0x0000000008004660                EXTI9_5_IRQHandler
                0x0000000008004660                RTC_WKUP_IRQHandler
                0x0000000008004660                LTDC_IRQHandler
                0x0000000008004660                ETH_WKUP_IRQHandler
                0x0000000008004660                SPI2_IRQHandler
                0x0000000008004660                OTG_HS_EP1_IN_IRQHandler
                0x0000000008004660                MemManage_Handler
                0x0000000008004660                DMA1_Stream0_IRQHandler
                0x0000000008004660                CAN1_TX_IRQHandler
                0x0000000008004660                EXTI4_IRQHandler
                0x0000000008004660                ETH_IRQHandler
                0x0000000008004660                OTG_HS_EP1_OUT_IRQHandler
                0x0000000008004660                WWDG_IRQHandler
                0x0000000008004660                SPI6_IRQHandler
                0x0000000008004660                TIM2_IRQHandler
                0x0000000008004660                OTG_FS_WKUP_IRQHandler
                0x0000000008004660                TIM1_TRG_COM_TIM11_IRQHandler
                0x0000000008004660                OTG_HS_IRQHandler
                0x0000000008004660                DMA2D_IRQHandler
                0x0000000008004660                EXTI1_IRQHandler
                0x0000000008004660                UART7_IRQHandler
                0x0000000008004660                USART2_IRQHandler
                0x0000000008004660                I2C2_ER_IRQHandler
                0x0000000008004660                DMA2_Stream1_IRQHandler
                0x0000000008004660                CAN1_SCE_IRQHandler
                0x0000000008004660                FLASH_IRQHandler
                0x0000000008004660                DMA2_Stream4_IRQHandler
                0x0000000008004660                BusFault_Handler
                0x0000000008004660                USART1_IRQHandler
                0x0000000008004660                OTG_FS_IRQHandler
                0x0000000008004660                SPI3_IRQHandler
                0x0000000008004660                DMA1_Stream4_IRQHandler
                0x0000000008004660                I2C1_ER_IRQHandler
                0x0000000008004660                FMC_IRQHandler
                0x0000000008004660                DMA2_Stream6_IRQHandler
                0x0000000008004660                SAI1_IRQHandler
                0x0000000008004660                RTC_Alarm_IRQHandler
 *fill*         0x0000000008004662        0x2 
 .text.__libc_init_array
                0x0000000008004664       0x48 /Applications/Eclipse.app/Contents/Eclipse/plugins/fr.ac6.mcu.externaltools.arm-none.macos64_1.16.0.201807130628/tools/compiler/bin/../lib/gcc/arm-none-eabi/7.2.1/../../../../arm-none-eabi/lib/thumb/v7e-m/fpv4-sp/hard/libc_nano.a(lib_a-init.o)
                0x0000000008004664                __libc_init_array
 *(.glue_7)
 .glue_7        0x00000000080046ac        0x0 linker stubs
 *(.glue_7t)
 .glue_7t       0x00000000080046ac        0x0 linker stubs
 *(.eh_frame)
 .eh_frame      0x00000000080046ac        0x0 /Applications/Eclipse.app/Contents/Eclipse/plugins/fr.ac6.mcu.externaltools.arm-none.macos64_1.16.0.201807130628/tools/compiler/bin/../lib/gcc/arm-none-eabi/7.2.1/thumb/v7e-m/fpv4-sp/hard/crtbegin.o
 *(.init)
 .init          0x00000000080046ac        0x4 /Applications/Eclipse.app/Contents/Eclipse/plugins/fr.ac6.mcu.externaltools.arm-none.macos64_1.16.0.201807130628/tools/compiler/bin/../lib/gcc/arm-none-eabi/7.2.1/thumb/v7e-m/fpv4-sp/hard/crti.o
                0x00000000080046ac                _init
 .init          0x00000000080046b0        0x8 /Applications/Eclipse.app/Contents/Eclipse/plugins/fr.ac6.mcu.externaltools.arm-none.macos64_1.16.0.201807130628/tools/compiler/bin/../lib/gcc/arm-none-eabi/7.2.1/thumb/v7e-m/fpv4-sp/hard/crtn.o
 *(.fini)
 .fini          0x00000000080046b8        0x4 /Applications/Eclipse.app/Contents/Eclipse/plugins/fr.ac6.mcu.externaltools.arm-none.macos64_1.16.0.201807130628/tools/compiler/bin/../lib/gcc/arm-none-eabi/7.2.1/thumb/v7e-m/fpv4-sp/hard/crti.o
                0x00000000080046b8                _fini
 .fini          0x00000000080046bc        0x8 /Applications/Eclipse.app/Contents/Eclipse/plugins/fr.ac6.mcu.externaltools.arm-none.macos64_1.16.0.201807130628/tools/compiler/bin/../lib/gcc/arm-none-eabi/7.2.1/thumb/v7e-m/fpv4-sp/hard/crtn.o
                0x00000000080046c4                . = ALIGN (0x4)
                0x00000000080046c4                _etext = .

.vfp11_veneer   0x00000000080046c4        0x0
 .vfp11_veneer  0x00000000080046c4        0x0 linker stubs

.v4_bx          0x00000000080046c4        0x0
 .v4_bx         0x00000000080046c4        0x0 linker stubs

.iplt           0x00000000080046c4        0x0
 .iplt          0x00000000080046c4        0x0 /Applications/Eclipse.app/Contents/Eclipse/plugins/fr.ac6.mcu.externaltools.arm-none.macos64_1.16.0.201807130628/tools/compiler/bin/../lib/gcc/arm-none-eabi/7.2.1/thumb/v7e-m/fpv4-sp/hard/crtbegin.o

.rodata         0x00000000080046c4      0x14c
                0x00000000080046c4                . = ALIGN (0x4)
 *(.rodata)
 .rodata        0x00000000080046c4       0x9e Middlewares/Third_Party/FatFs/src/ff.o
 *fill*         0x0000000008004762        0x2 
 .rodata        0x0000000008004764       0x14 Src/sd_diskio.o
                0x0000000008004764                SD_Driver
 .rodata        0x0000000008004778       0x1a Src/sdio.o
 *fill*         0x0000000008004792        0x2 
 .rodata        0x0000000008004794       0x18 Src/system_stm32f4xx.o
                0x0000000008004794                AHBPrescTable
                0x00000000080047a4                APBPrescTable
 *(.rodata*)
 .rodata.str1.4
                0x00000000080047ac       0x44 Middlewares/Third_Party/FatFs/src/ff.o
 .rodata.str1.4
                0x00000000080047f0        0xd Src/fmc.o
 *fill*         0x00000000080047fd        0x3 
 .rodata.str1.4
                0x0000000008004800       0x10 Src/main.o
                                          0xe (size before relaxing)
                0x0000000008004810                . = ALIGN (0x4)

.rel.dyn        0x0000000008004810        0x0
 .rel.iplt      0x0000000008004810        0x0 /Applications/Eclipse.app/Contents/Eclipse/plugins/fr.ac6.mcu.externaltools.arm-none.macos64_1.16.0.201807130628/tools/compiler/bin/../lib/gcc/arm-none-eabi/7.2.1/thumb/v7e-m/fpv4-sp/hard/crtbegin.o

.ARM.extab
 *(.ARM.extab* .gnu.linkonce.armextab.*)

.ARM            0x0000000008004810        0x0
                0x0000000008004810                __exidx_start = .
 *(.ARM.exidx*)
                0x0000000008004810                __exidx_end = .

.preinit_array  0x0000000008004810        0x0
                0x0000000008004810                PROVIDE (__preinit_array_start, .)
 *(.preinit_array*)
                0x0000000008004810                PROVIDE (__preinit_array_end, .)

.init_array     0x0000000008004810        0x4
                0x0000000008004810                PROVIDE (__init_array_start, .)
 *(SORT_BY_NAME(.init_array.*))
 *(.init_array*)
 .init_array    0x0000000008004810        0x4 /Applications/Eclipse.app/Contents/Eclipse/plugins/fr.ac6.mcu.externaltools.arm-none.macos64_1.16.0.201807130628/tools/compiler/bin/../lib/gcc/arm-none-eabi/7.2.1/thumb/v7e-m/fpv4-sp/hard/crtbegin.o
                0x0000000008004814                PROVIDE (__init_array_end, .)

.fini_array     0x0000000008004814        0x4
                [!provide]                        PROVIDE (__fini_array_start, .)
 *(SORT_BY_NAME(.fini_array.*))
 *(.fini_array*)
 .fini_array    0x0000000008004814        0x4 /Applications/Eclipse.app/Contents/Eclipse/plugins/fr.ac6.mcu.externaltools.arm-none.macos64_1.16.0.201807130628/tools/compiler/bin/../lib/gcc/arm-none-eabi/7.2.1/thumb/v7e-m/fpv4-sp/hard/crtbegin.o
                [!provide]                        PROVIDE (__fini_array_end, .)
                0x0000000008004818                _sidata = LOADADDR (.data)

.data           0x0000000020000000       0x10 load address 0x0000000008004818
                0x0000000020000000                . = ALIGN (0x4)
                0x0000000020000000                _sdata = .
 *(.data)
 .data          0x0000000020000000        0x8 Drivers/STM32F4xx_HAL_Driver/Src/stm32f4xx_hal.o
                0x0000000020000000                uwTickFreq
                0x0000000020000004                uwTickPrio
 .data          0x0000000020000008        0x1 Src/sd_diskio.o
 *fill*         0x0000000020000009        0x3 
 .data          0x000000002000000c        0x4 Src/system_stm32f4xx.o
                0x000000002000000c                SystemCoreClock
 *(.data*)
                0x0000000020000010                . = ALIGN (0x4)
                0x0000000020000010                _edata = .
                0x0000000008004828                _siccmram = LOADADDR (.ccmram)

.igot.plt       0x0000000020000010        0x0 load address 0x0000000008004828
 .igot.plt      0x0000000020000010        0x0 /Applications/Eclipse.app/Contents/Eclipse/plugins/fr.ac6.mcu.externaltools.arm-none.macos64_1.16.0.201807130628/tools/compiler/bin/../lib/gcc/arm-none-eabi/7.2.1/thumb/v7e-m/fpv4-sp/hard/crtbegin.o

.ccmram         0x0000000010000000        0x0 load address 0x0000000008004828
                0x0000000010000000                . = ALIGN (0x4)
                0x0000000010000000                _sccmram = .
 *(.ccmram)
 *(.ccmram*)
                0x0000000010000000                . = ALIGN (0x4)
                0x0000000010000000                _eccmram = .
                0x0000000010000000                . = ALIGN (0x4)

.bss            0x0000000020000010     0x21bc
                0x0000000020000010                _sbss = .
                0x0000000020000010                __bss_start__ = _sbss
 *(.bss)
 .bss           0x0000000020000010       0x1c /Applications/Eclipse.app/Contents/Eclipse/plugins/fr.ac6.mcu.externaltools.arm-none.macos64_1.16.0.201807130628/tools/compiler/bin/../lib/gcc/arm-none-eabi/7.2.1/thumb/v7e-m/fpv4-sp/hard/crtbegin.o
 .bss           0x000000002000002c       0x26 Middlewares/Third_Party/FatFs/src/ff.o
 *fill*         0x0000000020000052        0x2 
 .bss           0x0000000020000054        0xc Middlewares/Third_Party/FatFs/src/ff_gen_drv.o
                0x0000000020000054                disk
 .bss           0x0000000020000060        0x8 Src/fmc.o
 *(.bss*)
 *(COMMON)
 COMMON         0x0000000020000068        0x4 Drivers/STM32F4xx_HAL_Driver/Src/stm32f4xx_hal.o
                0x0000000020000068                uwTick
 COMMON         0x000000002000006c     0x206c Src/fatfs.o
                0x000000002000006c                retSD
                0x0000000020000070                SDPath
                0x0000000020000074                SDFile
                0x00000000200010a4                SDFatFS
 COMMON         0x00000000200020d8       0x34 Src/fmc.o
                0x00000000200020d8                hsdram1
 COMMON         0x000000002000210c       0x84 Src/sdio.o
                0x000000002000210c                hsd
 COMMON         0x0000000020002190       0x3c Src/stm32f4xx_hal_timebase_TIM.o
                0x0000000020002190                htim6
                0x00000000200021cc                . = ALIGN (0x4)
                0x00000000200021cc                _ebss = .
                0x00000000200021cc                __bss_end__ = _ebss

._user_heap_stack
                0x00000000200021cc     0x6004
                0x00000000200021d0                . = ALIGN (0x8)
 *fill*         0x00000000200021cc        0x4 
                [!provide]                        PROVIDE (end, .)
                [!provide]                        PROVIDE (_end, .)
                0x00000000200041d0                . = (. + _Min_Heap_Size)
 *fill*         0x00000000200021d0     0x2000 
                0x00000000200081d0                . = (. + _Min_Stack_Size)
 *fill*         0x00000000200041d0     0x4000 
                0x00000000200081d0                . = ALIGN (0x8)

/DISCARD/
 libc.a(*)
 libm.a(*)
 libgcc.a(*)

.ARM.attributes
                0x0000000000000000       0x30
 *(.ARM.attributes)
 .ARM.attributes
                0x0000000000000000       0x22 /Applications/Eclipse.app/Contents/Eclipse/plugins/fr.ac6.mcu.externaltools.arm-none.macos64_1.16.0.201807130628/tools/compiler/bin/../lib/gcc/arm-none-eabi/7.2.1/thumb/v7e-m/fpv4-sp/hard/crti.o
 .ARM.attributes
                0x0000000000000022       0x34 /Applications/Eclipse.app/Contents/Eclipse/plugins/fr.ac6.mcu.externaltools.arm-none.macos64_1.16.0.201807130628/tools/compiler/bin/../lib/gcc/arm-none-eabi/7.2.1/thumb/v7e-m/fpv4-sp/hard/crtbegin.o
 .ARM.attributes
                0x0000000000000056       0x39 Drivers/STM32F4xx_HAL_Driver/Src/stm32f4xx_hal.o
 .ARM.attributes
                0x000000000000008f       0x39 Drivers/STM32F4xx_HAL_Driver/Src/stm32f4xx_hal_cortex.o
 .ARM.attributes
                0x00000000000000c8       0x39 Drivers/STM32F4xx_HAL_Driver/Src/stm32f4xx_hal_dma.o
 .ARM.attributes
                0x0000000000000101       0x39 Drivers/STM32F4xx_HAL_Driver/Src/stm32f4xx_hal_gpio.o
 .ARM.attributes
                0x000000000000013a       0x39 Drivers/STM32F4xx_HAL_Driver/Src/stm32f4xx_hal_rcc.o
 .ARM.attributes
                0x0000000000000173       0x39 Drivers/STM32F4xx_HAL_Driver/Src/stm32f4xx_hal_sd.o
 .ARM.attributes
                0x00000000000001ac       0x39 Drivers/STM32F4xx_HAL_Driver/Src/stm32f4xx_hal_sdram.o
 .ARM.attributes
                0x00000000000001e5       0x39 Drivers/STM32F4xx_HAL_Driver/Src/stm32f4xx_hal_tim.o
 .ARM.attributes
                0x000000000000021e       0x39 Drivers/STM32F4xx_HAL_Driver/Src/stm32f4xx_hal_tim_ex.o
 .ARM.attributes
                0x0000000000000257       0x39 Drivers/STM32F4xx_HAL_Driver/Src/stm32f4xx_ll_exti.o
 .ARM.attributes
                0x0000000000000290       0x39 Drivers/STM32F4xx_HAL_Driver/Src/stm32f4xx_ll_fmc.o
 .ARM.attributes
                0x00000000000002c9       0x39 Drivers/STM32F4xx_HAL_Driver/Src/stm32f4xx_ll_gpio.o
 .ARM.attributes
                0x0000000000000302       0x39 Drivers/STM32F4xx_HAL_Driver/Src/stm32f4xx_ll_sdmmc.o
 .ARM.attributes
                0x000000000000033b       0x39 Drivers/STM32F4xx_HAL_Driver/Src/stm32f4xx_ll_tim.o
 .ARM.attributes
                0x0000000000000374       0x39 Drivers/STM32F4xx_HAL_Driver/Src/stm32f4xx_ll_utils.o
 .ARM.attributes
                0x00000000000003ad       0x39 Middlewares/Third_Party/FatFs/src/diskio.o
 .ARM.attributes
                0x00000000000003e6       0x39 Middlewares/Third_Party/FatFs/src/ff.o
 .ARM.attributes
                0x000000000000041f       0x39 Middlewares/Third_Party/FatFs/src/ff_gen_drv.o
 .ARM.attributes
                0x0000000000000458       0x39 Src/bsp_driver_sd.o
 .ARM.attributes
                0x0000000000000491       0x39 Src/crc.o
 .ARM.attributes
                0x00000000000004ca       0x39 Src/fatfs.o
 .ARM.attributes
                0x0000000000000503       0x39 Src/fmc.o
 .ARM.attributes
                0x000000000000053c       0x39 Src/gpio.o
 .ARM.attributes
                0x0000000000000575       0x39 Src/main.o
 .ARM.attributes
                0x00000000000005ae       0x39 Src/sd_diskio.o
 .ARM.attributes
                0x00000000000005e7       0x39 Src/sdio.o
 .ARM.attributes
                0x0000000000000620       0x39 Src/stm32f4xx_hal_msp.o
 .ARM.attributes
                0x0000000000000659       0x39 Src/stm32f4xx_hal_timebase_TIM.o
 .ARM.attributes
                0x0000000000000692       0x39 Src/stm32f4xx_it.o
 .ARM.attributes
                0x00000000000006cb       0x39 Src/system_stm32f4xx.o
 .ARM.attributes
                0x0000000000000704       0x39 Src/tim.o
 .ARM.attributes
                0x000000000000073d       0x21 startup/startup_stm32f429xx.o
 .ARM.attributes
                0x000000000000075e       0x34 /Applications/Eclipse.app/Contents/Eclipse/plugins/fr.ac6.mcu.externaltools.arm-none.macos64_1.16.0.201807130628/tools/compiler/bin/../lib/gcc/arm-none-eabi/7.2.1/../../../../arm-none-eabi/lib/thumb/v7e-m/fpv4-sp/hard/libc_nano.a(lib_a-init.o)
 .ARM.attributes
                0x0000000000000792       0x22 /Applications/Eclipse.app/Contents/Eclipse/plugins/fr.ac6.mcu.externaltools.arm-none.macos64_1.16.0.201807130628/tools/compiler/bin/../lib/gcc/arm-none-eabi/7.2.1/thumb/v7e-m/fpv4-sp/hard/crtn.o
OUTPUT(gatorsynth_ground_up.elf elf32-littlearm)

.debug_info     0x0000000000000000    0x2e8c9
 .debug_info    0x0000000000000000     0x12fa Drivers/STM32F4xx_HAL_Driver/Src/stm32f4xx_hal.o
 .debug_info    0x00000000000012fa     0x1838 Drivers/STM32F4xx_HAL_Driver/Src/stm32f4xx_hal_cortex.o
 .debug_info    0x0000000000002b32     0x1328 Drivers/STM32F4xx_HAL_Driver/Src/stm32f4xx_hal_dma.o
 .debug_info    0x0000000000003e5a     0x105a Drivers/STM32F4xx_HAL_Driver/Src/stm32f4xx_hal_gpio.o
 .debug_info    0x0000000000004eb4     0x1322 Drivers/STM32F4xx_HAL_Driver/Src/stm32f4xx_hal_rcc.o
 .debug_info    0x00000000000061d6     0x2b16 Drivers/STM32F4xx_HAL_Driver/Src/stm32f4xx_hal_sd.o
 .debug_info    0x0000000000008cec     0x16b1 Drivers/STM32F4xx_HAL_Driver/Src/stm32f4xx_hal_sdram.o
 .debug_info    0x000000000000a39d     0x373c Drivers/STM32F4xx_HAL_Driver/Src/stm32f4xx_hal_tim.o
 .debug_info    0x000000000000dad9     0x1bd2 Drivers/STM32F4xx_HAL_Driver/Src/stm32f4xx_hal_tim_ex.o
 .debug_info    0x000000000000f6ab      0xdb3 Drivers/STM32F4xx_HAL_Driver/Src/stm32f4xx_ll_exti.o
 .debug_info    0x000000000001045e     0x17ec Drivers/STM32F4xx_HAL_Driver/Src/stm32f4xx_ll_fmc.o
 .debug_info    0x0000000000011c4a     0x14ad Drivers/STM32F4xx_HAL_Driver/Src/stm32f4xx_ll_gpio.o
 .debug_info    0x00000000000130f7     0x1f09 Drivers/STM32F4xx_HAL_Driver/Src/stm32f4xx_ll_sdmmc.o
 .debug_info    0x0000000000015000     0x1c3d Drivers/STM32F4xx_HAL_Driver/Src/stm32f4xx_ll_tim.o
 .debug_info    0x0000000000016c3d     0x141a Drivers/STM32F4xx_HAL_Driver/Src/stm32f4xx_ll_utils.o
 .debug_info    0x0000000000018057      0xd98 Middlewares/Third_Party/FatFs/src/diskio.o
 .debug_info    0x0000000000018def     0x4761 Middlewares/Third_Party/FatFs/src/ff.o
 .debug_info    0x000000000001d550      0xd17 Middlewares/Third_Party/FatFs/src/ff_gen_drv.o
 .debug_info    0x000000000001e267     0x14fa Src/bsp_driver_sd.o
 .debug_info    0x000000000001f761      0xc16 Src/crc.o
 .debug_info    0x0000000000020377      0xe1b Src/fatfs.o
 .debug_info    0x0000000000021192     0x194f Src/fmc.o
 .debug_info    0x0000000000022ae1     0x1a51 Src/gpio.o
 .debug_info    0x0000000000024532     0x2500 Src/main.o
 .debug_info    0x0000000000026a32      0xe8d Src/sd_diskio.o
 .debug_info    0x00000000000278bf     0x1c78 Src/sdio.o
 .debug_info    0x0000000000029537      0xf62 Src/stm32f4xx_hal_msp.o
 .debug_info    0x000000000002a499     0x14d1 Src/stm32f4xx_hal_timebase_TIM.o
 .debug_info    0x000000000002b96a     0x129f Src/stm32f4xx_it.o
 .debug_info    0x000000000002cc09      0xdf0 Src/system_stm32f4xx.o
 .debug_info    0x000000000002d9f9      0xeae Src/tim.o
 .debug_info    0x000000000002e8a7       0x22 startup/startup_stm32f429xx.o

.debug_abbrev   0x0000000000000000     0x570b
 .debug_abbrev  0x0000000000000000      0x2f4 Drivers/STM32F4xx_HAL_Driver/Src/stm32f4xx_hal.o
 .debug_abbrev  0x00000000000002f4      0x3e5 Drivers/STM32F4xx_HAL_Driver/Src/stm32f4xx_hal_cortex.o
 .debug_abbrev  0x00000000000006d9      0x339 Drivers/STM32F4xx_HAL_Driver/Src/stm32f4xx_hal_dma.o
 .debug_abbrev  0x0000000000000a12      0x2b6 Drivers/STM32F4xx_HAL_Driver/Src/stm32f4xx_hal_gpio.o
 .debug_abbrev  0x0000000000000cc8      0x342 Drivers/STM32F4xx_HAL_Driver/Src/stm32f4xx_hal_rcc.o
 .debug_abbrev  0x000000000000100a      0x30b Drivers/STM32F4xx_HAL_Driver/Src/stm32f4xx_hal_sd.o
 .debug_abbrev  0x0000000000001315      0x2e6 Drivers/STM32F4xx_HAL_Driver/Src/stm32f4xx_hal_sdram.o
 .debug_abbrev  0x00000000000015fb      0x2ef Drivers/STM32F4xx_HAL_Driver/Src/stm32f4xx_hal_tim.o
 .debug_abbrev  0x00000000000018ea      0x2ef Drivers/STM32F4xx_HAL_Driver/Src/stm32f4xx_hal_tim_ex.o
 .debug_abbrev  0x0000000000001bd9      0x2a4 Drivers/STM32F4xx_HAL_Driver/Src/stm32f4xx_ll_exti.o
 .debug_abbrev  0x0000000000001e7d      0x297 Drivers/STM32F4xx_HAL_Driver/Src/stm32f4xx_ll_fmc.o
 .debug_abbrev  0x0000000000002114      0x2e8 Drivers/STM32F4xx_HAL_Driver/Src/stm32f4xx_ll_gpio.o
 .debug_abbrev  0x00000000000023fc      0x2c6 Drivers/STM32F4xx_HAL_Driver/Src/stm32f4xx_ll_sdmmc.o
 .debug_abbrev  0x00000000000026c2      0x31c Drivers/STM32F4xx_HAL_Driver/Src/stm32f4xx_ll_tim.o
 .debug_abbrev  0x00000000000029de      0x302 Drivers/STM32F4xx_HAL_Driver/Src/stm32f4xx_ll_utils.o
 .debug_abbrev  0x0000000000002ce0      0x291 Middlewares/Third_Party/FatFs/src/diskio.o
 .debug_abbrev  0x0000000000002f71      0x32d Middlewares/Third_Party/FatFs/src/ff.o
 .debug_abbrev  0x000000000000329e      0x285 Middlewares/Third_Party/FatFs/src/ff_gen_drv.o
 .debug_abbrev  0x0000000000003523      0x316 Src/bsp_driver_sd.o
 .debug_abbrev  0x0000000000003839      0x224 Src/crc.o
 .debug_abbrev  0x0000000000003a5d      0x24e Src/fatfs.o
 .debug_abbrev  0x0000000000003cab      0x308 Src/fmc.o
 .debug_abbrev  0x0000000000003fb3      0x2cd Src/gpio.o
 .debug_abbrev  0x0000000000004280      0x37d Src/main.o
 .debug_abbrev  0x00000000000045fd      0x281 Src/sd_diskio.o
 .debug_abbrev  0x000000000000487e      0x2dc Src/sdio.o
 .debug_abbrev  0x0000000000004b5a      0x243 Src/stm32f4xx_hal_msp.o
 .debug_abbrev  0x0000000000004d9d      0x2a8 Src/stm32f4xx_hal_timebase_TIM.o
 .debug_abbrev  0x0000000000005045      0x241 Src/stm32f4xx_it.o
 .debug_abbrev  0x0000000000005286      0x214 Src/system_stm32f4xx.o
 .debug_abbrev  0x000000000000549a      0x25f Src/tim.o
 .debug_abbrev  0x00000000000056f9       0x12 startup/startup_stm32f429xx.o

.debug_loc      0x0000000000000000    0x1267b
 .debug_loc     0x0000000000000000       0xfd Drivers/STM32F4xx_HAL_Driver/Src/stm32f4xx_hal.o
 .debug_loc     0x00000000000000fd      0x5ce Drivers/STM32F4xx_HAL_Driver/Src/stm32f4xx_hal_cortex.o
 .debug_loc     0x00000000000006cb      0xb4e Drivers/STM32F4xx_HAL_Driver/Src/stm32f4xx_hal_dma.o
 .debug_loc     0x0000000000001219      0x469 Drivers/STM32F4xx_HAL_Driver/Src/stm32f4xx_hal_gpio.o
 .debug_loc     0x0000000000001682      0x3f1 Drivers/STM32F4xx_HAL_Driver/Src/stm32f4xx_hal_rcc.o
 .debug_loc     0x0000000000001a73     0x1ea7 Drivers/STM32F4xx_HAL_Driver/Src/stm32f4xx_hal_sd.o
 .debug_loc     0x000000000000391a      0xbf7 Drivers/STM32F4xx_HAL_Driver/Src/stm32f4xx_hal_sdram.o
 .debug_loc     0x0000000000004511     0x3612 Drivers/STM32F4xx_HAL_Driver/Src/stm32f4xx_hal_tim.o
 .debug_loc     0x0000000000007b23      0xefe Drivers/STM32F4xx_HAL_Driver/Src/stm32f4xx_hal_tim_ex.o
 .debug_loc     0x0000000000008a21      0x2ba Drivers/STM32F4xx_HAL_Driver/Src/stm32f4xx_ll_exti.o
 .debug_loc     0x0000000000008cdb      0xadb Drivers/STM32F4xx_HAL_Driver/Src/stm32f4xx_ll_fmc.o
 .debug_loc     0x00000000000097b6      0x5fe Drivers/STM32F4xx_HAL_Driver/Src/stm32f4xx_ll_gpio.o
 .debug_loc     0x0000000000009db4     0x10ed Drivers/STM32F4xx_HAL_Driver/Src/stm32f4xx_ll_sdmmc.o
 .debug_loc     0x000000000000aea1     0x1124 Drivers/STM32F4xx_HAL_Driver/Src/stm32f4xx_ll_tim.o
 .debug_loc     0x000000000000bfc5      0x652 Drivers/STM32F4xx_HAL_Driver/Src/stm32f4xx_ll_utils.o
 .debug_loc     0x000000000000c617      0x1f1 Middlewares/Third_Party/FatFs/src/diskio.o
 .debug_loc     0x000000000000c808     0x4639 Middlewares/Third_Party/FatFs/src/ff.o
 .debug_loc     0x0000000000010e41      0x24a Middlewares/Third_Party/FatFs/src/ff_gen_drv.o
 .debug_loc     0x000000000001108b      0x417 Src/bsp_driver_sd.o
 .debug_loc     0x00000000000114a2       0x16 Src/crc.o
 .debug_loc     0x00000000000114b8      0x2bb Src/fmc.o
 .debug_loc     0x0000000000011773      0x6ba Src/gpio.o
 .debug_loc     0x0000000000011e2d      0x19d Src/main.o
 .debug_loc     0x0000000000011fca      0x3eb Src/sd_diskio.o
 .debug_loc     0x00000000000123b5       0x9a Src/sdio.o
 .debug_loc     0x000000000001244f       0x6a Src/stm32f4xx_hal_timebase_TIM.o
 .debug_loc     0x00000000000124b9      0x13e Src/system_stm32f4xx.o
 .debug_loc     0x00000000000125f7       0x84 Src/tim.o

.debug_aranges  0x0000000000000000     0x13c0
 .debug_aranges
                0x0000000000000000       0xf0 Drivers/STM32F4xx_HAL_Driver/Src/stm32f4xx_hal.o
 .debug_aranges
                0x00000000000000f0       0xa8 Drivers/STM32F4xx_HAL_Driver/Src/stm32f4xx_hal_cortex.o
 .debug_aranges
                0x0000000000000198       0x90 Drivers/STM32F4xx_HAL_Driver/Src/stm32f4xx_hal_dma.o
 .debug_aranges
                0x0000000000000228       0x58 Drivers/STM32F4xx_HAL_Driver/Src/stm32f4xx_hal_gpio.o
 .debug_aranges
                0x0000000000000280       0x88 Drivers/STM32F4xx_HAL_Driver/Src/stm32f4xx_hal_rcc.o
 .debug_aranges
                0x0000000000000308      0x168 Drivers/STM32F4xx_HAL_Driver/Src/stm32f4xx_hal_sd.o
 .debug_aranges
                0x0000000000000470       0xd0 Drivers/STM32F4xx_HAL_Driver/Src/stm32f4xx_hal_sdram.o
 .debug_aranges
                0x0000000000000540      0x368 Drivers/STM32F4xx_HAL_Driver/Src/stm32f4xx_hal_tim.o
 .debug_aranges
                0x00000000000008a8      0x140 Drivers/STM32F4xx_HAL_Driver/Src/stm32f4xx_hal_tim_ex.o
 .debug_aranges
                0x00000000000009e8       0x30 Drivers/STM32F4xx_HAL_Driver/Src/stm32f4xx_ll_exti.o
 .debug_aranges
                0x0000000000000a18       0xf0 Drivers/STM32F4xx_HAL_Driver/Src/stm32f4xx_ll_fmc.o
 .debug_aranges
                0x0000000000000b08       0x30 Drivers/STM32F4xx_HAL_Driver/Src/stm32f4xx_ll_gpio.o
 .debug_aranges
                0x0000000000000b38      0x178 Drivers/STM32F4xx_HAL_Driver/Src/stm32f4xx_ll_sdmmc.o
 .debug_aranges
                0x0000000000000cb0       0xc0 Drivers/STM32F4xx_HAL_Driver/Src/stm32f4xx_ll_tim.o
 .debug_aranges
                0x0000000000000d70       0x60 Drivers/STM32F4xx_HAL_Driver/Src/stm32f4xx_ll_utils.o
 .debug_aranges
                0x0000000000000dd0       0x48 Middlewares/Third_Party/FatFs/src/diskio.o
 .debug_aranges
                0x0000000000000e18      0x208 Middlewares/Third_Party/FatFs/src/ff.o
 .debug_aranges
                0x0000000000001020       0x40 Middlewares/Third_Party/FatFs/src/ff_gen_drv.o
 .debug_aranges
                0x0000000000001060       0xc0 Src/bsp_driver_sd.o
 .debug_aranges
                0x0000000000001120       0x20 Src/crc.o
 .debug_aranges
                0x0000000000001140       0x28 Src/fatfs.o
 .debug_aranges
                0x0000000000001168       0x80 Src/fmc.o
 .debug_aranges
                0x00000000000011e8       0x20 Src/gpio.o
 .debug_aranges
                0x0000000000001208       0x38 Src/main.o
 .debug_aranges
                0x0000000000001240       0x48 Src/sd_diskio.o
 .debug_aranges
                0x0000000000001288       0x38 Src/sdio.o
 .debug_aranges
                0x00000000000012c0       0x20 Src/stm32f4xx_hal_msp.o
 .debug_aranges
                0x00000000000012e0       0x30 Src/stm32f4xx_hal_timebase_TIM.o
 .debug_aranges
                0x0000000000001310       0x40 Src/stm32f4xx_it.o
 .debug_aranges
                0x0000000000001350       0x28 Src/system_stm32f4xx.o
 .debug_aranges
                0x0000000000001378       0x20 Src/tim.o
 .debug_aranges
                0x0000000000001398       0x28 startup/startup_stm32f429xx.o

.debug_ranges   0x0000000000000000     0x12d0
 .debug_ranges  0x0000000000000000       0xe0 Drivers/STM32F4xx_HAL_Driver/Src/stm32f4xx_hal.o
 .debug_ranges  0x00000000000000e0       0xf8 Drivers/STM32F4xx_HAL_Driver/Src/stm32f4xx_hal_cortex.o
 .debug_ranges  0x00000000000001d8       0x80 Drivers/STM32F4xx_HAL_Driver/Src/stm32f4xx_hal_dma.o
 .debug_ranges  0x0000000000000258       0x48 Drivers/STM32F4xx_HAL_Driver/Src/stm32f4xx_hal_gpio.o
 .debug_ranges  0x00000000000002a0       0x90 Drivers/STM32F4xx_HAL_Driver/Src/stm32f4xx_hal_rcc.o
 .debug_ranges  0x0000000000000330      0x158 Drivers/STM32F4xx_HAL_Driver/Src/stm32f4xx_hal_sd.o
 .debug_ranges  0x0000000000000488       0xc0 Drivers/STM32F4xx_HAL_Driver/Src/stm32f4xx_hal_sdram.o
 .debug_ranges  0x0000000000000548      0x358 Drivers/STM32F4xx_HAL_Driver/Src/stm32f4xx_hal_tim.o
 .debug_ranges  0x00000000000008a0      0x130 Drivers/STM32F4xx_HAL_Driver/Src/stm32f4xx_hal_tim_ex.o
 .debug_ranges  0x00000000000009d0       0x20 Drivers/STM32F4xx_HAL_Driver/Src/stm32f4xx_ll_exti.o
 .debug_ranges  0x00000000000009f0       0xe0 Drivers/STM32F4xx_HAL_Driver/Src/stm32f4xx_ll_fmc.o
 .debug_ranges  0x0000000000000ad0       0x20 Drivers/STM32F4xx_HAL_Driver/Src/stm32f4xx_ll_gpio.o
 .debug_ranges  0x0000000000000af0      0x168 Drivers/STM32F4xx_HAL_Driver/Src/stm32f4xx_ll_sdmmc.o
 .debug_ranges  0x0000000000000c58       0xb0 Drivers/STM32F4xx_HAL_Driver/Src/stm32f4xx_ll_tim.o
 .debug_ranges  0x0000000000000d08       0x50 Drivers/STM32F4xx_HAL_Driver/Src/stm32f4xx_ll_utils.o
 .debug_ranges  0x0000000000000d58       0x38 Middlewares/Third_Party/FatFs/src/diskio.o
 .debug_ranges  0x0000000000000d90      0x1f8 Middlewares/Third_Party/FatFs/src/ff.o
 .debug_ranges  0x0000000000000f88       0x30 Middlewares/Third_Party/FatFs/src/ff_gen_drv.o
 .debug_ranges  0x0000000000000fb8       0xb0 Src/bsp_driver_sd.o
 .debug_ranges  0x0000000000001068       0x10 Src/crc.o
 .debug_ranges  0x0000000000001078       0x18 Src/fatfs.o
 .debug_ranges  0x0000000000001090      0x100 Src/fmc.o
 .debug_ranges  0x0000000000001190       0x10 Src/gpio.o
 .debug_ranges  0x00000000000011a0       0x28 Src/main.o
 .debug_ranges  0x00000000000011c8       0x38 Src/sd_diskio.o
 .debug_ranges  0x0000000000001200       0x28 Src/sdio.o
 .debug_ranges  0x0000000000001228       0x10 Src/stm32f4xx_hal_msp.o
 .debug_ranges  0x0000000000001238       0x20 Src/stm32f4xx_hal_timebase_TIM.o
 .debug_ranges  0x0000000000001258       0x30 Src/stm32f4xx_it.o
 .debug_ranges  0x0000000000001288       0x18 Src/system_stm32f4xx.o
 .debug_ranges  0x00000000000012a0       0x10 Src/tim.o
 .debug_ranges  0x00000000000012b0       0x20 startup/startup_stm32f429xx.o

.debug_macro    0x0000000000000000    0x2db36
 .debug_macro   0x0000000000000000      0x41e Drivers/STM32F4xx_HAL_Driver/Src/stm32f4xx_hal.o
 .debug_macro   0x000000000000041e      0xa66 Drivers/STM32F4xx_HAL_Driver/Src/stm32f4xx_hal.o
 .debug_macro   0x0000000000000e84       0x32 Drivers/STM32F4xx_HAL_Driver/Src/stm32f4xx_hal.o
 .debug_macro   0x0000000000000eb6       0x28 Drivers/STM32F4xx_HAL_Driver/Src/stm32f4xx_hal.o
 .debug_macro   0x0000000000000ede       0x22 Drivers/STM32F4xx_HAL_Driver/Src/stm32f4xx_hal.o
 .debug_macro   0x0000000000000f00       0x87 Drivers/STM32F4xx_HAL_Driver/Src/stm32f4xx_hal.o
 .debug_macro   0x0000000000000f87       0x51 Drivers/STM32F4xx_HAL_Driver/Src/stm32f4xx_hal.o
 .debug_macro   0x0000000000000fd8       0xef Drivers/STM32F4xx_HAL_Driver/Src/stm32f4xx_hal.o
 .debug_macro   0x00000000000010c7       0x6a Drivers/STM32F4xx_HAL_Driver/Src/stm32f4xx_hal.o
 .debug_macro   0x0000000000001131      0x1df Drivers/STM32F4xx_HAL_Driver/Src/stm32f4xx_hal.o
 .debug_macro   0x0000000000001310       0x35 Drivers/STM32F4xx_HAL_Driver/Src/stm32f4xx_hal.o
 .debug_macro   0x0000000000001345       0x50 Drivers/STM32F4xx_HAL_Driver/Src/stm32f4xx_hal.o
 .debug_macro   0x0000000000001395      0xe66 Drivers/STM32F4xx_HAL_Driver/Src/stm32f4xx_hal.o
 .debug_macro   0x00000000000021fb    0x17e1c Drivers/STM32F4xx_HAL_Driver/Src/stm32f4xx_hal.o
 .debug_macro   0x000000000001a017       0x43 Drivers/STM32F4xx_HAL_Driver/Src/stm32f4xx_hal.o
 .debug_macro   0x000000000001a05a       0x10 Drivers/STM32F4xx_HAL_Driver/Src/stm32f4xx_hal.o
 .debug_macro   0x000000000001a06a      0xc95 Drivers/STM32F4xx_HAL_Driver/Src/stm32f4xx_hal.o
 .debug_macro   0x000000000001acff      0x229 Drivers/STM32F4xx_HAL_Driver/Src/stm32f4xx_hal.o
 .debug_macro   0x000000000001af28      0x22a Drivers/STM32F4xx_HAL_Driver/Src/stm32f4xx_hal.o
 .debug_macro   0x000000000001b152       0xeb Drivers/STM32F4xx_HAL_Driver/Src/stm32f4xx_hal.o
 .debug_macro   0x000000000001b23d      0x1b2 Drivers/STM32F4xx_HAL_Driver/Src/stm32f4xx_hal.o
 .debug_macro   0x000000000001b3ef       0x61 Drivers/STM32F4xx_HAL_Driver/Src/stm32f4xx_hal.o
 .debug_macro   0x000000000001b450       0xcc Drivers/STM32F4xx_HAL_Driver/Src/stm32f4xx_hal.o
 .debug_macro   0x000000000001b51c      0x1e6 Drivers/STM32F4xx_HAL_Driver/Src/stm32f4xx_hal.o
 .debug_macro   0x000000000001b702      0x600 Drivers/STM32F4xx_HAL_Driver/Src/stm32f4xx_hal.o
 .debug_macro   0x000000000001bd02      0x156 Drivers/STM32F4xx_HAL_Driver/Src/stm32f4xx_hal.o
 .debug_macro   0x000000000001be58      0x4de Drivers/STM32F4xx_HAL_Driver/Src/stm32f4xx_hal.o
 .debug_macro   0x000000000001c336      0x165 Drivers/STM32F4xx_HAL_Driver/Src/stm32f4xx_hal.o
 .debug_macro   0x000000000001c49b     0x35a5 Drivers/STM32F4xx_HAL_Driver/Src/stm32f4xx_hal.o
 .debug_macro   0x000000000001fa40       0x58 Drivers/STM32F4xx_HAL_Driver/Src/stm32f4xx_hal.o
 .debug_macro   0x000000000001fa98       0x17 Drivers/STM32F4xx_HAL_Driver/Src/stm32f4xx_hal.o
 .debug_macro   0x000000000001faaf       0x35 Drivers/STM32F4xx_HAL_Driver/Src/stm32f4xx_hal.o
 .debug_macro   0x000000000001fae4       0x9c Drivers/STM32F4xx_HAL_Driver/Src/stm32f4xx_hal.o
 .debug_macro   0x000000000001fb80       0x16 Drivers/STM32F4xx_HAL_Driver/Src/stm32f4xx_hal.o
 .debug_macro   0x000000000001fb96       0x97 Drivers/STM32F4xx_HAL_Driver/Src/stm32f4xx_hal.o
 .debug_macro   0x000000000001fc2d      0x330 Drivers/STM32F4xx_HAL_Driver/Src/stm32f4xx_hal.o
 .debug_macro   0x000000000001ff5d       0xfd Drivers/STM32F4xx_HAL_Driver/Src/stm32f4xx_hal.o
 .debug_macro   0x000000000002005a       0x10 Drivers/STM32F4xx_HAL_Driver/Src/stm32f4xx_hal.o
 .debug_macro   0x000000000002006a       0x58 Drivers/STM32F4xx_HAL_Driver/Src/stm32f4xx_hal.o
 .debug_macro   0x00000000000200c2       0x1f Drivers/STM32F4xx_HAL_Driver/Src/stm32f4xx_hal.o
 .debug_macro   0x00000000000200e1       0x43 Drivers/STM32F4xx_HAL_Driver/Src/stm32f4xx_hal.o
 .debug_macro   0x0000000000020124       0x20 Drivers/STM32F4xx_HAL_Driver/Src/stm32f4xx_hal.o
 .debug_macro   0x0000000000020144      0x18e Drivers/STM32F4xx_HAL_Driver/Src/stm32f4xx_hal.o
 .debug_macro   0x00000000000202d2       0x10 Drivers/STM32F4xx_HAL_Driver/Src/stm32f4xx_hal.o
 .debug_macro   0x00000000000202e2       0x1c Drivers/STM32F4xx_HAL_Driver/Src/stm32f4xx_hal.o
 .debug_macro   0x00000000000202fe       0x52 Drivers/STM32F4xx_HAL_Driver/Src/stm32f4xx_hal.o
 .debug_macro   0x0000000000020350       0x40 Drivers/STM32F4xx_HAL_Driver/Src/stm32f4xx_hal.o
 .debug_macro   0x0000000000020390       0x10 Drivers/STM32F4xx_HAL_Driver/Src/stm32f4xx_hal.o
 .debug_macro   0x00000000000203a0       0x40 Drivers/STM32F4xx_HAL_Driver/Src/stm32f4xx_hal.o
 .debug_macro   0x00000000000203e0       0xd7 Drivers/STM32F4xx_HAL_Driver/Src/stm32f4xx_hal.o
 .debug_macro   0x00000000000204b7       0x1c Drivers/STM32F4xx_HAL_Driver/Src/stm32f4xx_hal.o
 .debug_macro   0x00000000000204d3       0x3d Drivers/STM32F4xx_HAL_Driver/Src/stm32f4xx_hal.o
 .debug_macro   0x0000000000020510       0x16 Drivers/STM32F4xx_HAL_Driver/Src/stm32f4xx_hal.o
 .debug_macro   0x0000000000020526      0x16f Drivers/STM32F4xx_HAL_Driver/Src/stm32f4xx_hal.o
 .debug_macro   0x0000000000020695       0x50 Drivers/STM32F4xx_HAL_Driver/Src/stm32f4xx_hal.o
 .debug_macro   0x00000000000206e5      0xca5 Drivers/STM32F4xx_HAL_Driver/Src/stm32f4xx_hal.o
 .debug_macro   0x000000000002138a      0xa02 Drivers/STM32F4xx_HAL_Driver/Src/stm32f4xx_hal.o
 .debug_macro   0x0000000000021d8c      0x11e Drivers/STM32F4xx_HAL_Driver/Src/stm32f4xx_hal.o
 .debug_macro   0x0000000000021eaa      0x15f Drivers/STM32F4xx_HAL_Driver/Src/stm32f4xx_hal.o
 .debug_macro   0x0000000000022009       0x27 Drivers/STM32F4xx_HAL_Driver/Src/stm32f4xx_hal.o
 .debug_macro   0x0000000000022030      0x287 Drivers/STM32F4xx_HAL_Driver/Src/stm32f4xx_hal.o
 .debug_macro   0x00000000000222b7       0x5f Drivers/STM32F4xx_HAL_Driver/Src/stm32f4xx_hal.o
 .debug_macro   0x0000000000022316      0x23a Drivers/STM32F4xx_HAL_Driver/Src/stm32f4xx_hal.o
 .debug_macro   0x0000000000022550      0x13a Drivers/STM32F4xx_HAL_Driver/Src/stm32f4xx_hal.o
 .debug_macro   0x000000000002268a      0x41d Drivers/STM32F4xx_HAL_Driver/Src/stm32f4xx_hal.o
 .debug_macro   0x0000000000022aa7       0x2e Drivers/STM32F4xx_HAL_Driver/Src/stm32f4xx_hal.o
 .debug_macro   0x0000000000022ad5      0x582 Drivers/STM32F4xx_HAL_Driver/Src/stm32f4xx_hal.o
 .debug_macro   0x0000000000023057      0x11e Drivers/STM32F4xx_HAL_Driver/Src/stm32f4xx_hal.o
 .debug_macro   0x0000000000023175       0xe2 Drivers/STM32F4xx_HAL_Driver/Src/stm32f4xx_hal.o
 .debug_macro   0x0000000000023257       0x89 Drivers/STM32F4xx_HAL_Driver/Src/stm32f4xx_hal.o
 .debug_macro   0x00000000000232e0      0x845 Drivers/STM32F4xx_HAL_Driver/Src/stm32f4xx_hal.o
 .debug_macro   0x0000000000023b25      0x198 Drivers/STM32F4xx_HAL_Driver/Src/stm32f4xx_hal.o
 .debug_macro   0x0000000000023cbd      0x6e0 Drivers/STM32F4xx_HAL_Driver/Src/stm32f4xx_hal.o
 .debug_macro   0x000000000002439d       0x59 Drivers/STM32F4xx_HAL_Driver/Src/stm32f4xx_hal.o
 .debug_macro   0x00000000000243f6      0x14d Drivers/STM32F4xx_HAL_Driver/Src/stm32f4xx_hal.o
 .debug_macro   0x0000000000024543      0x13b Drivers/STM32F4xx_HAL_Driver/Src/stm32f4xx_hal.o
 .debug_macro   0x000000000002467e      0x3be Drivers/STM32F4xx_HAL_Driver/Src/stm32f4xx_hal_cortex.o
 .debug_macro   0x0000000000024a3c      0x3c5 Drivers/STM32F4xx_HAL_Driver/Src/stm32f4xx_hal_dma.o
 .debug_macro   0x0000000000024e01      0x3f6 Drivers/STM32F4xx_HAL_Driver/Src/stm32f4xx_hal_gpio.o
 .debug_macro   0x00000000000251f7      0x3e2 Drivers/STM32F4xx_HAL_Driver/Src/stm32f4xx_hal_rcc.o
 .debug_macro   0x00000000000255d9      0x3bf Drivers/STM32F4xx_HAL_Driver/Src/stm32f4xx_hal_sd.o
 .debug_macro   0x0000000000025998      0x3be Drivers/STM32F4xx_HAL_Driver/Src/stm32f4xx_hal_sdram.o
 .debug_macro   0x0000000000025d56      0x3be Drivers/STM32F4xx_HAL_Driver/Src/stm32f4xx_hal_tim.o
 .debug_macro   0x0000000000026114      0x3be Drivers/STM32F4xx_HAL_Driver/Src/stm32f4xx_hal_tim_ex.o
 .debug_macro   0x00000000000264d2      0x3e4 Drivers/STM32F4xx_HAL_Driver/Src/stm32f4xx_ll_exti.o
 .debug_macro   0x00000000000268b6       0xe5 Drivers/STM32F4xx_HAL_Driver/Src/stm32f4xx_ll_exti.o
 .debug_macro   0x000000000002699b      0x3be Drivers/STM32F4xx_HAL_Driver/Src/stm32f4xx_ll_fmc.o
 .debug_macro   0x0000000000026d59      0x3f6 Drivers/STM32F4xx_HAL_Driver/Src/stm32f4xx_ll_gpio.o
 .debug_macro   0x000000000002714f      0x150 Drivers/STM32F4xx_HAL_Driver/Src/stm32f4xx_ll_gpio.o
 .debug_macro   0x000000000002729f      0x3bf Drivers/STM32F4xx_HAL_Driver/Src/stm32f4xx_ll_sdmmc.o
 .debug_macro   0x000000000002765e      0x444 Drivers/STM32F4xx_HAL_Driver/Src/stm32f4xx_ll_tim.o
 .debug_macro   0x0000000000027aa2      0x5fa Drivers/STM32F4xx_HAL_Driver/Src/stm32f4xx_ll_tim.o
 .debug_macro   0x000000000002809c      0x4a3 Drivers/STM32F4xx_HAL_Driver/Src/stm32f4xx_ll_utils.o
 .debug_macro   0x000000000002853f       0x5b Drivers/STM32F4xx_HAL_Driver/Src/stm32f4xx_ll_utils.o
 .debug_macro   0x000000000002859a      0x441 Middlewares/Third_Party/FatFs/src/diskio.o
 .debug_macro   0x00000000000289db       0x16 Middlewares/Third_Party/FatFs/src/diskio.o
 .debug_macro   0x00000000000289f1       0x7c Middlewares/Third_Party/FatFs/src/diskio.o
 .debug_macro   0x0000000000028a6d       0x3a Middlewares/Third_Party/FatFs/src/diskio.o
 .debug_macro   0x0000000000028aa7       0xe7 Middlewares/Third_Party/FatFs/src/diskio.o
 .debug_macro   0x0000000000028b8e       0x16 Middlewares/Third_Party/FatFs/src/diskio.o
 .debug_macro   0x0000000000028ba4       0x35 Middlewares/Third_Party/FatFs/src/diskio.o
 .debug_macro   0x0000000000028bd9       0x16 Middlewares/Third_Party/FatFs/src/diskio.o
 .debug_macro   0x0000000000028bef       0x29 Middlewares/Third_Party/FatFs/src/diskio.o
 .debug_macro   0x0000000000028c18       0x12 Middlewares/Third_Party/FatFs/src/diskio.o
 .debug_macro   0x0000000000028c2a       0xdb Middlewares/Third_Party/FatFs/src/diskio.o
 .debug_macro   0x0000000000028d05      0x848 Middlewares/Third_Party/FatFs/src/ff.o
 .debug_macro   0x000000000002954d       0x8e Middlewares/Third_Party/FatFs/src/ff.o
 .debug_macro   0x00000000000295db       0x4c Middlewares/Third_Party/FatFs/src/ff.o
 .debug_macro   0x0000000000029627      0x441 Middlewares/Third_Party/FatFs/src/ff_gen_drv.o
 .debug_macro   0x0000000000029a68      0x3cd Src/bsp_driver_sd.o
 .debug_macro   0x0000000000029e35       0x34 Src/bsp_driver_sd.o
 .debug_macro   0x0000000000029e69      0x3d6 Src/crc.o
 .debug_macro   0x000000000002a23f      0x454 Src/fatfs.o
 .debug_macro   0x000000000002a693      0x438 Src/fmc.o
 .debug_macro   0x000000000002aacb      0x3cc Src/gpio.o
 .debug_macro   0x000000000002ae97      0x48a Src/main.o
 .debug_macro   0x000000000002b321      0xc74 Src/main.o
 .debug_macro   0x000000000002bf95      0x457 Src/sd_diskio.o
 .debug_macro   0x000000000002c3ec      0x468 Src/sdio.o
 .debug_macro   0x000000000002c854      0x3be Src/stm32f4xx_hal_msp.o
 .debug_macro   0x000000000002cc12      0x3be Src/stm32f4xx_hal_timebase_TIM.o
 .debug_macro   0x000000000002cfd0      0x3c8 Src/stm32f4xx_it.o
 .debug_macro   0x000000000002d398      0x3c8 Src/system_stm32f4xx.o
 .debug_macro   0x000000000002d760      0x3d6 Src/tim.o

.debug_line     0x0000000000000000    0x18c08
 .debug_line    0x0000000000000000      0xbc9 Drivers/STM32F4xx_HAL_Driver/Src/stm32f4xx_hal.o
 .debug_line    0x0000000000000bc9      0xc00 Drivers/STM32F4xx_HAL_Driver/Src/stm32f4xx_hal_cortex.o
 .debug_line    0x00000000000017c9      0xceb Drivers/STM32F4xx_HAL_Driver/Src/stm32f4xx_hal_dma.o
 .debug_line    0x00000000000024b4      0xb5e Drivers/STM32F4xx_HAL_Driver/Src/stm32f4xx_hal_gpio.o
 .debug_line    0x0000000000003012      0xc3a Drivers/STM32F4xx_HAL_Driver/Src/stm32f4xx_hal_rcc.o
 .debug_line    0x0000000000003c4c     0x11fd Drivers/STM32F4xx_HAL_Driver/Src/stm32f4xx_hal_sd.o
 .debug_line    0x0000000000004e49      0xcd4 Drivers/STM32F4xx_HAL_Driver/Src/stm32f4xx_hal_sdram.o
 .debug_line    0x0000000000005b1d     0x1a3a Drivers/STM32F4xx_HAL_Driver/Src/stm32f4xx_hal_tim.o
 .debug_line    0x0000000000007557      0xf80 Drivers/STM32F4xx_HAL_Driver/Src/stm32f4xx_hal_tim_ex.o
 .debug_line    0x00000000000084d7      0xac5 Drivers/STM32F4xx_HAL_Driver/Src/stm32f4xx_ll_exti.o
 .debug_line    0x0000000000008f9c      0xd49 Drivers/STM32F4xx_HAL_Driver/Src/stm32f4xx_ll_fmc.o
 .debug_line    0x0000000000009ce5      0xb86 Drivers/STM32F4xx_HAL_Driver/Src/stm32f4xx_ll_gpio.o
 .debug_line    0x000000000000a86b      0xe42 Drivers/STM32F4xx_HAL_Driver/Src/stm32f4xx_ll_sdmmc.o
 .debug_line    0x000000000000b6ad      0xdd7 Drivers/STM32F4xx_HAL_Driver/Src/stm32f4xx_ll_tim.o
 .debug_line    0x000000000000c484      0xc28 Drivers/STM32F4xx_HAL_Driver/Src/stm32f4xx_ll_utils.o
 .debug_line    0x000000000000d0ac      0xa9f Middlewares/Third_Party/FatFs/src/diskio.o
 .debug_line    0x000000000000db4b     0x1af7 Middlewares/Third_Party/FatFs/src/ff.o
 .debug_line    0x000000000000f642      0xaa7 Middlewares/Third_Party/FatFs/src/ff_gen_drv.o
 .debug_line    0x00000000000100e9      0xb34 Src/bsp_driver_sd.o
 .debug_line    0x0000000000010c1d      0x9c0 Src/crc.o
 .debug_line    0x00000000000115dd      0xaae Src/fatfs.o
 .debug_line    0x000000000001208b      0xbef Src/fmc.o
 .debug_line    0x0000000000012c7a      0xbaa Src/gpio.o
 .debug_line    0x0000000000013824      0xba5 Src/main.o
 .debug_line    0x00000000000143c9      0xb21 Src/sd_diskio.o
 .debug_line    0x0000000000014eea      0xb19 Src/sdio.o
 .debug_line    0x0000000000015a03      0x9c2 Src/stm32f4xx_hal_msp.o
 .debug_line    0x00000000000163c5      0x9f4 Src/stm32f4xx_hal_timebase_TIM.o
 .debug_line    0x0000000000016db9      0xa0c Src/stm32f4xx_it.o
 .debug_line    0x00000000000177c5      0x9ec Src/system_stm32f4xx.o
 .debug_line    0x00000000000181b1      0x9d8 Src/tim.o
 .debug_line    0x0000000000018b89       0x7f startup/startup_stm32f429xx.o

.debug_str      0x0000000000000000    0xef330
 .debug_str     0x0000000000000000    0xe5cc7 Drivers/STM32F4xx_HAL_Driver/Src/stm32f4xx_hal.o
                                      0xe65f9 (size before relaxing)
 .debug_str     0x00000000000e5cc7      0x3a7 Drivers/STM32F4xx_HAL_Driver/Src/stm32f4xx_hal_cortex.o
                                      0xe62ed (size before relaxing)
 .debug_str     0x00000000000e606e      0x513 Drivers/STM32F4xx_HAL_Driver/Src/stm32f4xx_hal_dma.o
                                      0xe5dfe (size before relaxing)
 .debug_str     0x00000000000e6581      0x276 Drivers/STM32F4xx_HAL_Driver/Src/stm32f4xx_hal_gpio.o
                                      0xe5c2f (size before relaxing)
 .debug_str     0x00000000000e67f7      0x384 Drivers/STM32F4xx_HAL_Driver/Src/stm32f4xx_hal_rcc.o
                                      0xe5df9 (size before relaxing)
 .debug_str     0x00000000000e6b7b      0xba2 Drivers/STM32F4xx_HAL_Driver/Src/stm32f4xx_hal_sd.o
                                      0xe67d4 (size before relaxing)
 .debug_str     0x00000000000e771d      0x5b1 Drivers/STM32F4xx_HAL_Driver/Src/stm32f4xx_hal_sdram.o
                                      0xe60c5 (size before relaxing)
 .debug_str     0x00000000000e7cce      0xe37 Drivers/STM32F4xx_HAL_Driver/Src/stm32f4xx_hal_tim.o
                                      0xe6a24 (size before relaxing)
 .debug_str     0x00000000000e8b05      0x4e4 Drivers/STM32F4xx_HAL_Driver/Src/stm32f4xx_hal_tim_ex.o
                                      0xe62e4 (size before relaxing)
 .debug_str     0x00000000000e8fe9      0x359 Drivers/STM32F4xx_HAL_Driver/Src/stm32f4xx_ll_exti.o
                                      0xe5bc4 (size before relaxing)
 .debug_str     0x00000000000e9342      0x473 Drivers/STM32F4xx_HAL_Driver/Src/stm32f4xx_ll_fmc.o
                                      0xe603e (size before relaxing)
 .debug_str     0x00000000000e97b5      0x688 Drivers/STM32F4xx_HAL_Driver/Src/stm32f4xx_ll_gpio.o
                                      0xe604f (size before relaxing)
 .debug_str     0x00000000000e9e3d      0x1fc Drivers/STM32F4xx_HAL_Driver/Src/stm32f4xx_ll_sdmmc.o
                                      0xe5e46 (size before relaxing)
 .debug_str     0x00000000000ea039     0x1241 Drivers/STM32F4xx_HAL_Driver/Src/stm32f4xx_ll_tim.o
                                      0xe6d5a (size before relaxing)
 .debug_str     0x00000000000eb27a     0x18ff Drivers/STM32F4xx_HAL_Driver/Src/stm32f4xx_ll_utils.o
                                      0xe72f7 (size before relaxing)
 .debug_str     0x00000000000ecb79      0x8f6 Middlewares/Third_Party/FatFs/src/diskio.o
                                      0xe6128 (size before relaxing)
 .debug_str     0x00000000000ed46f     0x1219 Middlewares/Third_Party/FatFs/src/ff.o
                                      0xe7366 (size before relaxing)
 .debug_str     0x00000000000ee688       0xa2 Middlewares/Third_Party/FatFs/src/ff_gen_drv.o
                                      0xe6179 (size before relaxing)
 .debug_str     0x00000000000ee72a      0x1b5 Src/bsp_driver_sd.o
                                      0xe6174 (size before relaxing)
 .debug_str     0x00000000000ee8df       0x3b Src/crc.o
                                      0xe5976 (size before relaxing)
 .debug_str     0x00000000000ee91a       0x5d Src/fatfs.o
                                      0xe620d (size before relaxing)
 .debug_str     0x00000000000ee977      0x4f6 Src/fmc.o
                                      0xe6414 (size before relaxing)
 .debug_str     0x00000000000eee6d       0x4f Src/gpio.o
                                      0xe5b1c (size before relaxing)
 .debug_str     0x00000000000eeebc      0x195 Src/main.o
                                      0xe74fd (size before relaxing)
 .debug_str     0x00000000000ef051       0x90 Src/sd_diskio.o
                                      0xe6238 (size before relaxing)
 .debug_str     0x00000000000ef0e1       0x5b Src/sdio.o
                                      0xe6fa0 (size before relaxing)
 .debug_str     0x00000000000ef13c       0x1b Src/stm32f4xx_hal_msp.o
                                      0xe5ede (size before relaxing)
 .debug_str     0x00000000000ef157       0x61 Src/stm32f4xx_hal_timebase_TIM.o
                                      0xe6440 (size before relaxing)
 .debug_str     0x00000000000ef1b8       0x67 Src/stm32f4xx_it.o
                                      0xe5f33 (size before relaxing)
 .debug_str     0x00000000000ef21f       0x5a Src/system_stm32f4xx.o
                                      0xe59eb (size before relaxing)
 .debug_str     0x00000000000ef279       0x87 Src/tim.o
                                      0xe5ab1 (size before relaxing)
 .debug_str     0x00000000000ef300       0x30 startup/startup_stm32f429xx.o
                                         0x74 (size before relaxing)

.comment        0x0000000000000000       0x7e
 .comment       0x0000000000000000       0x7e Drivers/STM32F4xx_HAL_Driver/Src/stm32f4xx_hal.o
                                         0x7f (size before relaxing)
 .comment       0x000000000000007e       0x7f Drivers/STM32F4xx_HAL_Driver/Src/stm32f4xx_hal_cortex.o
 .comment       0x000000000000007e       0x7f Drivers/STM32F4xx_HAL_Driver/Src/stm32f4xx_hal_dma.o
 .comment       0x000000000000007e       0x7f Drivers/STM32F4xx_HAL_Driver/Src/stm32f4xx_hal_gpio.o
 .comment       0x000000000000007e       0x7f Drivers/STM32F4xx_HAL_Driver/Src/stm32f4xx_hal_rcc.o
 .comment       0x000000000000007e       0x7f Drivers/STM32F4xx_HAL_Driver/Src/stm32f4xx_hal_sd.o
 .comment       0x000000000000007e       0x7f Drivers/STM32F4xx_HAL_Driver/Src/stm32f4xx_hal_sdram.o
 .comment       0x000000000000007e       0x7f Drivers/STM32F4xx_HAL_Driver/Src/stm32f4xx_hal_tim.o
 .comment       0x000000000000007e       0x7f Drivers/STM32F4xx_HAL_Driver/Src/stm32f4xx_hal_tim_ex.o
 .comment       0x000000000000007e       0x7f Drivers/STM32F4xx_HAL_Driver/Src/stm32f4xx_ll_exti.o
 .comment       0x000000000000007e       0x7f Drivers/STM32F4xx_HAL_Driver/Src/stm32f4xx_ll_fmc.o
 .comment       0x000000000000007e       0x7f Drivers/STM32F4xx_HAL_Driver/Src/stm32f4xx_ll_gpio.o
 .comment       0x000000000000007e       0x7f Drivers/STM32F4xx_HAL_Driver/Src/stm32f4xx_ll_sdmmc.o
 .comment       0x000000000000007e       0x7f Drivers/STM32F4xx_HAL_Driver/Src/stm32f4xx_ll_tim.o
 .comment       0x000000000000007e       0x7f Drivers/STM32F4xx_HAL_Driver/Src/stm32f4xx_ll_utils.o
 .comment       0x000000000000007e       0x7f Middlewares/Third_Party/FatFs/src/diskio.o
 .comment       0x000000000000007e       0x7f Middlewares/Third_Party/FatFs/src/ff.o
 .comment       0x000000000000007e       0x7f Middlewares/Third_Party/FatFs/src/ff_gen_drv.o
 .comment       0x000000000000007e       0x7f Src/bsp_driver_sd.o
 .comment       0x000000000000007e       0x7f Src/crc.o
 .comment       0x000000000000007e       0x7f Src/fatfs.o
 .comment       0x000000000000007e       0x7f Src/fmc.o
 .comment       0x000000000000007e       0x7f Src/gpio.o
 .comment       0x000000000000007e       0x7f Src/main.o
 .comment       0x000000000000007e       0x7f Src/sd_diskio.o
 .comment       0x000000000000007e       0x7f Src/sdio.o
 .comment       0x000000000000007e       0x7f Src/stm32f4xx_hal_msp.o
 .comment       0x000000000000007e       0x7f Src/stm32f4xx_hal_timebase_TIM.o
 .comment       0x000000000000007e       0x7f Src/stm32f4xx_it.o
 .comment       0x000000000000007e       0x7f Src/system_stm32f4xx.o
 .comment       0x000000000000007e       0x7f Src/tim.o

.debug_frame    0x0000000000000000     0x3634
 .debug_frame   0x0000000000000000      0x1ec Drivers/STM32F4xx_HAL_Driver/Src/stm32f4xx_hal.o
 .debug_frame   0x00000000000001ec      0x15c Drivers/STM32F4xx_HAL_Driver/Src/stm32f4xx_hal_cortex.o
 .debug_frame   0x0000000000000348      0x188 Drivers/STM32F4xx_HAL_Driver/Src/stm32f4xx_hal_dma.o
 .debug_frame   0x00000000000004d0       0xd8 Drivers/STM32F4xx_HAL_Driver/Src/stm32f4xx_hal_gpio.o
 .debug_frame   0x00000000000005a8      0x184 Drivers/STM32F4xx_HAL_Driver/Src/stm32f4xx_hal_rcc.o
 .debug_frame   0x000000000000072c      0x4b8 Drivers/STM32F4xx_HAL_Driver/Src/stm32f4xx_hal_sd.o
 .debug_frame   0x0000000000000be4      0x248 Drivers/STM32F4xx_HAL_Driver/Src/stm32f4xx_hal_sdram.o
 .debug_frame   0x0000000000000e2c      0x9d0 Drivers/STM32F4xx_HAL_Driver/Src/stm32f4xx_hal_tim.o
 .debug_frame   0x00000000000017fc      0x384 Drivers/STM32F4xx_HAL_Driver/Src/stm32f4xx_hal_tim_ex.o
 .debug_frame   0x0000000000001b80       0x54 Drivers/STM32F4xx_HAL_Driver/Src/stm32f4xx_ll_exti.o
 .debug_frame   0x0000000000001bd4      0x270 Drivers/STM32F4xx_HAL_Driver/Src/stm32f4xx_ll_fmc.o
 .debug_frame   0x0000000000001e44       0x58 Drivers/STM32F4xx_HAL_Driver/Src/stm32f4xx_ll_gpio.o
 .debug_frame   0x0000000000001e9c      0x494 Drivers/STM32F4xx_HAL_Driver/Src/stm32f4xx_ll_sdmmc.o
 .debug_frame   0x0000000000002330      0x1ec Drivers/STM32F4xx_HAL_Driver/Src/stm32f4xx_ll_tim.o
 .debug_frame   0x000000000000251c       0xd4 Drivers/STM32F4xx_HAL_Driver/Src/stm32f4xx_ll_utils.o
 .debug_frame   0x00000000000025f0       0xa0 Middlewares/Third_Party/FatFs/src/diskio.o
 .debug_frame   0x0000000000002690      0x7e4 Middlewares/Third_Party/FatFs/src/ff.o
 .debug_frame   0x0000000000002e74       0x7c Middlewares/Third_Party/FatFs/src/ff_gen_drv.o
 .debug_frame   0x0000000000002ef0      0x1e0 Src/bsp_driver_sd.o
 .debug_frame   0x00000000000030d0       0x28 Src/crc.o
 .debug_frame   0x00000000000030f8       0x38 Src/fatfs.o
 .debug_frame   0x0000000000003130      0x190 Src/fmc.o
 .debug_frame   0x00000000000032c0       0x40 Src/gpio.o
 .debug_frame   0x0000000000003300       0x70 Src/main.o
 .debug_frame   0x0000000000003370       0xb0 Src/sd_diskio.o
 .debug_frame   0x0000000000003420       0x90 Src/sdio.o
 .debug_frame   0x00000000000034b0       0x30 Src/stm32f4xx_hal_msp.o
 .debug_frame   0x00000000000034e0       0x50 Src/stm32f4xx_hal_timebase_TIM.o
 .debug_frame   0x0000000000003530       0x78 Src/stm32f4xx_it.o
 .debug_frame   0x00000000000035a8       0x30 Src/system_stm32f4xx.o
 .debug_frame   0x00000000000035d8       0x30 Src/tim.o
 .debug_frame   0x0000000000003608       0x2c /Applications/Eclipse.app/Contents/Eclipse/plugins/fr.ac6.mcu.externaltools.arm-none.macos64_1.16.0.201807130628/tools/compiler/bin/../lib/gcc/arm-none-eabi/7.2.1/../../../../arm-none-eabi/lib/thumb/v7e-m/fpv4-sp/hard/libc_nano.a(lib_a-init.o)